MPLINK 4.48, Linker
Linker Map File - Created Thu Aug 06 20:25:14 2015

                                 Section Info
                  Section       Type    Address   Location Size(Bytes)
                ---------  ---------  ---------  ---------  ---------
               _entry_scn       code   0x000000    program   0x000006
           .code___init.o       code   0x000006    program   0x000002
              high_vector       code   0x000008    program   0x000030
                   .cinit    romdata   0x000038    program   0x0000b6
         .code_math_fun.o       code   0x0000ee    program   0x000bc4
              .code_app.o       code   0x000cb2    program   0x000b4e
       .code_rtc_driver.o       code   0x001800    program   0x000934
    .code_mbfuncholding.o       code   0x002134    program   0x00090e
      .code_mbfunccoils.o       code   0x002a42    program   0x000612
               .code_mb.o       code   0x003054    program   0x000606
     .code_digitdisplay.o       code   0x00365a    program   0x0005fa
            .code_mbrtu.o       code   0x003c54    program   0x000510
          .code_mbutils.o       code   0x004164    program   0x0003a4
     .code_linearkeypad.o       code   0x004508    program   0x000302
       .code_portserial.o       code   0x00480a    program   0x0002be
            .code_timer.o       code   0x004ac8    program   0x000294
       .code_mbfuncdisc.o       code   0x004d5c    program   0x000270
      .code_mbfuncinput.o       code   0x004fcc    program   0x000258
       .code_i2c_driver.o       code   0x005224    program   0x000246
         .romdata_mbcrc.o    romdata   0x00546a    program   0x000200
      .code_mbfuncother.o       code   0x00566a    program   0x000166
            .code_mbcrc.o       code   0x0057d0    program   0x0000fc
        .code_porttimer.o       code   0x0058cc    program   0x0000f6
             .code_main.o       code   0x0059c2    program   0x0000d0
               _cinit_scn       code   0x005a92    program   0x00009e
          .code_adc_ide.o       code   0x005b30    program   0x000098
            .code_uopen.o       code   0x005bc8    program   0x00008a
                     PROG       code   0x005c52    program   0x000088
          .code_write_B.o       code   0x005cda    program   0x000078
          .code_fxm3232.o       code   0x005d52    program   0x000070
          .code_adcopen.o       code   0x005dc2    program   0x00006e
        .code_portevent.o       code   0x005e30    program   0x000060
           .code_read_B.o       code   0x005e90    program   0x00005c
                   STRING       code   0x005eec    program   0x000056
             .stringtable    romdata   0x005f42    program   0x00004c
         .code_fxd3232u.o       code   0x005f8e    program   0x000048
           .code_t3open.o       code   0x005fd6    program   0x000042
           .code_t1open.o       code   0x006018    program   0x000042
            .code_uread.o       code   0x00605a    program   0x00003e
          .code_t3write.o       code   0x006098    program   0x000038
          .code_t1write.o       code   0x0060d0    program   0x000038
          .code_t0write.o       code   0x006108    program   0x000038
           .code_t0open.o       code   0x006140    program   0x000038
         .code_fxd1616u.o       code   0x006178    program   0x00002c
            .code_board.o       code   0x0061a4    program   0x000022
                    .code       code   0x0061c6    program   0x000020
             _startup_scn       code   0x0061e6    program   0x00001c
         .code_fxd0808u.o       code   0x006202    program   0x00001c
        .code_heartBeat.o       code   0x00621e    program   0x00001a
              D10TCYXCODE       code   0x006238    program   0x000016
          .code_adcread.o       code   0x00624e    program   0x000012
         .code_busy_eep.o       code   0x006260    program   0x000006
          .code_adcconv.o       code   0x006266    program   0x000004
               app_data_i    romdata   0x00626a    program   0x000025
               TMR_DATA_i    romdata   0x00628f    program   0x000008
               RTC_DATA_i    romdata   0x006297    program   0x000008
          LINEAR_KEYPAD_i    romdata   0x00629f    program   0x000010
           DISPLAY_DATA_i    romdata   0x0062af    program   0x00001d
         .idata_uread.o_i    romdata   0x0062cc    program   0x000000
         .romdata_uread.o    romdata   0x0062cc    program   0x000000
         .romdata_timer.o    romdata   0x0062cc    program   0x000000
    .romdata_rtc_driver.o    romdata   0x0062cc    program   0x000000
      .romdata_math_fun.o    romdata   0x0062cc    program   0x000000
    .romdata_i2c_driver.o    romdata   0x0062cc    program   0x000000
         .idata_timer.o_i    romdata   0x0062cc    program   0x00000c
         .romdata_c018i.o    romdata   0x0062cc    program   0x000000
         .idata_udefs.o_i    romdata   0x0062cc    program   0x000000
      .romdata_busy_eep.o    romdata   0x0062cc    program   0x000000
       .romdata_adcconv.o    romdata   0x0062cc    program   0x000000
      .romdata_fxd0808u.o    romdata   0x0062cc    program   0x000000
       .romdata_adcread.o    romdata   0x0062cc    program   0x000000
      .romdata_fxd1616u.o    romdata   0x0062cc    program   0x000000
         .romdata_uopen.o    romdata   0x0062cc    program   0x000000
      .romdata_fxd3232u.o    romdata   0x0062cc    program   0x000000
         .idata_uopen.o_i    romdata   0x0062cc    program   0x000000
        .romdata_t3open.o    romdata   0x0062cc    program   0x000000
       .romdata_fxm3232.o    romdata   0x0062cc    program   0x000000
        .romdata_t1open.o    romdata   0x0062cc    program   0x000000
        .romdata_read_B.o    romdata   0x0062cc    program   0x000000
       .romdata_adcopen.o    romdata   0x0062cc    program   0x000000
        .romdata_t0open.o    romdata   0x0062cc    program   0x000000
       .romdata_write_B.o    romdata   0x0062cc    program   0x000000
.romdata_interruptvector.o    romdata   0x0062cc    program   0x000000
     .romdata_heartBeat.o    romdata   0x0062cc    program   0x000000
  .romdata_digitdisplay.o    romdata   0x0062cc    program   0x000000
         .romdata_board.o    romdata   0x0062cc    program   0x000000
   .romdata_mbfunccoils.o    romdata   0x0062cc    program   0x000000
           .romdata_app.o    romdata   0x0062cc    program   0x000000
        .romdata___init.o    romdata   0x0062cc    program   0x000000
       .romdata_adc_ide.o    romdata   0x0062cc    program   0x000000
    .romdata_mbfuncdisc.o    romdata   0x0062cc    program   0x000000
     .romdata_porttimer.o    romdata   0x0062cc    program   0x000000
    .romdata_portserial.o    romdata   0x0062cc    program   0x000000
     .romdata_portevent.o    romdata   0x0062cc    program   0x000000
 .romdata_mbfuncholding.o    romdata   0x0062cc    program   0x000000
            .romdata_mb.o    romdata   0x0062cc    program   0x000000
       .romdata_mbutils.o    romdata   0x0062cc    program   0x000000
   .romdata_mbfuncinput.o    romdata   0x0062cc    program   0x000000
   .romdata_mbfuncother.o    romdata   0x0062cc    program   0x000000
         .romdata_udefs.o    romdata   0x0062cc    program   0x000000
       .romdata_t0write.o    romdata   0x0062cc    program   0x000000
       .romdata_t1write.o    romdata   0x0062cc    program   0x000000
       .romdata_t3write.o    romdata   0x0062cc    program   0x000000
       .idata_write_B.o_i    romdata   0x0062cc    program   0x000000
          .romdata_main.o    romdata   0x0062cc    program   0x000000
         .romdata_mbrtu.o    romdata   0x0062cc    program   0x000000
  .romdata_linearkeypad.o    romdata   0x0062cc    program   0x000000
       .idata_t3write.o_i    romdata   0x0062d8    program   0x000000
        .idata_t1open.o_i    romdata   0x0062d8    program   0x000000
       .idata_t0write.o_i    romdata   0x0062d8    program   0x000000
        .idata_t0open.o_i    romdata   0x0062d8    program   0x000000
    .idata_rtc_driver.o_i    romdata   0x0062d8    program   0x000027
       .idata_t1write.o_i    romdata   0x0062d8    program   0x000000
        .idata_t3open.o_i    romdata   0x0062d8    program   0x000000
     .idata_porttimer.o_i    romdata   0x0062ff    program   0x000000
    .idata_portserial.o_i    romdata   0x0062ff    program   0x000000
     .idata_portevent.o_i    romdata   0x0062ff    program   0x000000
        .idata_read_B.o_i    romdata   0x0062ff    program   0x000000
       .idata_mbutils.o_i    romdata   0x0062ff    program   0x000000
         .idata_mbrtu.o_i    romdata   0x0062ff    program   0x000002
            .idata_mb.o_i    romdata   0x006301    program   0x000041
   .idata_mbfuncinput.o_i    romdata   0x006301    program   0x000000
   .idata_mbfuncother.o_i    romdata   0x006301    program   0x000000
 .idata_mbfuncholding.o_i    romdata   0x006301    program   0x000000
    .idata_mbfuncdisc.o_i    romdata   0x006301    program   0x000000
         .idata_mbcrc.o_i    romdata   0x006301    program   0x000000
   .idata_mbfunccoils.o_i    romdata   0x006301    program   0x000000
      .idata_math_fun.o_i    romdata   0x006342    program   0x000000
          .idata_main.o_i    romdata   0x006342    program   0x000009
  .idata_linearkeypad.o_i    romdata   0x00634b    program   0x000023
    .idata_i2c_driver.o_i    romdata   0x00636e    program   0x000000
     .idata_heartBeat.o_i    romdata   0x00636e    program   0x000001
.idata_interruptvector.o_i    romdata   0x00636e    program   0x000000
       .idata_fxm3232.o_i    romdata   0x00636f    program   0x000000
      .idata_fxd0808u.o_i    romdata   0x00636f    program   0x000000
      .idata_fxd3232u.o_i    romdata   0x00636f    program   0x000000
      .idata_fxd1616u.o_i    romdata   0x00636f    program   0x000000
  .idata_digitdisplay.o_i    romdata   0x00636f    program   0x00000b
         .idata_c018i.o_i    romdata   0x00637a    program   0x000000
           .idata_app.o_i    romdata   0x00637a    program   0x000009
      .idata_busy_eep.o_i    romdata   0x00637a    program   0x000000
         .idata_board.o_i    romdata   0x00637a    program   0x000000
       .idata_adc_ide.o_i    romdata   0x006383    program   0x000006
       .idata_adcread.o_i    romdata   0x006383    program   0x000000
       .idata_adcopen.o_i    romdata   0x006383    program   0x000000
       .idata_adcconv.o_i    romdata   0x006383    program   0x000000
        .idata___init.o_i    romdata   0x006389    program   0x000000
            .code_c018i.o       code   0x00638a    program   0x000000
  .code_interruptvector.o       code   0x00638a    program   0x000000
            .code_udefs.o       code   0x00638a    program   0x000000
    .config_300001_main.o    romdata   0x300001    program   0x000001
    .config_300002_main.o    romdata   0x300002    program   0x000001
    .config_300003_main.o    romdata   0x300003    program   0x000001
    .config_300005_main.o    romdata   0x300005    program   0x000001
    .config_300006_main.o    romdata   0x300006    program   0x000001
    .config_300008_main.o    romdata   0x300008    program   0x000001
    .config_300009_main.o    romdata   0x300009    program   0x000001
    .config_30000a_main.o    romdata   0x30000a    program   0x000001
    .config_30000b_main.o    romdata   0x30000b    program   0x000001
    .config_30000c_main.o    romdata   0x30000c    program   0x000001
    .config_30000d_main.o    romdata   0x30000d    program   0x000001
                MATH_DATA      udata   0x000000       data   0x000014
                 .tmpdata      udata   0x000014       data   0x000008
              .idata_mb.o      idata   0x000080       data   0x000041
              .udata_mb.o      udata   0x0000c1       data   0x000027
    .idata_digitdisplay.o      idata   0x0000e8       data   0x00000b
      .udata_rtc_driver.o      udata   0x0000f3       data   0x000009
       .udata_portevent.o      udata   0x0000fc       data   0x000002
             .udata_app.o      udata   0x0000fe       data   0x000002
                 app_data      idata   0x000200       data   0x000025
            .idata_main.o      idata   0x000225       data   0x000009
             .idata_app.o      idata   0x00022e       data   0x000009
           .idata_mbrtu.o      idata   0x000237       data   0x000002
           .udata_udefs.o      udata   0x000239       data   0x000001
           .udata_board.o      udata   0x00023a       data   0x000001
       .idata_heartBeat.o      idata   0x00023b       data   0x000001
         .idata_adcconv.o      idata   0x00023c       data   0x000000
        .udata_fxd0808u.o      udata   0x00023c       data   0x000000
        .idata_fxd0808u.o      idata   0x00023c       data   0x000000
         .udata_adcconv.o      udata   0x00023c       data   0x000000
        .idata_busy_eep.o      idata   0x00023c       data   0x000000
        .udata_busy_eep.o      udata   0x00023c       data   0x000000
        .idata_math_fun.o      idata   0x00023c       data   0x000000
        .udata_math_fun.o      udata   0x00023c       data   0x000000
           .idata_udefs.o      idata   0x00023c       data   0x000000
         .udata_t0write.o      udata   0x00023c       data   0x000000
      .idata_i2c_driver.o      idata   0x00023c       data   0x000000
      .udata_i2c_driver.o      udata   0x00023c       data   0x000000
         .idata_t0write.o      idata   0x00023c       data   0x000000
          .idata_read_B.o      idata   0x00023c       data   0x000000
          .udata_read_B.o      udata   0x00023c       data   0x000000
           .idata_uread.o      idata   0x00023c       data   0x000000
           .udata_uread.o      udata   0x00023c       data   0x000000
         .idata_adcread.o      idata   0x00023c       data   0x000000
         .udata_adcread.o      udata   0x00023c       data   0x000000
           .idata_uopen.o      idata   0x00023c       data   0x000000
           .udata_uopen.o      udata   0x00023c       data   0x000000
          .idata_t3open.o      idata   0x00023c       data   0x000000
          .udata_t3open.o      udata   0x00023c       data   0x000000
          .idata_t1open.o      idata   0x00023c       data   0x000000
          .udata_t1open.o      udata   0x00023c       data   0x000000
          .idata_t0open.o      idata   0x00023c       data   0x000000
          .udata_t0open.o      udata   0x00023c       data   0x000000
         .idata_adcopen.o      idata   0x00023c       data   0x000000
         .udata_adcopen.o      udata   0x00023c       data   0x000000
         .idata_fxm3232.o      idata   0x00023c       data   0x000000
         .udata_fxm3232.o      udata   0x00023c       data   0x000000
        .idata_fxd3232u.o      idata   0x00023c       data   0x000000
        .udata_fxd3232u.o      udata   0x00023c       data   0x000000
        .idata_fxd1616u.o      idata   0x00023c       data   0x000000
        .udata_fxd1616u.o      udata   0x00023c       data   0x000000
         .idata_mbutils.o      idata   0x00023c       data   0x000000
         .udata_mbutils.o      udata   0x00023c       data   0x000000
     .idata_mbfuncother.o      idata   0x00023c       data   0x000000
         .idata_write_B.o      idata   0x00023c       data   0x000000
     .idata_mbfuncinput.o      idata   0x00023c       data   0x000000
     .udata_mbfuncinput.o      udata   0x00023c       data   0x000000
   .idata_mbfuncholding.o      idata   0x00023c       data   0x000000
   .udata_mbfuncholding.o      udata   0x00023c       data   0x000000
      .idata_mbfuncdisc.o      idata   0x00023c       data   0x000000
      .udata_mbfuncdisc.o      udata   0x00023c       data   0x000000
     .idata_mbfunccoils.o      idata   0x00023c       data   0x000000
     .udata_mbfunccoils.o      udata   0x00023c       data   0x000000
          .udata___init.o      udata   0x00023c       data   0x000000
           .udata_mbrtu.o      udata   0x00023c       data   0x000000
           .idata_mbcrc.o      idata   0x00023c       data   0x000000
           .udata_mbcrc.o      udata   0x00023c       data   0x000000
           .idata_c018i.o      idata   0x00023c       data   0x000000
          .idata___init.o      idata   0x00023c       data   0x000000
         .udata_t1write.o      udata   0x00023c       data   0x000000
           .udata_timer.o      udata   0x00023c       data   0x000000
            .udata_main.o      udata   0x00023c       data   0x000000
         .idata_t1write.o      idata   0x00023c       data   0x000000
         .udata_t3write.o      udata   0x00023c       data   0x000000
    .udata_linearkeypad.o      udata   0x00023c       data   0x000000
 .idata_interruptvector.o      idata   0x00023c       data   0x000000
 .udata_interruptvector.o      udata   0x00023c       data   0x000000
       .udata_heartBeat.o      udata   0x00023c       data   0x000000
    .udata_digitdisplay.o      udata   0x00023c       data   0x000000
           .idata_board.o      idata   0x00023c       data   0x000000
         .idata_t3write.o      idata   0x00023c       data   0x000000
         .udata_adc_ide.o      udata   0x00023c       data   0x000000
       .idata_porttimer.o      idata   0x00023c       data   0x000000
         .udata_write_B.o      udata   0x00023c       data   0x000000
      .idata_portserial.o      idata   0x00023c       data   0x000000
      .udata_portserial.o      udata   0x00023c       data   0x000000
       .idata_portevent.o      idata   0x00023c       data   0x000000
             DISPLAY_DATA      idata   0x000400       data   0x00001d
                 TMR_DATA      idata   0x000600       data   0x000008
                 RTC_DATA      idata   0x000700       data   0x000008
            LINEAR_KEYPAD      idata   0x000708       data   0x000010
                 RTU_DATA      udata   0x000800       data   0x0000f6
           .udata_c018i.o      udata   0x0008f6       data   0x00000a
                   .stack      udata   0x000e00       data   0x000100
      .idata_rtc_driver.o      idata   0x000f00       data   0x000027
    .idata_linearkeypad.o      idata   0x000f27       data   0x000023
     .udata_mbfuncother.o      udata   0x000f4a       data   0x000022
           .idata_timer.o      idata   0x000f6c       data   0x00000c
         .idata_adc_ide.o      idata   0x000f78       data   0x000006
       .udata_porttimer.o      udata   0x000f7e       data   0x000002
            SFR_UNBANKED0      udata   0x000f80       data   0x000080



                              Program Memory Usage 
                               Start         End      
                           ---------   ---------      
                            0x000000    0x006388      
                            0x300001    0x300003      
                            0x300005    0x300006      
                            0x300008    0x30000d      
            25492 out of 66584 program addresses used, program memory utilization is 38%



                              Symbols - Sorted by Name
                     Name    Address   Location    Storage File                     
                ---------  ---------  ---------  --------- ---------                
            ADC_getResult   0x005ba2    program     extern D:\jo\Ideonics\Repository\PressureDisplay\PressureDisplay\source\adc_ide.c
                 ADC_init   0x005b30    program     extern D:\jo\Ideonics\Repository\PressureDisplay\PressureDisplay\source\adc_ide.c
            ADC_interrupt   0x005bae    program     extern D:\jo\Ideonics\Repository\PressureDisplay\PressureDisplay\source\adc_ide.c
                 ADC_task   0x005b4e    program     extern D:\jo\Ideonics\Repository\PressureDisplay\PressureDisplay\source\adc_ide.c
                 APP_init   0x000cb2    program     extern D:\jo\Ideonics\Repository\PressureDisplay\PressureDisplay\source\app.c
                 APP_task   0x000d56    program     extern D:\jo\Ideonics\Repository\PressureDisplay\PressureDisplay\source\app.c
            ASCII_decimal   0x00152e    program     extern D:\jo\Ideonics\Repository\PressureDisplay\PressureDisplay\source\app.c
                  BCD2HEX   0x00017c    program     extern D:\jo\Ideonics\Repository\PressureDisplay\PressureDisplay\source\math_fun.c
                 BCDtoBin   0x000b28    program     extern D:\jo\Ideonics\Repository\PressureDisplay\PressureDisplay\source\math_fun.c
                 BRD_init   0x0061a4    program     extern D:\jo\Ideonics\Repository\PressureDisplay\PressureDisplay\source\board.c
                 BinToBCD   0x000b56    program     extern D:\jo\Ideonics\Repository\PressureDisplay\PressureDisplay\source\math_fun.c
                 Busy_eep   0x006260    program     extern E:\c18v3.46\pic18-lt\cxx-framework\src\pmc_common\EEP\busy_eep.c
               ConvertADC   0x006266    program     extern E:\c18v3.46\pic18-lt\cxx-framework\src\pmc_common\ADC\adcconv.c
ConvertAndDisplay16BitValue   0x00021a    program     extern D:\jo\Ideonics\Repository\PressureDisplay\PressureDisplay\source\math_fun.c
ConvertAndDisplay32BitValue   0x0005e6    program     extern D:\jo\Ideonics\Repository\PressureDisplay\PressureDisplay\source\math_fun.c
ConvertAndDisplay8BitValue   0x0004aa    program     extern D:\jo\Ideonics\Repository\PressureDisplay\PressureDisplay\source\math_fun.c
           ConvertBCD2HEX   0x0000ee    program     extern D:\jo\Ideonics\Repository\PressureDisplay\PressureDisplay\source\math_fun.c
  ConvertHour12to24Format   0x001e2e    program     extern D:\jo\Ideonics\Repository\PressureDisplay\PressureDisplay\source\rtc_driver.c
  ConvertTime12to24Format   0x001cd4    program     extern D:\jo\Ideonics\Repository\PressureDisplay\PressureDisplay\source\rtc_driver.c
  ConvertTime24to12Format   0x001b44    program     extern D:\jo\Ideonics\Repository\PressureDisplay\PressureDisplay\source\rtc_driver.c
ConvertUnPackedAsciiToPacked16BitHexValue   0x000b9c    program     extern D:\jo\Ideonics\Repository\PressureDisplay\PressureDisplay\source\math_fun.c
                    D10_1   0x006248    program     static E:\c18v3.46\pic18-lt\cxx-framework\src\traditional\delays\d10tcyx.asm
                     D10x   0x006240    program     static E:\c18v3.46\pic18-lt\cxx-framework\src\traditional\delays\d10tcyx.asm
                   D1616S   0x005c74    program     static E:\c18v3.46\pic18-lt\cxx-framework\src\traditional\math\fxd1616s.asm
                D1616SNEG   0x005c82    program     static E:\c18v3.46\pic18-lt\cxx-framework\src\traditional\math\fxd1616s.asm
                 D1616SOK   0x005c7e    program     static E:\c18v3.46\pic18-lt\cxx-framework\src\traditional\math\fxd1616s.asm
                  D1616SX   0x005c94    program     static E:\c18v3.46\pic18-lt\cxx-framework\src\traditional\math\fxd1616s.asm
                  DA1616S   0x005c64    program     static E:\c18v3.46\pic18-lt\cxx-framework\src\traditional\math\fxd1616s.asm
              Delay10TCYx   0x006238    program     extern E:\c18v3.46\pic18-lt\cxx-framework\src\traditional\delays\d10tcyx.asm
    DigitDisplay_blinkOff   0x00395e    program     extern D:\jo\Ideonics\Repository\PressureDisplay\PressureDisplay\source\digitdisplay.c
     DigitDisplay_blinkOn   0x003926    program     extern D:\jo\Ideonics\Repository\PressureDisplay\PressureDisplay\source\digitdisplay.c
 DigitDisplay_blinkOn_ind   0x003a46    program     extern D:\jo\Ideonics\Repository\PressureDisplay\PressureDisplay\source\digitdisplay.c
       DigitDisplay_clear   0x00396c    program     extern D:\jo\Ideonics\Repository\PressureDisplay\PressureDisplay\source\digitdisplay.c
  DigitDisplay_dotBlinkOn   0x003ae6    program     extern D:\jo\Ideonics\Repository\PressureDisplay\PressureDisplay\source\digitdisplay.c
      DigitDisplay_dotOff   0x003ae0    program     extern D:\jo\Ideonics\Repository\PressureDisplay\PressureDisplay\source\digitdisplay.c
       DigitDisplay_dotOn   0x003ad8    program     extern D:\jo\Ideonics\Repository\PressureDisplay\PressureDisplay\source\digitdisplay.c
        DigitDisplay_init   0x00365a    program     extern D:\jo\Ideonics\Repository\PressureDisplay\PressureDisplay\source\digitdisplay.c
        DigitDisplay_task   0x0036bc    program     extern D:\jo\Ideonics\Repository\PressureDisplay\PressureDisplay\source\digitdisplay.c
DigitDisplay_updateBuffer   0x003784    program     extern D:\jo\Ideonics\Repository\PressureDisplay\PressureDisplay\source\digitdisplay.c
DigitDisplay_updateBufferBinary   0x00384e    program     extern D:\jo\Ideonics\Repository\PressureDisplay\PressureDisplay\source\digitdisplay.c
DigitDisplay_updateBuffer_noValidation   0x003b4e    program     extern D:\jo\Ideonics\Repository\PressureDisplay\PressureDisplay\source\digitdisplay.c
 DigitDisplay_updateDigit   0x0038a2    program     extern D:\jo\Ideonics\Repository\PressureDisplay\PressureDisplay\source\digitdisplay.c
         EnableInterrupts   0x000032    program     extern D:\jo\Ideonics\Repository\PressureDisplay\PressureDisplay\source\interruptvector.c
                 FXD0808U   0x006202    program     extern E:\c18v3.46\pic18-lt\cxx-framework\src\traditional\math\fxd0808u.c
                 FXD1616S   0x005c52    program     extern E:\c18v3.46\pic18-lt\cxx-framework\src\traditional\math\fxd1616s.asm
                 FXD1616U   0x006178    program     extern E:\c18v3.46\pic18-lt\cxx-framework\src\traditional\math\fxd1616u.c
                 FXD3232U   0x005f8e    program     extern E:\c18v3.46\pic18-lt\cxx-framework\src\traditional\math\fxd3232u.c
                 FXM1616U   0x005c9e    program     extern E:\c18v3.46\pic18-lt\cxx-framework\src\traditional\math\fxm1616u.asm
                  FXM3232   0x005d52    program     extern E:\c18v3.46\pic18-lt\cxx-framework\src\traditional\math\fxm3232.c
               GetAppTime   0x004cfc    program     extern D:\jo\Ideonics\Repository\PressureDisplay\PressureDisplay\source\timer.c
                  HB_init   0x00621e    program     extern D:\jo\Ideonics\Repository\PressureDisplay\PressureDisplay\source\heartBeat.c
                  HB_task   0x006224    program     extern D:\jo\Ideonics\Repository\PressureDisplay\PressureDisplay\source\heartBeat.c
                  HEX2BCD   0x0001b6    program     extern D:\jo\Ideonics\Repository\PressureDisplay\PressureDisplay\source\math_fun.c
            InitializeI2C   0x005224    program     extern D:\jo\Ideonics\Repository\PressureDisplay\PressureDisplay\source\i2c_driver.c
            InitializeRtc   0x0020ba    program     extern D:\jo\Ideonics\Repository\PressureDisplay\PressureDisplay\source\rtc_driver.c
                  Int2Day   0x001800    program     extern D:\jo\Ideonics\Repository\PressureDisplay\PressureDisplay\source\rtc_driver.c
                Int2Month   0x001838    program     extern D:\jo\Ideonics\Repository\PressureDisplay\PressureDisplay\source\rtc_driver.c
 LinearKeyPad_getKeyState   0x0045de    program     extern D:\jo\Ideonics\Repository\PressureDisplay\PressureDisplay\source\linearkeypad.c
        LinearKeyPad_init   0x004508    program     extern D:\jo\Ideonics\Repository\PressureDisplay\PressureDisplay\source\linearkeypad.c
       LinearKeyPad_reset   0x004606    program     extern D:\jo\Ideonics\Repository\PressureDisplay\PressureDisplay\source\linearkeypad.c
        LinearKeyPad_scan   0x004590    program     extern D:\jo\Ideonics\Repository\PressureDisplay\PressureDisplay\source\linearkeypad.c
LinearKeyPad_scan_from_to   0x004538    program     extern D:\jo\Ideonics\Repository\PressureDisplay\PressureDisplay\source\linearkeypad.c
   LinearKeyPad_updateKey   0x00450c    program     extern D:\jo\Ideonics\Repository\PressureDisplay\PressureDisplay\source\linearkeypad.c
                  OpenADC   0x005dc2    program     extern E:\c18v3.46\pic18-lt\cxx-framework\src\pmc_common\ADC\adcopen.c
               OpenTimer0   0x006140    program     extern E:\c18v3.46\pic18-lt\cxx-framework\src\pmc_common\Timers\t0open.c
               OpenTimer1   0x006018    program     extern E:\c18v3.46\pic18-lt\cxx-framework\src\pmc_common\Timers\t1open.c
               OpenTimer3   0x005fd6    program     extern E:\c18v3.46\pic18-lt\cxx-framework\src\pmc_common\Timers\t3open.c
                OpenUSART   0x005bc8    program     extern E:\c18v3.46\pic18-lt\cxx-framework\src\pmc_common\USART\uopen.c
                  ReadADC   0x00624e    program     extern E:\c18v3.46\pic18-lt\cxx-framework\src\pmc_common\ADC\adcread.c
              ReadByteI2C   0x0053f4    program     extern D:\jo\Ideonics\Repository\PressureDisplay\PressureDisplay\source\i2c_driver.c
                  ReadI2C   0x005352    program     extern D:\jo\Ideonics\Repository\PressureDisplay\PressureDisplay\source\i2c_driver.c
       ReadRtcTimeAndDate   0x00187e    program     extern D:\jo\Ideonics\Repository\PressureDisplay\PressureDisplay\source\rtc_driver.c
                ReadUSART   0x00605a    program     extern E:\c18v3.46\pic18-lt\cxx-framework\src\pmc_common\USART\uread.c
               Read_b_eep   0x005e90    program     extern E:\c18v3.46\pic18-lt\cxx-framework\src\pmc_common\EEP\read_B.c
             ResetAppTime   0x004d4c    program     extern D:\jo\Ideonics\Repository\PressureDisplay\PressureDisplay\source\timer.c
                 ResetI2C   0x005288    program     extern D:\jo\Ideonics\Repository\PressureDisplay\PressureDisplay\source\i2c_driver.c
              SetHourMode   0x001ada    program     extern D:\jo\Ideonics\Repository\PressureDisplay\PressureDisplay\source\rtc_driver.c
                 StartI2C   0x00523c    program     extern D:\jo\Ideonics\Repository\PressureDisplay\PressureDisplay\source\i2c_driver.c
                  StopI2C   0x005268    program     extern D:\jo\Ideonics\Repository\PressureDisplay\PressureDisplay\source\i2c_driver.c
          StoreSystemDate   0x001f8a    program     extern D:\jo\Ideonics\Repository\PressureDisplay\PressureDisplay\source\rtc_driver.c
           StoreSystemDay   0x002082    program     extern D:\jo\Ideonics\Repository\PressureDisplay\PressureDisplay\source\rtc_driver.c
          StoreSystemTime   0x001e94    program     extern D:\jo\Ideonics\Repository\PressureDisplay\PressureDisplay\source\rtc_driver.c
                 TMR0_ISR   0x004ac8    program     extern D:\jo\Ideonics\Repository\PressureDisplay\PressureDisplay\source\timer.c
                TMR0_init   0x004c6e    program     extern D:\jo\Ideonics\Repository\PressureDisplay\PressureDisplay\source\timer.c
                 TMR1_ISR   0x004bb4    program     extern D:\jo\Ideonics\Repository\PressureDisplay\PressureDisplay\source\timer.c
                TMR1_init   0x004cb4    program     extern D:\jo\Ideonics\Repository\PressureDisplay\PressureDisplay\source\timer.c
  UpdateRealTimeClockTask   0x00210e    program     extern D:\jo\Ideonics\Repository\PressureDisplay\PressureDisplay\source\rtc_driver.c
             WriteByteI2C   0x005438    program     extern D:\jo\Ideonics\Repository\PressureDisplay\PressureDisplay\source\i2c_driver.c
                 WriteI2C   0x0052c4    program     extern D:\jo\Ideonics\Repository\PressureDisplay\PressureDisplay\source\i2c_driver.c
      WriteRtcTimeAndDate   0x0019ce    program     extern D:\jo\Ideonics\Repository\PressureDisplay\PressureDisplay\source\rtc_driver.c
              WriteTimer0   0x006108    program     extern E:\c18v3.46\pic18-lt\cxx-framework\src\pmc_common\Timers\t0write.c
              WriteTimer1   0x0060d0    program     extern E:\c18v3.46\pic18-lt\cxx-framework\src\pmc_common\Timers\t1write.c
              WriteTimer3   0x006098    program     extern E:\c18v3.46\pic18-lt\cxx-framework\src\pmc_common\Timers\t3write.c
              Write_b_eep   0x005cda    program     extern E:\c18v3.46\pic18-lt\cxx-framework\src\pmc_common\EEP\write_B.c
              _4jContinue   0x005f20    program     static E:\c18v3.46\pic18-lt\cxx-framework\src\traditional\stdclib\memcpy.asm
                   _5jEnd   0x005f2a    program     static E:\c18v3.46\pic18-lt\cxx-framework\src\traditional\stdclib\memcpy.asm
        _D10TCYXCODE_000A   0x006242    program     static E:\c18v3.46\pic18-lt\cxx-framework\src\traditional\delays\d10tcyx.asm
        _D10TCYXCODE_000C   0x006244    program     static E:\c18v3.46\pic18-lt\cxx-framework\src\traditional\delays\d10tcyx.asm
        _D10TCYXCODE_000E   0x006246    program     static E:\c18v3.46\pic18-lt\cxx-framework\src\traditional\delays\d10tcyx.asm
           ___if_lbl00001   0x000010    program     static                          
           ___if_lbl00002   0x000018    program     static                          
           ___if_lbl00003   0x000020    program     static                          
           ___if_lbl00003   0x005a44    program     static                          
           ___if_lbl00004   0x000028    program     static                          
           ___if_lbl00004   0x005a60    program     static                          
           ___if_lbl00005   0x000030    program     static                          
           ___if_lbl00005   0x005a76    program     static                          
       ___return_lbl00000   0x005a7e    program     static                          
       ___return_lbl00000   0x000004    program     static                          
       ___return_lbl00000   0x005ee0    program     static                          
       ___return_lbl00000   0x000030    program     static                          
       ___return_lbl00000   0x005dc0    program     static                          
       ___return_lbl00000   0x005fd4    program     static                          
       ___return_lbl00000   0x0061a2    program     static                          
       ___return_lbl00000   0x00621c    program     static                          
       ___return_lbl00001   0x006200    program     static                          
       ___return_lbl00002   0x005b2e    program     static                          
        ___while_lbl00001   0x005a2a    program     static                          
        ___while_lbl00002   0x005a7e    program     static                          
               __config_0   0x300001    program     static D:\jo\Ideonics\Repository\PressureDisplay\PressureDisplay\source\main.c
               __config_1   0x300002    program     static D:\jo\Ideonics\Repository\PressureDisplay\PressureDisplay\source\main.c
              __config_10   0x30000d    program     static D:\jo\Ideonics\Repository\PressureDisplay\PressureDisplay\source\main.c
               __config_2   0x300003    program     static D:\jo\Ideonics\Repository\PressureDisplay\PressureDisplay\source\main.c
               __config_3   0x300005    program     static D:\jo\Ideonics\Repository\PressureDisplay\PressureDisplay\source\main.c
               __config_4   0x300006    program     static D:\jo\Ideonics\Repository\PressureDisplay\PressureDisplay\source\main.c
               __config_5   0x300008    program     static D:\jo\Ideonics\Repository\PressureDisplay\PressureDisplay\source\main.c
               __config_6   0x300009    program     static D:\jo\Ideonics\Repository\PressureDisplay\PressureDisplay\source\main.c
               __config_7   0x30000a    program     static D:\jo\Ideonics\Repository\PressureDisplay\PressureDisplay\source\main.c
               __config_8   0x30000b    program     static D:\jo\Ideonics\Repository\PressureDisplay\PressureDisplay\source\main.c
               __config_9   0x30000c    program     static D:\jo\Ideonics\Repository\PressureDisplay\PressureDisplay\source\main.c
                   __init   0x000006    program     extern E:\c18v3.46\pic18-lt\cxx-framework\src\traditional\stdclib\__init.c
               __string_0   0x005f8a    program     static D:\jo\Ideonics\Repository\PressureDisplay\PressureDisplay\source\rtc_driver.c
               __string_1   0x005f86    program     static D:\jo\Ideonics\Repository\PressureDisplay\PressureDisplay\source\rtc_driver.c
              __string_10   0x005f62    program     static D:\jo\Ideonics\Repository\PressureDisplay\PressureDisplay\source\rtc_driver.c
              __string_11   0x005f5e    program     static D:\jo\Ideonics\Repository\PressureDisplay\PressureDisplay\source\rtc_driver.c
              __string_12   0x005f5a    program     static D:\jo\Ideonics\Repository\PressureDisplay\PressureDisplay\source\rtc_driver.c
              __string_13   0x005f56    program     static D:\jo\Ideonics\Repository\PressureDisplay\PressureDisplay\source\rtc_driver.c
              __string_14   0x005f52    program     static D:\jo\Ideonics\Repository\PressureDisplay\PressureDisplay\source\rtc_driver.c
              __string_15   0x005f4e    program     static D:\jo\Ideonics\Repository\PressureDisplay\PressureDisplay\source\rtc_driver.c
              __string_16   0x005f4a    program     static D:\jo\Ideonics\Repository\PressureDisplay\PressureDisplay\source\rtc_driver.c
              __string_17   0x005f46    program     static D:\jo\Ideonics\Repository\PressureDisplay\PressureDisplay\source\rtc_driver.c
              __string_18   0x005f42    program     static D:\jo\Ideonics\Repository\PressureDisplay\PressureDisplay\source\rtc_driver.c
               __string_2   0x005f82    program     static D:\jo\Ideonics\Repository\PressureDisplay\PressureDisplay\source\rtc_driver.c
               __string_3   0x005f7e    program     static D:\jo\Ideonics\Repository\PressureDisplay\PressureDisplay\source\rtc_driver.c
               __string_4   0x005f7a    program     static D:\jo\Ideonics\Repository\PressureDisplay\PressureDisplay\source\rtc_driver.c
               __string_5   0x005f76    program     static D:\jo\Ideonics\Repository\PressureDisplay\PressureDisplay\source\rtc_driver.c
               __string_6   0x005f72    program     static D:\jo\Ideonics\Repository\PressureDisplay\PressureDisplay\source\rtc_driver.c
               __string_7   0x005f6e    program     static D:\jo\Ideonics\Repository\PressureDisplay\PressureDisplay\source\rtc_driver.c
               __string_8   0x005f6a    program     static D:\jo\Ideonics\Repository\PressureDisplay\PressureDisplay\source\rtc_driver.c
               __string_9   0x005f66    program     static D:\jo\Ideonics\Repository\PressureDisplay\PressureDisplay\source\rtc_driver.c
            __zero_memory   0x0061c6    program     extern E:\c18v3.46\pic18-lt\cxx-framework\src\traditional\proc\p18f4620.asm
                _do_cinit   0x005a92    program     extern E:\c18v3.46\pic18-lt\cxx-framework\src\traditional\startup\c018i.c
                   _entry   0x000000    program     extern E:\c18v3.46\pic18-lt\cxx-framework\src\traditional\startup\c018i.c
                   _false   0x005fd0    program     static                          
                 _startup   0x0061e6    program     extern E:\c18v3.46\pic18-lt\cxx-framework\src\traditional\startup\c018i.c
                 aucCRCHi   0x00546a    program     static D:\jo\Ideonics\Repository\PressureDisplay\PressureDisplay\modbus\rtu\mbcrc.c
                 aucCRCLo   0x00556a    program     static D:\jo\Ideonics\Repository\PressureDisplay\PressureDisplay\modbus\rtu\mbcrc.c
                compare_l   0x0061dc    program     static E:\c18v3.46\pic18-lt\cxx-framework\src\traditional\proc\p18f4620.asm
               conversion   0x00127a    program     extern D:\jo\Ideonics\Repository\PressureDisplay\PressureDisplay\source\app.c
                copy_loop   0x005b04    program     static                          
            copy_one_byte   0x005b0a    program     static                          
          countToPressure   0x00148a    program     extern D:\jo\Ideonics\Repository\PressureDisplay\PressureDisplay\source\app.c
                     done   0x005b2e    program     static                          
             done_copying   0x005b18    program     static                          
                 eMBClose   0x00336e    program     extern D:\jo\Ideonics\Repository\PressureDisplay\PressureDisplay\modbus\mb.c
               eMBDisable   0x0033ec    program     extern D:\jo\Ideonics\Repository\PressureDisplay\PressureDisplay\modbus\mb.c
                eMBEnable   0x0033b0    program     extern D:\jo\Ideonics\Repository\PressureDisplay\PressureDisplay\modbus\mb.c
         eMBFuncReadCoils   0x002a42    program     extern D:\jo\Ideonics\Repository\PressureDisplay\PressureDisplay\modbus\functions\mbfunccoils.c
eMBFuncReadDiscreteInputs   0x004d5c    program     extern D:\jo\Ideonics\Repository\PressureDisplay\PressureDisplay\modbus\functions\mbfuncdisc.c
eMBFuncReadHoldingRegister   0x002412    program     extern D:\jo\Ideonics\Repository\PressureDisplay\PressureDisplay\modbus\functions\mbfuncholding.c
 eMBFuncReadInputRegister   0x004fcc    program     extern D:\jo\Ideonics\Repository\PressureDisplay\PressureDisplay\modbus\functions\mbfuncinput.c
eMBFuncReadWriteMultipleHoldingRegister   0x002654    program     extern D:\jo\Ideonics\Repository\PressureDisplay\PressureDisplay\modbus\functions\mbfuncholding.c
     eMBFuncReportSlaveID   0x00575e    program     extern D:\jo\Ideonics\Repository\PressureDisplay\PressureDisplay\modbus\functions\mbfuncother.c
         eMBFuncWriteCoil   0x002cb4    program     extern D:\jo\Ideonics\Repository\PressureDisplay\PressureDisplay\modbus\functions\mbfunccoils.c
eMBFuncWriteHoldingRegister   0x002134    program     extern D:\jo\Ideonics\Repository\PressureDisplay\PressureDisplay\modbus\functions\mbfuncholding.c
eMBFuncWriteMultipleCoils   0x002e26    program     extern D:\jo\Ideonics\Repository\PressureDisplay\PressureDisplay\modbus\functions\mbfunccoils.c
eMBFuncWriteMultipleHoldingRegister   0x002224    program     extern D:\jo\Ideonics\Repository\PressureDisplay\PressureDisplay\modbus\functions\mbfuncholding.c
                  eMBInit   0x003054    program     extern D:\jo\Ideonics\Repository\PressureDisplay\PressureDisplay\modbus\mb.c
                  eMBPoll   0x003432    program     extern D:\jo\Ideonics\Repository\PressureDisplay\PressureDisplay\modbus\mb.c
               eMBRTUInit   0x003c54    program     extern D:\jo\Ideonics\Repository\PressureDisplay\PressureDisplay\modbus\rtu\mbrtu.c
            eMBRTUReceive   0x003dc6    program     extern D:\jo\Ideonics\Repository\PressureDisplay\PressureDisplay\modbus\rtu\mbrtu.c
               eMBRTUSend   0x003ea6    program     extern D:\jo\Ideonics\Repository\PressureDisplay\PressureDisplay\modbus\rtu\mbrtu.c
              eMBRTUStart   0x003d94    program     extern D:\jo\Ideonics\Repository\PressureDisplay\PressureDisplay\modbus\rtu\mbrtu.c
               eMBRTUStop   0x003db0    program     extern D:\jo\Ideonics\Repository\PressureDisplay\PressureDisplay\modbus\rtu\mbrtu.c
            eMBRegCoilsCB   0x0016cc    program     extern D:\jo\Ideonics\Repository\PressureDisplay\PressureDisplay\source\app.c
         eMBRegDiscreteCB   0x0016e0    program     extern D:\jo\Ideonics\Repository\PressureDisplay\PressureDisplay\source\app.c
          eMBRegHoldingCB   0x0016b8    program     extern D:\jo\Ideonics\Repository\PressureDisplay\PressureDisplay\source\app.c
            eMBRegInputCB   0x001576    program     extern D:\jo\Ideonics\Repository\PressureDisplay\PressureDisplay\source\app.c
            eMBRegisterCB   0x00315a    program     extern D:\jo\Ideonics\Repository\PressureDisplay\PressureDisplay\modbus\mb.c
            eMBSetSlaveID   0x00566a    program     extern D:\jo\Ideonics\Repository\PressureDisplay\PressureDisplay\modbus\functions\mbfuncother.c
                  endloop   0x006218    program     static                          
                  endloop   0x00619e    program     static                          
        getSimulatedInput   0x0047a0    program     extern D:\jo\Ideonics\Repository\PressureDisplay\PressureDisplay\source\linearkeypad.c
           high_interrupt   0x000008    program     extern D:\jo\Ideonics\Repository\PressureDisplay\PressureDisplay\source\interruptvector.c
               itemSelect   0x00143c    program     extern D:\jo\Ideonics\Repository\PressureDisplay\PressureDisplay\source\app.c
                     jEnd   0x005f30    program     static E:\c18v3.46\pic18-lt\cxx-framework\src\traditional\stdclib\memcpy.asm
                    jLoop   0x005f14    program     static E:\c18v3.46\pic18-lt\cxx-framework\src\traditional\stdclib\memcpy.asm
                     loop   0x00620a    program     static                          
                     loop   0x0061f6    program     static                          
                     loop   0x006182    program     static                          
                     loop   0x005f9c    program     static                          
                   loop_h   0x0061d4    program     static E:\c18v3.46\pic18-lt\cxx-framework\src\traditional\proc\p18f4620.asm
                   loop_l   0x0061de    program     static E:\c18v3.46\pic18-lt\cxx-framework\src\traditional\proc\p18f4620.asm
                     main   0x0059c2    program     extern D:\jo\Ideonics\Repository\PressureDisplay\PressureDisplay\source\main.c
                   memcpy   0x005eec    program     extern E:\c18v3.46\pic18-lt\cxx-framework\src\traditional\stdclib\memcpy.asm
    prveMBError2Exception   0x0044ca    program     extern D:\jo\Ideonics\Repository\PressureDisplay\PressureDisplay\modbus\functions\mbutils.c
      prvvTIMERExpiredISR   0x005914    program     extern D:\jo\Ideonics\Repository\PressureDisplay\PressureDisplay\modbus\porttimer.c
            prvvUARTRxISR   0x004a1c    program     extern D:\jo\Ideonics\Repository\PressureDisplay\PressureDisplay\modbus\portserial.c
       prvvUARTTxReadyISR   0x004970    program     extern D:\jo\Ideonics\Repository\PressureDisplay\PressureDisplay\modbus\portserial.c
           readKeyPadPort   0x004650    program     static D:\jo\Ideonics\Repository\PressureDisplay\PressureDisplay\source\linearkeypad.c
              resetBuffer   0x001740    program     extern D:\jo\Ideonics\Repository\PressureDisplay\PressureDisplay\source\app.c
                     test   0x005aac    program     static                          
                updateKey   0x004656    program     static D:\jo\Ideonics\Repository\PressureDisplay\PressureDisplay\source\linearkeypad.c
           updatePressure   0x0017d2    program     extern D:\jo\Ideonics\Repository\PressureDisplay\PressureDisplay\source\app.c
                updateRTC   0x00179a    program     extern D:\jo\Ideonics\Repository\PressureDisplay\PressureDisplay\source\app.c
               updateTime   0x0016f4    program     extern D:\jo\Ideonics\Repository\PressureDisplay\PressureDisplay\source\app.c
                usMBCRC16   0x0057d0    program     extern D:\jo\Ideonics\Repository\PressureDisplay\PressureDisplay\modbus\rtu\mbcrc.c
      vMBPortSerialEnable   0x00480a    program     extern D:\jo\Ideonics\Repository\PressureDisplay\PressureDisplay\modbus\portserial.c
     vMBPortTimersDisable   0x005910    program     extern D:\jo\Ideonics\Repository\PressureDisplay\PressureDisplay\modbus\porttimer.c
      vMBPortTimersEnable   0x0058fa    program     extern D:\jo\Ideonics\Repository\PressureDisplay\PressureDisplay\modbus\porttimer.c
                 validate   0x003a02    program     static D:\jo\Ideonics\Repository\PressureDisplay\PressureDisplay\source\digitdisplay.c
       writeToDisplayPort   0x0039a0    program     static D:\jo\Ideonics\Repository\PressureDisplay\PressureDisplay\source\digitdisplay.c
          xMBPortEventGet   0x005e5a    program     extern D:\jo\Ideonics\Repository\PressureDisplay\PressureDisplay\modbus\portevent.c
         xMBPortEventInit   0x005e30    program     extern D:\jo\Ideonics\Repository\PressureDisplay\PressureDisplay\modbus\portevent.c
         xMBPortEventPost   0x005e3a    program     extern D:\jo\Ideonics\Repository\PressureDisplay\PressureDisplay\modbus\portevent.c
     xMBPortSerialGetByte   0x004940    program     extern D:\jo\Ideonics\Repository\PressureDisplay\PressureDisplay\modbus\portserial.c
        xMBPortSerialInit   0x004840    program     extern D:\jo\Ideonics\Repository\PressureDisplay\PressureDisplay\modbus\portserial.c
     xMBPortSerialPutByte   0x00490a    program     extern D:\jo\Ideonics\Repository\PressureDisplay\PressureDisplay\modbus\portserial.c
        xMBPortTimersInit   0x0058cc    program     extern D:\jo\Ideonics\Repository\PressureDisplay\PressureDisplay\modbus\porttimer.c
         xMBRTUReceiveFSM   0x003fb6    program     extern D:\jo\Ideonics\Repository\PressureDisplay\PressureDisplay\modbus\rtu\mbrtu.c
    xMBRTUTimerT35Expired   0x004112    program     extern D:\jo\Ideonics\Repository\PressureDisplay\PressureDisplay\modbus\rtu\mbrtu.c
        xMBRTUTransmitFSM   0x004084    program     extern D:\jo\Ideonics\Repository\PressureDisplay\PressureDisplay\modbus\rtu\mbrtu.c
           xMBUtilGetBits   0x004388    program     extern D:\jo\Ideonics\Repository\PressureDisplay\PressureDisplay\modbus\functions\mbutils.c
           xMBUtilSetBits   0x004164    program     extern D:\jo\Ideonics\Repository\PressureDisplay\PressureDisplay\modbus\functions\mbutils.c
               zero_block   0x0061d4    program     static E:\c18v3.46\pic18-lt\cxx-framework\src\traditional\proc\p18f4620.asm
                   ADCON0   0x000fc2       data     extern E:\c18v3.46\pic18-lt\cxx-framework\src\traditional\proc\p18f4620.asm
               ADCON0bits   0x000fc2       data     extern E:\c18v3.46\pic18-lt\cxx-framework\src\traditional\proc\p18f4620.asm
                   ADCON1   0x000fc1       data     extern E:\c18v3.46\pic18-lt\cxx-framework\src\traditional\proc\p18f4620.asm
               ADCON1bits   0x000fc1       data     extern E:\c18v3.46\pic18-lt\cxx-framework\src\traditional\proc\p18f4620.asm
                   ADCON2   0x000fc0       data     extern E:\c18v3.46\pic18-lt\cxx-framework\src\traditional\proc\p18f4620.asm
               ADCON2bits   0x000fc0       data     extern E:\c18v3.46\pic18-lt\cxx-framework\src\traditional\proc\p18f4620.asm
                    ADRES   0x000fc3       data     extern E:\c18v3.46\pic18-lt\cxx-framework\src\traditional\proc\p18f4620.asm
                   ADRESH   0x000fc4       data     extern E:\c18v3.46\pic18-lt\cxx-framework\src\traditional\proc\p18f4620.asm
                   ADRESL   0x000fc3       data     extern E:\c18v3.46\pic18-lt\cxx-framework\src\traditional\proc\p18f4620.asm
             AppTimestamp   0x000f74       data     extern D:\jo\Ideonics\Repository\PressureDisplay\PressureDisplay\source\timer.c
                  BAUDCON   0x000fb8       data     extern E:\c18v3.46\pic18-lt\cxx-framework\src\traditional\proc\p18f4620.asm
              BAUDCONbits   0x000fb8       data     extern E:\c18v3.46\pic18-lt\cxx-framework\src\traditional\proc\p18f4620.asm
                  BAUDCTL   0x000fb8       data     extern E:\c18v3.46\pic18-lt\cxx-framework\src\traditional\proc\p18f4620.asm
              BAUDCTLbits   0x000fb8       data     extern E:\c18v3.46\pic18-lt\cxx-framework\src\traditional\proc\p18f4620.asm
                      BSR   0x000fe0       data     extern E:\c18v3.46\pic18-lt\cxx-framework\src\traditional\proc\p18f4620.asm
                  CCP1CON   0x000fbd       data     extern E:\c18v3.46\pic18-lt\cxx-framework\src\traditional\proc\p18f4620.asm
              CCP1CONbits   0x000fbd       data     extern E:\c18v3.46\pic18-lt\cxx-framework\src\traditional\proc\p18f4620.asm
                  CCP2CON   0x000fba       data     extern E:\c18v3.46\pic18-lt\cxx-framework\src\traditional\proc\p18f4620.asm
              CCP2CONbits   0x000fba       data     extern E:\c18v3.46\pic18-lt\cxx-framework\src\traditional\proc\p18f4620.asm
                    CCPR1   0x000fbe       data     extern E:\c18v3.46\pic18-lt\cxx-framework\src\traditional\proc\p18f4620.asm
                   CCPR1H   0x000fbf       data     extern E:\c18v3.46\pic18-lt\cxx-framework\src\traditional\proc\p18f4620.asm
                   CCPR1L   0x000fbe       data     extern E:\c18v3.46\pic18-lt\cxx-framework\src\traditional\proc\p18f4620.asm
                    CCPR2   0x000fbb       data     extern E:\c18v3.46\pic18-lt\cxx-framework\src\traditional\proc\p18f4620.asm
                   CCPR2H   0x000fbc       data     extern E:\c18v3.46\pic18-lt\cxx-framework\src\traditional\proc\p18f4620.asm
                   CCPR2L   0x000fbb       data     extern E:\c18v3.46\pic18-lt\cxx-framework\src\traditional\proc\p18f4620.asm
                    CMCON   0x000fb4       data     extern E:\c18v3.46\pic18-lt\cxx-framework\src\traditional\proc\p18f4620.asm
                CMCONbits   0x000fb4       data     extern E:\c18v3.46\pic18-lt\cxx-framework\src\traditional\proc\p18f4620.asm
                   CVRCON   0x000fb5       data     extern E:\c18v3.46\pic18-lt\cxx-framework\src\traditional\proc\p18f4620.asm
               CVRCONbits   0x000fb5       data     extern E:\c18v3.46\pic18-lt\cxx-framework\src\traditional\proc\p18f4620.asm
                     DDRA   0x000f92       data     extern E:\c18v3.46\pic18-lt\cxx-framework\src\traditional\proc\p18f4620.asm
                 DDRAbits   0x000f92       data     extern E:\c18v3.46\pic18-lt\cxx-framework\src\traditional\proc\p18f4620.asm
                     DDRB   0x000f93       data     extern E:\c18v3.46\pic18-lt\cxx-framework\src\traditional\proc\p18f4620.asm
                 DDRBbits   0x000f93       data     extern E:\c18v3.46\pic18-lt\cxx-framework\src\traditional\proc\p18f4620.asm
                     DDRC   0x000f94       data     extern E:\c18v3.46\pic18-lt\cxx-framework\src\traditional\proc\p18f4620.asm
                 DDRCbits   0x000f94       data     extern E:\c18v3.46\pic18-lt\cxx-framework\src\traditional\proc\p18f4620.asm
                     DDRD   0x000f95       data     extern E:\c18v3.46\pic18-lt\cxx-framework\src\traditional\proc\p18f4620.asm
                 DDRDbits   0x000f95       data     extern E:\c18v3.46\pic18-lt\cxx-framework\src\traditional\proc\p18f4620.asm
                     DDRE   0x000f96       data     extern E:\c18v3.46\pic18-lt\cxx-framework\src\traditional\proc\p18f4620.asm
                 DDREbits   0x000f96       data     extern E:\c18v3.46\pic18-lt\cxx-framework\src\traditional\proc\p18f4620.asm
                   DayStr   0x000f00       data     extern D:\jo\Ideonics\Repository\PressureDisplay\PressureDisplay\source\rtc_driver.c
                  ECCP1AS   0x000fb6       data     extern E:\c18v3.46\pic18-lt\cxx-framework\src\traditional\proc\p18f4620.asm
              ECCP1ASbits   0x000fb6       data     extern E:\c18v3.46\pic18-lt\cxx-framework\src\traditional\proc\p18f4620.asm
                    EEADR   0x000fa9       data     extern E:\c18v3.46\pic18-lt\cxx-framework\src\traditional\proc\p18f4620.asm
                   EEADRH   0x000faa       data     extern E:\c18v3.46\pic18-lt\cxx-framework\src\traditional\proc\p18f4620.asm
                   EECON1   0x000fa6       data     extern E:\c18v3.46\pic18-lt\cxx-framework\src\traditional\proc\p18f4620.asm
               EECON1bits   0x000fa6       data     extern E:\c18v3.46\pic18-lt\cxx-framework\src\traditional\proc\p18f4620.asm
                   EECON2   0x000fa7       data     extern E:\c18v3.46\pic18-lt\cxx-framework\src\traditional\proc\p18f4620.asm
                   EEDATA   0x000fa8       data     extern E:\c18v3.46\pic18-lt\cxx-framework\src\traditional\proc\p18f4620.asm
                     FSR0   0x000fe9       data     extern E:\c18v3.46\pic18-lt\cxx-framework\src\traditional\proc\p18f4620.asm
                    FSR0H   0x000fea       data     extern E:\c18v3.46\pic18-lt\cxx-framework\src\traditional\proc\p18f4620.asm
                    FSR0L   0x000fe9       data     extern E:\c18v3.46\pic18-lt\cxx-framework\src\traditional\proc\p18f4620.asm
                     FSR1   0x000fe1       data     extern E:\c18v3.46\pic18-lt\cxx-framework\src\traditional\proc\p18f4620.asm
                    FSR1H   0x000fe2       data     extern E:\c18v3.46\pic18-lt\cxx-framework\src\traditional\proc\p18f4620.asm
                    FSR1L   0x000fe1       data     extern E:\c18v3.46\pic18-lt\cxx-framework\src\traditional\proc\p18f4620.asm
                     FSR2   0x000fd9       data     extern E:\c18v3.46\pic18-lt\cxx-framework\src\traditional\proc\p18f4620.asm
                    FSR2H   0x000fda       data     extern E:\c18v3.46\pic18-lt\cxx-framework\src\traditional\proc\p18f4620.asm
                    FSR2L   0x000fd9       data     extern E:\c18v3.46\pic18-lt\cxx-framework\src\traditional\proc\p18f4620.asm
                  HLVDCON   0x000fd2       data     extern E:\c18v3.46\pic18-lt\cxx-framework\src\traditional\proc\p18f4620.asm
              HLVDCONbits   0x000fd2       data     extern E:\c18v3.46\pic18-lt\cxx-framework\src\traditional\proc\p18f4620.asm
                    INDF0   0x000fef       data     extern E:\c18v3.46\pic18-lt\cxx-framework\src\traditional\proc\p18f4620.asm
                    INDF1   0x000fe7       data     extern E:\c18v3.46\pic18-lt\cxx-framework\src\traditional\proc\p18f4620.asm
                    INDF2   0x000fdf       data     extern E:\c18v3.46\pic18-lt\cxx-framework\src\traditional\proc\p18f4620.asm
                   INTCON   0x000ff2       data     extern E:\c18v3.46\pic18-lt\cxx-framework\src\traditional\proc\p18f4620.asm
                  INTCON2   0x000ff1       data     extern E:\c18v3.46\pic18-lt\cxx-framework\src\traditional\proc\p18f4620.asm
              INTCON2bits   0x000ff1       data     extern E:\c18v3.46\pic18-lt\cxx-framework\src\traditional\proc\p18f4620.asm
                  INTCON3   0x000ff0       data     extern E:\c18v3.46\pic18-lt\cxx-framework\src\traditional\proc\p18f4620.asm
              INTCON3bits   0x000ff0       data     extern E:\c18v3.46\pic18-lt\cxx-framework\src\traditional\proc\p18f4620.asm
               INTCONbits   0x000ff2       data     extern E:\c18v3.46\pic18-lt\cxx-framework\src\traditional\proc\p18f4620.asm
                     IPR1   0x000f9f       data     extern E:\c18v3.46\pic18-lt\cxx-framework\src\traditional\proc\p18f4620.asm
                 IPR1bits   0x000f9f       data     extern E:\c18v3.46\pic18-lt\cxx-framework\src\traditional\proc\p18f4620.asm
                     IPR2   0x000fa2       data     extern E:\c18v3.46\pic18-lt\cxx-framework\src\traditional\proc\p18f4620.asm
                 IPR2bits   0x000fa2       data     extern E:\c18v3.46\pic18-lt\cxx-framework\src\traditional\proc\p18f4620.asm
                     LATA   0x000f89       data     extern E:\c18v3.46\pic18-lt\cxx-framework\src\traditional\proc\p18f4620.asm
                 LATAbits   0x000f89       data     extern E:\c18v3.46\pic18-lt\cxx-framework\src\traditional\proc\p18f4620.asm
                     LATB   0x000f8a       data     extern E:\c18v3.46\pic18-lt\cxx-framework\src\traditional\proc\p18f4620.asm
                 LATBbits   0x000f8a       data     extern E:\c18v3.46\pic18-lt\cxx-framework\src\traditional\proc\p18f4620.asm
                     LATC   0x000f8b       data     extern E:\c18v3.46\pic18-lt\cxx-framework\src\traditional\proc\p18f4620.asm
                 LATCbits   0x000f8b       data     extern E:\c18v3.46\pic18-lt\cxx-framework\src\traditional\proc\p18f4620.asm
                     LATD   0x000f8c       data     extern E:\c18v3.46\pic18-lt\cxx-framework\src\traditional\proc\p18f4620.asm
                 LATDbits   0x000f8c       data     extern E:\c18v3.46\pic18-lt\cxx-framework\src\traditional\proc\p18f4620.asm
                     LATE   0x000f8d       data     extern E:\c18v3.46\pic18-lt\cxx-framework\src\traditional\proc\p18f4620.asm
                 LATEbits   0x000f8d       data     extern E:\c18v3.46\pic18-lt\cxx-framework\src\traditional\proc\p18f4620.asm
                   LVDCON   0x000fd2       data     extern E:\c18v3.46\pic18-lt\cxx-framework\src\traditional\proc\p18f4620.asm
               LVDCONbits   0x000fd2       data     extern E:\c18v3.46\pic18-lt\cxx-framework\src\traditional\proc\p18f4620.asm
                 MonthStr   0x000f0e       data     extern D:\jo\Ideonics\Repository\PressureDisplay\PressureDisplay\source\rtc_driver.c
                   OSCCON   0x000fd3       data     extern E:\c18v3.46\pic18-lt\cxx-framework\src\traditional\proc\p18f4620.asm
               OSCCONbits   0x000fd3       data     extern E:\c18v3.46\pic18-lt\cxx-framework\src\traditional\proc\p18f4620.asm
                  OSCTUNE   0x000f9b       data     extern E:\c18v3.46\pic18-lt\cxx-framework\src\traditional\proc\p18f4620.asm
              OSCTUNEbits   0x000f9b       data     extern E:\c18v3.46\pic18-lt\cxx-framework\src\traditional\proc\p18f4620.asm
                       PC   0x000ff9       data     extern E:\c18v3.46\pic18-lt\cxx-framework\src\traditional\proc\p18f4620.asm
                      PCL   0x000ff9       data     extern E:\c18v3.46\pic18-lt\cxx-framework\src\traditional\proc\p18f4620.asm
                   PCLATH   0x000ffa       data     extern E:\c18v3.46\pic18-lt\cxx-framework\src\traditional\proc\p18f4620.asm
                   PCLATU   0x000ffb       data     extern E:\c18v3.46\pic18-lt\cxx-framework\src\traditional\proc\p18f4620.asm
                     PIE1   0x000f9d       data     extern E:\c18v3.46\pic18-lt\cxx-framework\src\traditional\proc\p18f4620.asm
                 PIE1bits   0x000f9d       data     extern E:\c18v3.46\pic18-lt\cxx-framework\src\traditional\proc\p18f4620.asm
                     PIE2   0x000fa0       data     extern E:\c18v3.46\pic18-lt\cxx-framework\src\traditional\proc\p18f4620.asm
                 PIE2bits   0x000fa0       data     extern E:\c18v3.46\pic18-lt\cxx-framework\src\traditional\proc\p18f4620.asm
                     PIR1   0x000f9e       data     extern E:\c18v3.46\pic18-lt\cxx-framework\src\traditional\proc\p18f4620.asm
                 PIR1bits   0x000f9e       data     extern E:\c18v3.46\pic18-lt\cxx-framework\src\traditional\proc\p18f4620.asm
                     PIR2   0x000fa1       data     extern E:\c18v3.46\pic18-lt\cxx-framework\src\traditional\proc\p18f4620.asm
                 PIR2bits   0x000fa1       data     extern E:\c18v3.46\pic18-lt\cxx-framework\src\traditional\proc\p18f4620.asm
                   PLUSW0   0x000feb       data     extern E:\c18v3.46\pic18-lt\cxx-framework\src\traditional\proc\p18f4620.asm
                   PLUSW1   0x000fe3       data     extern E:\c18v3.46\pic18-lt\cxx-framework\src\traditional\proc\p18f4620.asm
                   PLUSW2   0x000fdb       data     extern E:\c18v3.46\pic18-lt\cxx-framework\src\traditional\proc\p18f4620.asm
                    PORTA   0x000f80       data     extern E:\c18v3.46\pic18-lt\cxx-framework\src\traditional\proc\p18f4620.asm
                PORTAbits   0x000f80       data     extern E:\c18v3.46\pic18-lt\cxx-framework\src\traditional\proc\p18f4620.asm
                    PORTB   0x000f81       data     extern E:\c18v3.46\pic18-lt\cxx-framework\src\traditional\proc\p18f4620.asm
                PORTBbits   0x000f81       data     extern E:\c18v3.46\pic18-lt\cxx-framework\src\traditional\proc\p18f4620.asm
                    PORTC   0x000f82       data     extern E:\c18v3.46\pic18-lt\cxx-framework\src\traditional\proc\p18f4620.asm
                PORTCbits   0x000f82       data     extern E:\c18v3.46\pic18-lt\cxx-framework\src\traditional\proc\p18f4620.asm
                    PORTD   0x000f83       data     extern E:\c18v3.46\pic18-lt\cxx-framework\src\traditional\proc\p18f4620.asm
                PORTDbits   0x000f83       data     extern E:\c18v3.46\pic18-lt\cxx-framework\src\traditional\proc\p18f4620.asm
                    PORTE   0x000f84       data     extern E:\c18v3.46\pic18-lt\cxx-framework\src\traditional\proc\p18f4620.asm
                PORTEbits   0x000f84       data     extern E:\c18v3.46\pic18-lt\cxx-framework\src\traditional\proc\p18f4620.asm
                 POSTDEC0   0x000fed       data     extern E:\c18v3.46\pic18-lt\cxx-framework\src\traditional\proc\p18f4620.asm
                 POSTDEC1   0x000fe5       data     extern E:\c18v3.46\pic18-lt\cxx-framework\src\traditional\proc\p18f4620.asm
                 POSTDEC2   0x000fdd       data     extern E:\c18v3.46\pic18-lt\cxx-framework\src\traditional\proc\p18f4620.asm
                 POSTINC0   0x000fee       data     extern E:\c18v3.46\pic18-lt\cxx-framework\src\traditional\proc\p18f4620.asm
                 POSTINC1   0x000fe6       data     extern E:\c18v3.46\pic18-lt\cxx-framework\src\traditional\proc\p18f4620.asm
                 POSTINC2   0x000fde       data     extern E:\c18v3.46\pic18-lt\cxx-framework\src\traditional\proc\p18f4620.asm
                      PR2   0x000fcb       data     extern E:\c18v3.46\pic18-lt\cxx-framework\src\traditional\proc\p18f4620.asm
                  PREINC0   0x000fec       data     extern E:\c18v3.46\pic18-lt\cxx-framework\src\traditional\proc\p18f4620.asm
                  PREINC1   0x000fe4       data     extern E:\c18v3.46\pic18-lt\cxx-framework\src\traditional\proc\p18f4620.asm
                  PREINC2   0x000fdc       data     extern E:\c18v3.46\pic18-lt\cxx-framework\src\traditional\proc\p18f4620.asm
                     PROD   0x000ff3       data     extern E:\c18v3.46\pic18-lt\cxx-framework\src\traditional\proc\p18f4620.asm
                    PRODH   0x000ff4       data     extern E:\c18v3.46\pic18-lt\cxx-framework\src\traditional\proc\p18f4620.asm
                    PRODL   0x000ff3       data     extern E:\c18v3.46\pic18-lt\cxx-framework\src\traditional\proc\p18f4620.asm
                  PWM1CON   0x000fb7       data     extern E:\c18v3.46\pic18-lt\cxx-framework\src\traditional\proc\p18f4620.asm
              PWM1CONbits   0x000fb7       data     extern E:\c18v3.46\pic18-lt\cxx-framework\src\traditional\proc\p18f4620.asm
                     RCON   0x000fd0       data     extern E:\c18v3.46\pic18-lt\cxx-framework\src\traditional\proc\p18f4620.asm
                 RCONbits   0x000fd0       data     extern E:\c18v3.46\pic18-lt\cxx-framework\src\traditional\proc\p18f4620.asm
                    RCREG   0x000fae       data     extern E:\c18v3.46\pic18-lt\cxx-framework\src\traditional\proc\p18f4620.asm
                    RCSTA   0x000fab       data     extern E:\c18v3.46\pic18-lt\cxx-framework\src\traditional\proc\p18f4620.asm
                RCSTAbits   0x000fab       data     extern E:\c18v3.46\pic18-lt\cxx-framework\src\traditional\proc\p18f4620.asm
             RegistersRTC   0x000700       data     extern D:\jo\Ideonics\Repository\PressureDisplay\PressureDisplay\source\rtc_driver.c
             SEVENSEGMENT   0x0000e8       data     static D:\jo\Ideonics\Repository\PressureDisplay\PressureDisplay\source\digitdisplay.c
                     SIGN   0x000000       data     extern E:\c18v3.46\pic18-lt\cxx-framework\src\traditional\math\cmath18.asm
                    SPBRG   0x000faf       data     extern E:\c18v3.46\pic18-lt\cxx-framework\src\traditional\proc\p18f4620.asm
                   SPBRGH   0x000fb0       data     extern E:\c18v3.46\pic18-lt\cxx-framework\src\traditional\proc\p18f4620.asm
                   SSPADD   0x000fc8       data     extern E:\c18v3.46\pic18-lt\cxx-framework\src\traditional\proc\p18f4620.asm
                   SSPBUF   0x000fc9       data     extern E:\c18v3.46\pic18-lt\cxx-framework\src\traditional\proc\p18f4620.asm
                  SSPCON1   0x000fc6       data     extern E:\c18v3.46\pic18-lt\cxx-framework\src\traditional\proc\p18f4620.asm
              SSPCON1bits   0x000fc6       data     extern E:\c18v3.46\pic18-lt\cxx-framework\src\traditional\proc\p18f4620.asm
                  SSPCON2   0x000fc5       data     extern E:\c18v3.46\pic18-lt\cxx-framework\src\traditional\proc\p18f4620.asm
              SSPCON2bits   0x000fc5       data     extern E:\c18v3.46\pic18-lt\cxx-framework\src\traditional\proc\p18f4620.asm
                  SSPSTAT   0x000fc7       data     extern E:\c18v3.46\pic18-lt\cxx-framework\src\traditional\proc\p18f4620.asm
              SSPSTATbits   0x000fc7       data     extern E:\c18v3.46\pic18-lt\cxx-framework\src\traditional\proc\p18f4620.asm
                   STATUS   0x000fd8       data     extern E:\c18v3.46\pic18-lt\cxx-framework\src\traditional\proc\p18f4620.asm
               STATUSbits   0x000fd8       data     extern E:\c18v3.46\pic18-lt\cxx-framework\src\traditional\proc\p18f4620.asm
                   STKPTR   0x000ffc       data     extern E:\c18v3.46\pic18-lt\cxx-framework\src\traditional\proc\p18f4620.asm
               STKPTRbits   0x000ffc       data     extern E:\c18v3.46\pic18-lt\cxx-framework\src\traditional\proc\p18f4620.asm
                    T0CON   0x000fd5       data     extern E:\c18v3.46\pic18-lt\cxx-framework\src\traditional\proc\p18f4620.asm
                T0CONbits   0x000fd5       data     extern E:\c18v3.46\pic18-lt\cxx-framework\src\traditional\proc\p18f4620.asm
                    T1CON   0x000fcd       data     extern E:\c18v3.46\pic18-lt\cxx-framework\src\traditional\proc\p18f4620.asm
                T1CONbits   0x000fcd       data     extern E:\c18v3.46\pic18-lt\cxx-framework\src\traditional\proc\p18f4620.asm
                    T2CON   0x000fca       data     extern E:\c18v3.46\pic18-lt\cxx-framework\src\traditional\proc\p18f4620.asm
                T2CONbits   0x000fca       data     extern E:\c18v3.46\pic18-lt\cxx-framework\src\traditional\proc\p18f4620.asm
                    T3CON   0x000fb1       data     extern E:\c18v3.46\pic18-lt\cxx-framework\src\traditional\proc\p18f4620.asm
                T3CONbits   0x000fb1       data     extern E:\c18v3.46\pic18-lt\cxx-framework\src\traditional\proc\p18f4620.asm
                   TABLAT   0x000ff5       data     extern E:\c18v3.46\pic18-lt\cxx-framework\src\traditional\proc\p18f4620.asm
                   TBLPTR   0x000ff6       data     extern E:\c18v3.46\pic18-lt\cxx-framework\src\traditional\proc\p18f4620.asm
                  TBLPTRH   0x000ff7       data     extern E:\c18v3.46\pic18-lt\cxx-framework\src\traditional\proc\p18f4620.asm
                  TBLPTRL   0x000ff6       data     extern E:\c18v3.46\pic18-lt\cxx-framework\src\traditional\proc\p18f4620.asm
                  TBLPTRU   0x000ff8       data     extern E:\c18v3.46\pic18-lt\cxx-framework\src\traditional\proc\p18f4620.asm
                    TMR0H   0x000fd7       data     extern E:\c18v3.46\pic18-lt\cxx-framework\src\traditional\proc\p18f4620.asm
                    TMR0L   0x000fd6       data     extern E:\c18v3.46\pic18-lt\cxx-framework\src\traditional\proc\p18f4620.asm
                    TMR1H   0x000fcf       data     extern E:\c18v3.46\pic18-lt\cxx-framework\src\traditional\proc\p18f4620.asm
                    TMR1L   0x000fce       data     extern E:\c18v3.46\pic18-lt\cxx-framework\src\traditional\proc\p18f4620.asm
                     TMR2   0x000fcc       data     extern E:\c18v3.46\pic18-lt\cxx-framework\src\traditional\proc\p18f4620.asm
                    TMR3H   0x000fb3       data     extern E:\c18v3.46\pic18-lt\cxx-framework\src\traditional\proc\p18f4620.asm
                    TMR3L   0x000fb2       data     extern E:\c18v3.46\pic18-lt\cxx-framework\src\traditional\proc\p18f4620.asm
                      TOS   0x000ffd       data     extern E:\c18v3.46\pic18-lt\cxx-framework\src\traditional\proc\p18f4620.asm
                     TOSH   0x000ffe       data     extern E:\c18v3.46\pic18-lt\cxx-framework\src\traditional\proc\p18f4620.asm
                     TOSL   0x000ffd       data     extern E:\c18v3.46\pic18-lt\cxx-framework\src\traditional\proc\p18f4620.asm
                     TOSU   0x000fff       data     extern E:\c18v3.46\pic18-lt\cxx-framework\src\traditional\proc\p18f4620.asm
                    TRISA   0x000f92       data     extern E:\c18v3.46\pic18-lt\cxx-framework\src\traditional\proc\p18f4620.asm
                TRISAbits   0x000f92       data     extern E:\c18v3.46\pic18-lt\cxx-framework\src\traditional\proc\p18f4620.asm
                    TRISB   0x000f93       data     extern E:\c18v3.46\pic18-lt\cxx-framework\src\traditional\proc\p18f4620.asm
                TRISBbits   0x000f93       data     extern E:\c18v3.46\pic18-lt\cxx-framework\src\traditional\proc\p18f4620.asm
                    TRISC   0x000f94       data     extern E:\c18v3.46\pic18-lt\cxx-framework\src\traditional\proc\p18f4620.asm
                TRISCbits   0x000f94       data     extern E:\c18v3.46\pic18-lt\cxx-framework\src\traditional\proc\p18f4620.asm
                    TRISD   0x000f95       data     extern E:\c18v3.46\pic18-lt\cxx-framework\src\traditional\proc\p18f4620.asm
                TRISDbits   0x000f95       data     extern E:\c18v3.46\pic18-lt\cxx-framework\src\traditional\proc\p18f4620.asm
                    TRISE   0x000f96       data     extern E:\c18v3.46\pic18-lt\cxx-framework\src\traditional\proc\p18f4620.asm
                TRISEbits   0x000f96       data     extern E:\c18v3.46\pic18-lt\cxx-framework\src\traditional\proc\p18f4620.asm
                    TXREG   0x000fad       data     extern E:\c18v3.46\pic18-lt\cxx-framework\src\traditional\proc\p18f4620.asm
                    TXSTA   0x000fac       data     extern E:\c18v3.46\pic18-lt\cxx-framework\src\traditional\proc\p18f4620.asm
                TXSTAbits   0x000fac       data     extern E:\c18v3.46\pic18-lt\cxx-framework\src\traditional\proc\p18f4620.asm
            TimeClockMode   0x0000fb       data     extern D:\jo\Ideonics\Repository\PressureDisplay\PressureDisplay\source\rtc_driver.c
  TimeClockUpdateRequired   0x000707       data     extern D:\jo\Ideonics\Repository\PressureDisplay\PressureDisplay\source\rtc_driver.c
             USART_Status   0x000239       data     extern E:\c18v3.46\pic18-lt\cxx-framework\src\pmc_common\USART\udefs.c
                        W   0x000fe8       data     extern E:\c18v3.46\pic18-lt\cxx-framework\src\traditional\proc\p18f4620.asm
                   WDTCON   0x000fd1       data     extern E:\c18v3.46\pic18-lt\cxx-framework\src\traditional\proc\p18f4620.asm
               WDTCONbits   0x000fd1       data     extern E:\c18v3.46\pic18-lt\cxx-framework\src\traditional\proc\p18f4620.asm
                     WREG   0x000fe8       data     extern E:\c18v3.46\pic18-lt\cxx-framework\src\traditional\proc\p18f4620.asm
                 __AARGB0   0x000009       data     extern E:\c18v3.46\pic18-lt\cxx-framework\src\traditional\math\aarg.asm
                 __AARGB1   0x000008       data     extern E:\c18v3.46\pic18-lt\cxx-framework\src\traditional\math\aarg.asm
                 __AARGB2   0x000007       data     extern E:\c18v3.46\pic18-lt\cxx-framework\src\traditional\math\aarg.asm
                 __AARGB3   0x000006       data     extern E:\c18v3.46\pic18-lt\cxx-framework\src\traditional\math\aarg.asm
                 __AARGB4   0x000005       data     extern E:\c18v3.46\pic18-lt\cxx-framework\src\traditional\math\aarg.asm
                 __AARGB5   0x000004       data     extern E:\c18v3.46\pic18-lt\cxx-framework\src\traditional\math\aarg.asm
                 __AARGB6   0x000003       data     extern E:\c18v3.46\pic18-lt\cxx-framework\src\traditional\math\aarg.asm
                 __AARGB7   0x000002       data     extern E:\c18v3.46\pic18-lt\cxx-framework\src\traditional\math\aarg.asm
                   __AEXP   0x00000a       data     extern E:\c18v3.46\pic18-lt\cxx-framework\src\traditional\math\aarg.asm
                 __BARGB0   0x00000e       data     extern E:\c18v3.46\pic18-lt\cxx-framework\src\traditional\math\barg.asm
                 __BARGB1   0x00000d       data     extern E:\c18v3.46\pic18-lt\cxx-framework\src\traditional\math\barg.asm
                 __BARGB2   0x00000c       data     extern E:\c18v3.46\pic18-lt\cxx-framework\src\traditional\math\barg.asm
                 __BARGB3   0x00000b       data     extern E:\c18v3.46\pic18-lt\cxx-framework\src\traditional\math\barg.asm
                   __BEXP   0x00000f       data     extern E:\c18v3.46\pic18-lt\cxx-framework\src\traditional\math\barg.asm
                __FPFLAGS   0x000001       data     extern E:\c18v3.46\pic18-lt\cxx-framework\src\traditional\math\cmath18.asm
            __FPFLAGSbits   0x000001       data     extern E:\c18v3.46\pic18-lt\cxx-framework\src\traditional\math\cmath18.asm
                  __REMB0   0x000005       data     extern E:\c18v3.46\pic18-lt\cxx-framework\src\traditional\math\aarg.asm
                  __REMB1   0x000004       data     extern E:\c18v3.46\pic18-lt\cxx-framework\src\traditional\math\aarg.asm
                  __REMB2   0x000003       data     extern E:\c18v3.46\pic18-lt\cxx-framework\src\traditional\math\aarg.asm
                  __REMB3   0x000002       data     extern E:\c18v3.46\pic18-lt\cxx-framework\src\traditional\math\aarg.asm
                   __TEMP   0x000013       data     extern E:\c18v3.46\pic18-lt\cxx-framework\src\traditional\math\temparg.asm
                 __TEMPB0   0x000013       data     extern E:\c18v3.46\pic18-lt\cxx-framework\src\traditional\math\temparg.asm
                 __TEMPB1   0x000012       data     extern E:\c18v3.46\pic18-lt\cxx-framework\src\traditional\math\temparg.asm
                 __TEMPB2   0x000011       data     extern E:\c18v3.46\pic18-lt\cxx-framework\src\traditional\math\temparg.asm
                 __TEMPB3   0x000010       data     extern E:\c18v3.46\pic18-lt\cxx-framework\src\traditional\math\temparg.asm
                  __tmp_0   0x000014       data     static D:\jo\Ideonics\Repository\PressureDisplay\PressureDisplay\source\app.c
                  __tmp_0   0x000014       data     static D:\jo\Ideonics\Repository\PressureDisplay\PressureDisplay\modbus\portserial.c
                  __tmp_0   0x000014       data     static D:\jo\Ideonics\Repository\PressureDisplay\PressureDisplay\modbus\rtu\mbcrc.c
                  __tmp_0   0x000014       data     static D:\jo\Ideonics\Repository\PressureDisplay\PressureDisplay\modbus\mb.c
                  __tmp_0   0x000014       data     static D:\jo\Ideonics\Repository\PressureDisplay\PressureDisplay\modbus\rtu\mbrtu.c
                  __tmp_0   0x000014       data     static D:\jo\Ideonics\Repository\PressureDisplay\PressureDisplay\modbus\functions\mbfunccoils.c
                  __tmp_0   0x000014       data     static D:\jo\Ideonics\Repository\PressureDisplay\PressureDisplay\modbus\functions\mbfuncdisc.c
                  __tmp_0   0x000014       data     static D:\jo\Ideonics\Repository\PressureDisplay\PressureDisplay\modbus\functions\mbfuncholding.c
                  __tmp_0   0x000014       data     static D:\jo\Ideonics\Repository\PressureDisplay\PressureDisplay\modbus\functions\mbfuncinput.c
                  __tmp_0   0x000014       data     static D:\jo\Ideonics\Repository\PressureDisplay\PressureDisplay\modbus\functions\mbfuncother.c
                  __tmp_0   0x000014       data     static D:\jo\Ideonics\Repository\PressureDisplay\PressureDisplay\modbus\functions\mbutils.c
                  __tmp_0   0x000014       data     static E:\c18v3.46\pic18-lt\cxx-framework\src\pmc_common\EEP\write_B.c
                  __tmp_0   0x000014       data     static E:\c18v3.46\pic18-lt\cxx-framework\src\pmc_common\ADC\adcopen.c
                  __tmp_0   0x000014       data     static E:\c18v3.46\pic18-lt\cxx-framework\src\pmc_common\USART\uopen.c
                  __tmp_0   0x000014       data     static E:\c18v3.46\pic18-lt\cxx-framework\src\pmc_common\ADC\adcread.c
                  __tmp_0   0x000014       data     static E:\c18v3.46\pic18-lt\cxx-framework\src\pmc_common\EEP\read_B.c
                  __tmp_0   0x000014       data     static D:\jo\Ideonics\Repository\PressureDisplay\PressureDisplay\source\math_fun.c
                  __tmp_0   0x000014       data     static D:\jo\Ideonics\Repository\PressureDisplay\PressureDisplay\source\digitdisplay.c
                  __tmp_0   0x000014       data     static D:\jo\Ideonics\Repository\PressureDisplay\PressureDisplay\source\rtc_driver.c
[...]
                    TRISC   0x000f94       data     extern E:\c18v3.46\pic18-lt\cxx-framework\src\traditional\proc\p18f4620.asm
                TRISCbits   0x000f94       data     extern E:\c18v3.46\pic18-lt\cxx-framework\src\traditional\proc\p18f4620.asm
                    TRISD   0x000f95       data     extern E:\c18v3.46\pic18-lt\cxx-framework\src\traditional\proc\p18f4620.asm
                TRISDbits   0x000f95       data     extern E:\c18v3.46\pic18-lt\cxx-framework\src\traditional\proc\p18f4620.asm
                     DDRD   0x000f95       data     extern E:\c18v3.46\pic18-lt\cxx-framework\src\traditional\proc\p18f4620.asm
                 DDRDbits   0x000f95       data     extern E:\c18v3.46\pic18-lt\cxx-framework\src\traditional\proc\p18f4620.asm
                    TRISE   0x000f96       data     extern E:\c18v3.46\pic18-lt\cxx-framework\src\traditional\proc\p18f4620.asm
                TRISEbits   0x000f96       data     extern E:\c18v3.46\pic18-lt\cxx-framework\src\traditional\proc\p18f4620.asm
                 DDREbits   0x000f96       data     extern E:\c18v3.46\pic18-lt\cxx-framework\src\traditional\proc\p18f4620.asm
                     DDRE   0x000f96       data     extern E:\c18v3.46\pic18-lt\cxx-framework\src\traditional\proc\p18f4620.asm
                  OSCTUNE   0x000f9b       data     extern E:\c18v3.46\pic18-lt\cxx-framework\src\traditional\proc\p18f4620.asm
              OSCTUNEbits   0x000f9b       data     extern E:\c18v3.46\pic18-lt\cxx-framework\src\traditional\proc\p18f4620.asm
                 PIE1bits   0x000f9d       data     extern E:\c18v3.46\pic18-lt\cxx-framework\src\traditional\proc\p18f4620.asm
                     PIE1   0x000f9d       data     extern E:\c18v3.46\pic18-lt\cxx-framework\src\traditional\proc\p18f4620.asm
                     PIR1   0x000f9e       data     extern E:\c18v3.46\pic18-lt\cxx-framework\src\traditional\proc\p18f4620.asm
                 PIR1bits   0x000f9e       data     extern E:\c18v3.46\pic18-lt\cxx-framework\src\traditional\proc\p18f4620.asm
                     IPR1   0x000f9f       data     extern E:\c18v3.46\pic18-lt\cxx-framework\src\traditional\proc\p18f4620.asm
                 IPR1bits   0x000f9f       data     extern E:\c18v3.46\pic18-lt\cxx-framework\src\traditional\proc\p18f4620.asm
                     PIE2   0x000fa0       data     extern E:\c18v3.46\pic18-lt\cxx-framework\src\traditional\proc\p18f4620.asm
                 PIE2bits   0x000fa0       data     extern E:\c18v3.46\pic18-lt\cxx-framework\src\traditional\proc\p18f4620.asm
                     PIR2   0x000fa1       data     extern E:\c18v3.46\pic18-lt\cxx-framework\src\traditional\proc\p18f4620.asm
                 PIR2bits   0x000fa1       data     extern E:\c18v3.46\pic18-lt\cxx-framework\src\traditional\proc\p18f4620.asm
                     IPR2   0x000fa2       data     extern E:\c18v3.46\pic18-lt\cxx-framework\src\traditional\proc\p18f4620.asm
                 IPR2bits   0x000fa2       data     extern E:\c18v3.46\pic18-lt\cxx-framework\src\traditional\proc\p18f4620.asm
               EECON1bits   0x000fa6       data     extern E:\c18v3.46\pic18-lt\cxx-framework\src\traditional\proc\p18f4620.asm
                   EECON1   0x000fa6       data     extern E:\c18v3.46\pic18-lt\cxx-framework\src\traditional\proc\p18f4620.asm
                   EECON2   0x000fa7       data     extern E:\c18v3.46\pic18-lt\cxx-framework\src\traditional\proc\p18f4620.asm
                   EEDATA   0x000fa8       data     extern E:\c18v3.46\pic18-lt\cxx-framework\src\traditional\proc\p18f4620.asm
                    EEADR   0x000fa9       data     extern E:\c18v3.46\pic18-lt\cxx-framework\src\traditional\proc\p18f4620.asm
                   EEADRH   0x000faa       data     extern E:\c18v3.46\pic18-lt\cxx-framework\src\traditional\proc\p18f4620.asm
                RCSTAbits   0x000fab       data     extern E:\c18v3.46\pic18-lt\cxx-framework\src\traditional\proc\p18f4620.asm
                    RCSTA   0x000fab       data     extern E:\c18v3.46\pic18-lt\cxx-framework\src\traditional\proc\p18f4620.asm
                TXSTAbits   0x000fac       data     extern E:\c18v3.46\pic18-lt\cxx-framework\src\traditional\proc\p18f4620.asm
                    TXSTA   0x000fac       data     extern E:\c18v3.46\pic18-lt\cxx-framework\src\traditional\proc\p18f4620.asm
                    TXREG   0x000fad       data     extern E:\c18v3.46\pic18-lt\cxx-framework\src\traditional\proc\p18f4620.asm
                    RCREG   0x000fae       data     extern E:\c18v3.46\pic18-lt\cxx-framework\src\traditional\proc\p18f4620.asm
                    SPBRG   0x000faf       data     extern E:\c18v3.46\pic18-lt\cxx-framework\src\traditional\proc\p18f4620.asm
                   SPBRGH   0x000fb0       data     extern E:\c18v3.46\pic18-lt\cxx-framework\src\traditional\proc\p18f4620.asm
                T3CONbits   0x000fb1       data     extern E:\c18v3.46\pic18-lt\cxx-framework\src\traditional\proc\p18f4620.asm
                    T3CON   0x000fb1       data     extern E:\c18v3.46\pic18-lt\cxx-framework\src\traditional\proc\p18f4620.asm
                    TMR3L   0x000fb2       data     extern E:\c18v3.46\pic18-lt\cxx-framework\src\traditional\proc\p18f4620.asm
                    TMR3H   0x000fb3       data     extern E:\c18v3.46\pic18-lt\cxx-framework\src\traditional\proc\p18f4620.asm
                CMCONbits   0x000fb4       data     extern E:\c18v3.46\pic18-lt\cxx-framework\src\traditional\proc\p18f4620.asm
                    CMCON   0x000fb4       data     extern E:\c18v3.46\pic18-lt\cxx-framework\src\traditional\proc\p18f4620.asm
                   CVRCON   0x000fb5       data     extern E:\c18v3.46\pic18-lt\cxx-framework\src\traditional\proc\p18f4620.asm
               CVRCONbits   0x000fb5       data     extern E:\c18v3.46\pic18-lt\cxx-framework\src\traditional\proc\p18f4620.asm
              ECCP1ASbits   0x000fb6       data     extern E:\c18v3.46\pic18-lt\cxx-framework\src\traditional\proc\p18f4620.asm
                  ECCP1AS   0x000fb6       data     extern E:\c18v3.46\pic18-lt\cxx-framework\src\traditional\proc\p18f4620.asm
              PWM1CONbits   0x000fb7       data     extern E:\c18v3.46\pic18-lt\cxx-framework\src\traditional\proc\p18f4620.asm
                  PWM1CON   0x000fb7       data     extern E:\c18v3.46\pic18-lt\cxx-framework\src\traditional\proc\p18f4620.asm
                  BAUDCON   0x000fb8       data     extern E:\c18v3.46\pic18-lt\cxx-framework\src\traditional\proc\p18f4620.asm
              BAUDCONbits   0x000fb8       data     extern E:\c18v3.46\pic18-lt\cxx-framework\src\traditional\proc\p18f4620.asm
                  BAUDCTL   0x000fb8       data     extern E:\c18v3.46\pic18-lt\cxx-framework\src\traditional\proc\p18f4620.asm
              BAUDCTLbits   0x000fb8       data     extern E:\c18v3.46\pic18-lt\cxx-framework\src\traditional\proc\p18f4620.asm
                  CCP2CON   0x000fba       data     extern E:\c18v3.46\pic18-lt\cxx-framework\src\traditional\proc\p18f4620.asm
              CCP2CONbits   0x000fba       data     extern E:\c18v3.46\pic18-lt\cxx-framework\src\traditional\proc\p18f4620.asm
                    CCPR2   0x000fbb       data     extern E:\c18v3.46\pic18-lt\cxx-framework\src\traditional\proc\p18f4620.asm
                   CCPR2L   0x000fbb       data     extern E:\c18v3.46\pic18-lt\cxx-framework\src\traditional\proc\p18f4620.asm
                   CCPR2H   0x000fbc       data     extern E:\c18v3.46\pic18-lt\cxx-framework\src\traditional\proc\p18f4620.asm
                  CCP1CON   0x000fbd       data     extern E:\c18v3.46\pic18-lt\cxx-framework\src\traditional\proc\p18f4620.asm
              CCP1CONbits   0x000fbd       data     extern E:\c18v3.46\pic18-lt\cxx-framework\src\traditional\proc\p18f4620.asm
                   CCPR1L   0x000fbe       data     extern E:\c18v3.46\pic18-lt\cxx-framework\src\traditional\proc\p18f4620.asm
                    CCPR1   0x000fbe       data     extern E:\c18v3.46\pic18-lt\cxx-framework\src\traditional\proc\p18f4620.asm
                   CCPR1H   0x000fbf       data     extern E:\c18v3.46\pic18-lt\cxx-framework\src\traditional\proc\p18f4620.asm
               ADCON2bits   0x000fc0       data     extern E:\c18v3.46\pic18-lt\cxx-framework\src\traditional\proc\p18f4620.asm
                   ADCON2   0x000fc0       data     extern E:\c18v3.46\pic18-lt\cxx-framework\src\traditional\proc\p18f4620.asm
               ADCON1bits   0x000fc1       data     extern E:\c18v3.46\pic18-lt\cxx-framework\src\traditional\proc\p18f4620.asm
                   ADCON1   0x000fc1       data     extern E:\c18v3.46\pic18-lt\cxx-framework\src\traditional\proc\p18f4620.asm
                   ADCON0   0x000fc2       data     extern E:\c18v3.46\pic18-lt\cxx-framework\src\traditional\proc\p18f4620.asm
               ADCON0bits   0x000fc2       data     extern E:\c18v3.46\pic18-lt\cxx-framework\src\traditional\proc\p18f4620.asm
                    ADRES   0x000fc3       data     extern E:\c18v3.46\pic18-lt\cxx-framework\src\traditional\proc\p18f4620.asm
                   ADRESL   0x000fc3       data     extern E:\c18v3.46\pic18-lt\cxx-framework\src\traditional\proc\p18f4620.asm
                   ADRESH   0x000fc4       data     extern E:\c18v3.46\pic18-lt\cxx-framework\src\traditional\proc\p18f4620.asm
                  SSPCON2   0x000fc5       data     extern E:\c18v3.46\pic18-lt\cxx-framework\src\traditional\proc\p18f4620.asm
              SSPCON2bits   0x000fc5       data     extern E:\c18v3.46\pic18-lt\cxx-framework\src\traditional\proc\p18f4620.asm
                  SSPCON1   0x000fc6       data     extern E:\c18v3.46\pic18-lt\cxx-framework\src\traditional\proc\p18f4620.asm
              SSPCON1bits   0x000fc6       data     extern E:\c18v3.46\pic18-lt\cxx-framework\src\traditional\proc\p18f4620.asm
                  SSPSTAT   0x000fc7       data     extern E:\c18v3.46\pic18-lt\cxx-framework\src\traditional\proc\p18f4620.asm
              SSPSTATbits   0x000fc7       data     extern E:\c18v3.46\pic18-lt\cxx-framework\src\traditional\proc\p18f4620.asm
                   SSPADD   0x000fc8       data     extern E:\c18v3.46\pic18-lt\cxx-framework\src\traditional\proc\p18f4620.asm
                   SSPBUF   0x000fc9       data     extern E:\c18v3.46\pic18-lt\cxx-framework\src\traditional\proc\p18f4620.asm
                    T2CON   0x000fca       data     extern E:\c18v3.46\pic18-lt\cxx-framework\src\traditional\proc\p18f4620.asm
                T2CONbits   0x000fca       data     extern E:\c18v3.46\pic18-lt\cxx-framework\src\traditional\proc\p18f4620.asm
                      PR2   0x000fcb       data     extern E:\c18v3.46\pic18-lt\cxx-framework\src\traditional\proc\p18f4620.asm
                     TMR2   0x000fcc       data     extern E:\c18v3.46\pic18-lt\cxx-framework\src\traditional\proc\p18f4620.asm
                T1CONbits   0x000fcd       data     extern E:\c18v3.46\pic18-lt\cxx-framework\src\traditional\proc\p18f4620.asm
                    T1CON   0x000fcd       data     extern E:\c18v3.46\pic18-lt\cxx-framework\src\traditional\proc\p18f4620.asm
                    TMR1L   0x000fce       data     extern E:\c18v3.46\pic18-lt\cxx-framework\src\traditional\proc\p18f4620.asm
                    TMR1H   0x000fcf       data     extern E:\c18v3.46\pic18-lt\cxx-framework\src\traditional\proc\p18f4620.asm
                     RCON   0x000fd0       data     extern E:\c18v3.46\pic18-lt\cxx-framework\src\traditional\proc\p18f4620.asm
                 RCONbits   0x000fd0       data     extern E:\c18v3.46\pic18-lt\cxx-framework\src\traditional\proc\p18f4620.asm
               WDTCONbits   0x000fd1       data     extern E:\c18v3.46\pic18-lt\cxx-framework\src\traditional\proc\p18f4620.asm
                   WDTCON   0x000fd1       data     extern E:\c18v3.46\pic18-lt\cxx-framework\src\traditional\proc\p18f4620.asm
               LVDCONbits   0x000fd2       data     extern E:\c18v3.46\pic18-lt\cxx-framework\src\traditional\proc\p18f4620.asm
                   LVDCON   0x000fd2       data     extern E:\c18v3.46\pic18-lt\cxx-framework\src\traditional\proc\p18f4620.asm
              HLVDCONbits   0x000fd2       data     extern E:\c18v3.46\pic18-lt\cxx-framework\src\traditional\proc\p18f4620.asm
                  HLVDCON   0x000fd2       data     extern E:\c18v3.46\pic18-lt\cxx-framework\src\traditional\proc\p18f4620.asm
               OSCCONbits   0x000fd3       data     extern E:\c18v3.46\pic18-lt\cxx-framework\src\traditional\proc\p18f4620.asm
                   OSCCON   0x000fd3       data     extern E:\c18v3.46\pic18-lt\cxx-framework\src\traditional\proc\p18f4620.asm
                T0CONbits   0x000fd5       data     extern E:\c18v3.46\pic18-lt\cxx-framework\src\traditional\proc\p18f4620.asm
                    T0CON   0x000fd5       data     extern E:\c18v3.46\pic18-lt\cxx-framework\src\traditional\proc\p18f4620.asm
                    TMR0L   0x000fd6       data     extern E:\c18v3.46\pic18-lt\cxx-framework\src\traditional\proc\p18f4620.asm
                    TMR0H   0x000fd7       data     extern E:\c18v3.46\pic18-lt\cxx-framework\src\traditional\proc\p18f4620.asm
                   STATUS   0x000fd8       data     extern E:\c18v3.46\pic18-lt\cxx-framework\src\traditional\proc\p18f4620.asm
               STATUSbits   0x000fd8       data     extern E:\c18v3.46\pic18-lt\cxx-framework\src\traditional\proc\p18f4620.asm
                     FSR2   0x000fd9       data     extern E:\c18v3.46\pic18-lt\cxx-framework\src\traditional\proc\p18f4620.asm
                    FSR2L   0x000fd9       data     extern E:\c18v3.46\pic18-lt\cxx-framework\src\traditional\proc\p18f4620.asm
                    FSR2H   0x000fda       data     extern E:\c18v3.46\pic18-lt\cxx-framework\src\traditional\proc\p18f4620.asm
                   PLUSW2   0x000fdb       data     extern E:\c18v3.46\pic18-lt\cxx-framework\src\traditional\proc\p18f4620.asm
                  PREINC2   0x000fdc       data     extern E:\c18v3.46\pic18-lt\cxx-framework\src\traditional\proc\p18f4620.asm
                 POSTDEC2   0x000fdd       data     extern E:\c18v3.46\pic18-lt\cxx-framework\src\traditional\proc\p18f4620.asm
                 POSTINC2   0x000fde       data     extern E:\c18v3.46\pic18-lt\cxx-framework\src\traditional\proc\p18f4620.asm
                    INDF2   0x000fdf       data     extern E:\c18v3.46\pic18-lt\cxx-framework\src\traditional\proc\p18f4620.asm
                      BSR   0x000fe0       data     extern E:\c18v3.46\pic18-lt\cxx-framework\src\traditional\proc\p18f4620.asm
                     FSR1   0x000fe1       data     extern E:\c18v3.46\pic18-lt\cxx-framework\src\traditional\proc\p18f4620.asm
                    FSR1L   0x000fe1       data     extern E:\c18v3.46\pic18-lt\cxx-framework\src\traditional\proc\p18f4620.asm
                    FSR1H   0x000fe2       data     extern E:\c18v3.46\pic18-lt\cxx-framework\src\traditional\proc\p18f4620.asm
                   PLUSW1   0x000fe3       data     extern E:\c18v3.46\pic18-lt\cxx-framework\src\traditional\proc\p18f4620.asm
                  PREINC1   0x000fe4       data     extern E:\c18v3.46\pic18-lt\cxx-framework\src\traditional\proc\p18f4620.asm
                 POSTDEC1   0x000fe5       data     extern E:\c18v3.46\pic18-lt\cxx-framework\src\traditional\proc\p18f4620.asm
                 POSTINC1   0x000fe6       data     extern E:\c18v3.46\pic18-lt\cxx-framework\src\traditional\proc\p18f4620.asm
                    INDF1   0x000fe7       data     extern E:\c18v3.46\pic18-lt\cxx-framework\src\traditional\proc\p18f4620.asm
                        W   0x000fe8       data     extern E:\c18v3.46\pic18-lt\cxx-framework\src\traditional\proc\p18f4620.asm
                     WREG   0x000fe8       data     extern E:\c18v3.46\pic18-lt\cxx-framework\src\traditional\proc\p18f4620.asm
                    FSR0L   0x000fe9       data     extern E:\c18v3.46\pic18-lt\cxx-framework\src\traditional\proc\p18f4620.asm
                     FSR0   0x000fe9       data     extern E:\c18v3.46\pic18-lt\cxx-framework\src\traditional\proc\p18f4620.asm
                    FSR0H   0x000fea       data     extern E:\c18v3.46\pic18-lt\cxx-framework\src\traditional\proc\p18f4620.asm
                   PLUSW0   0x000feb       data     extern E:\c18v3.46\pic18-lt\cxx-framework\src\traditional\proc\p18f4620.asm
                  PREINC0   0x000fec       data     extern E:\c18v3.46\pic18-lt\cxx-framework\src\traditional\proc\p18f4620.asm
                 POSTDEC0   0x000fed       data     extern E:\c18v3.46\pic18-lt\cxx-framework\src\traditional\proc\p18f4620.asm
                 POSTINC0   0x000fee       data     extern E:\c18v3.46\pic18-lt\cxx-framework\src\traditional\proc\p18f4620.asm
                    INDF0   0x000fef       data     extern E:\c18v3.46\pic18-lt\cxx-framework\src\traditional\proc\p18f4620.asm
              INTCON3bits   0x000ff0       data     extern E:\c18v3.46\pic18-lt\cxx-framework\src\traditional\proc\p18f4620.asm
                  INTCON3   0x000ff0       data     extern E:\c18v3.46\pic18-lt\cxx-framework\src\traditional\proc\p18f4620.asm
                  INTCON2   0x000ff1       data     extern E:\c18v3.46\pic18-lt\cxx-framework\src\traditional\proc\p18f4620.asm
              INTCON2bits   0x000ff1       data     extern E:\c18v3.46\pic18-lt\cxx-framework\src\traditional\proc\p18f4620.asm
                   INTCON   0x000ff2       data     extern E:\c18v3.46\pic18-lt\cxx-framework\src\traditional\proc\p18f4620.asm
               INTCONbits   0x000ff2       data     extern E:\c18v3.46\pic18-lt\cxx-framework\src\traditional\proc\p18f4620.asm
                     PROD   0x000ff3       data     extern E:\c18v3.46\pic18-lt\cxx-framework\src\traditional\proc\p18f4620.asm
                    PRODL   0x000ff3       data     extern E:\c18v3.46\pic18-lt\cxx-framework\src\traditional\proc\p18f4620.asm
                    PRODH   0x000ff4       data     extern E:\c18v3.46\pic18-lt\cxx-framework\src\traditional\proc\p18f4620.asm
                   TABLAT   0x000ff5       data     extern E:\c18v3.46\pic18-lt\cxx-framework\src\traditional\proc\p18f4620.asm
                  TBLPTRL   0x000ff6       data     extern E:\c18v3.46\pic18-lt\cxx-framework\src\traditional\proc\p18f4620.asm
                   TBLPTR   0x000ff6       data     extern E:\c18v3.46\pic18-lt\cxx-framework\src\traditional\proc\p18f4620.asm
                  TBLPTRH   0x000ff7       data     extern E:\c18v3.46\pic18-lt\cxx-framework\src\traditional\proc\p18f4620.asm
                  TBLPTRU   0x000ff8       data     extern E:\c18v3.46\pic18-lt\cxx-framework\src\traditional\proc\p18f4620.asm
                       PC   0x000ff9       data     extern E:\c18v3.46\pic18-lt\cxx-framework\src\traditional\proc\p18f4620.asm
                      PCL   0x000ff9       data     extern E:\c18v3.46\pic18-lt\cxx-framework\src\traditional\proc\p18f4620.asm
                   PCLATH   0x000ffa       data     extern E:\c18v3.46\pic18-lt\cxx-framework\src\traditional\proc\p18f4620.asm
                   PCLATU   0x000ffb       data     extern E:\c18v3.46\pic18-lt\cxx-framework\src\traditional\proc\p18f4620.asm
                   STKPTR   0x000ffc       data     extern E:\c18v3.46\pic18-lt\cxx-framework\src\traditional\proc\p18f4620.asm
               STKPTRbits   0x000ffc       data     extern E:\c18v3.46\pic18-lt\cxx-framework\src\traditional\proc\p18f4620.asm
                      TOS   0x000ffd       data     extern E:\c18v3.46\pic18-lt\cxx-framework\src\traditional\proc\p18f4620.asm
                     TOSL   0x000ffd       data     extern E:\c18v3.46\pic18-lt\cxx-framework\src\traditional\proc\p18f4620.asm
                     TOSH   0x000ffe       data     extern E:\c18v3.46\pic18-lt\cxx-framework\src\traditional\proc\p18f4620.asm
                     TOSU   0x000fff       data     extern E:\c18v3.46\pic18-lt\cxx-framework\src\traditional\proc\p18f4620.asm


