MPLINK 4.48, Linker
Linker Map File - Created Thu Aug 06 15:14:11 2015

                                 Section Info
                  Section       Type    Address   Location Size(Bytes)
                ---------  ---------  ---------  ---------  ---------
               _entry_scn       code   0x000000    program   0x000006
           .code___init.o       code   0x000006    program   0x000002
              high_vector       code   0x000008    program   0x000030
                   .cinit    romdata   0x000038    program   0x000086
    .code_mbfuncholding.o       code   0x0000be    program   0x00090e
              .code_app.o       code   0x0009cc    program   0x00083a
      .code_mbfunccoils.o       code   0x001206    program   0x000612
               .code_mb.o       code   0x001818    program   0x000606
     .code_digitdisplay.o       code   0x001e1e    program   0x000550
            .code_mbrtu.o       code   0x00236e    program   0x000510
          .code_mbutils.o       code   0x00287e    program   0x0003a4
       .code_portserial.o       code   0x002c22    program   0x0002be
     .code_linearkeypad.o       code   0x002ee0    program   0x000294
       .code_mbfuncdisc.o       code   0x003174    program   0x000270
      .code_mbfuncinput.o       code   0x0033e4    program   0x000258
            .code_timer.o       code   0x00363c    program   0x000210
         .romdata_mbcrc.o    romdata   0x00384c    program   0x000200
      .code_mbfuncother.o       code   0x003a4c    program   0x000166
            .code_mbcrc.o       code   0x003bb2    program   0x0000fc
        .code_porttimer.o       code   0x003cae    program   0x0000f6
             .code_main.o       code   0x003da4    program   0x0000cc
               _cinit_scn       code   0x003e70    program   0x00009e
          .code_adc_ide.o       code   0x003f0e    program   0x000098
            .code_uopen.o       code   0x003fa6    program   0x00008a
                     PROG       code   0x004030    program   0x000088
          .code_write_B.o       code   0x0040b8    program   0x000078
          .code_fxm3232.o       code   0x004130    program   0x000070
          .code_adcopen.o       code   0x0041a0    program   0x00006e
        .code_portevent.o       code   0x00420e    program   0x000060
           .code_read_B.o       code   0x00426e    program   0x00005c
                   STRING       code   0x0042ca    program   0x000056
           .code_t3open.o       code   0x004320    program   0x000042
           .code_t1open.o       code   0x004362    program   0x000042
            .code_uread.o       code   0x0043a4    program   0x00003e
          .code_t3write.o       code   0x0043e2    program   0x000038
          .code_t1write.o       code   0x00441a    program   0x000038
          .code_t0write.o       code   0x004452    program   0x000038
           .code_t0open.o       code   0x00448a    program   0x000038
         .code_fxd1616u.o       code   0x0044c2    program   0x00002c
                    .code       code   0x0044ee    program   0x000020
            .code_board.o       code   0x00450e    program   0x00001e
             _startup_scn       code   0x00452c    program   0x00001c
        .code_heartBeat.o       code   0x004548    program   0x00001a
              D10TCYXCODE       code   0x004562    program   0x000016
          .code_adcread.o       code   0x004578    program   0x000012
          .code_adcconv.o       code   0x00458a    program   0x000004
               app_data_i    romdata   0x00458e    program   0x00000e
           DISPLAY_DATA_i    romdata   0x00459c    program   0x00001c
       .romdata_fxm3232.o    romdata   0x0045b8    program   0x000000
      .romdata_fxd1616u.o    romdata   0x0045b8    program   0x000000
 .romdata_mbfuncholding.o    romdata   0x0045b8    program   0x000000
       .romdata_adcconv.o    romdata   0x0045b8    program   0x000000
         .idata_udefs.o_i    romdata   0x0045b8    program   0x000000
   .romdata_mbfuncinput.o    romdata   0x0045b8    program   0x000000
         .romdata_timer.o    romdata   0x0045b8    program   0x000000
         .idata_timer.o_i    romdata   0x0045b8    program   0x00000e
         .romdata_udefs.o    romdata   0x0045b8    program   0x000000
       .romdata_t0write.o    romdata   0x0045b8    program   0x000000
       .romdata_t1write.o    romdata   0x0045b8    program   0x000000
   .romdata_mbfuncother.o    romdata   0x0045b8    program   0x000000
    .romdata_mbfuncdisc.o    romdata   0x0045b8    program   0x000000
       .romdata_adcopen.o    romdata   0x0045b8    program   0x000000
   .romdata_mbfunccoils.o    romdata   0x0045b8    program   0x000000
        .romdata_t0open.o    romdata   0x0045b8    program   0x000000
        .romdata_t1open.o    romdata   0x0045b8    program   0x000000
         .romdata_mbrtu.o    romdata   0x0045b8    program   0x000000
        .romdata_t3open.o    romdata   0x0045b8    program   0x000000
         .idata_uopen.o_i    romdata   0x0045b8    program   0x000000
         .romdata_uopen.o    romdata   0x0045b8    program   0x000000
        .romdata_read_B.o    romdata   0x0045b8    program   0x000000
       .romdata_adcread.o    romdata   0x0045b8    program   0x000000
         .idata_uread.o_i    romdata   0x0045b8    program   0x000000
         .romdata_uread.o    romdata   0x0045b8    program   0x000000
         .romdata_c018i.o    romdata   0x0045b8    program   0x000000
  .romdata_digitdisplay.o    romdata   0x0045b8    program   0x000000
.romdata_interruptvector.o    romdata   0x0045b8    program   0x000000
     .romdata_portevent.o    romdata   0x0045b8    program   0x000000
       .romdata_write_B.o    romdata   0x0045b8    program   0x000000
            .romdata_mb.o    romdata   0x0045b8    program   0x000000
         .romdata_board.o    romdata   0x0045b8    program   0x000000
  .romdata_linearkeypad.o    romdata   0x0045b8    program   0x000000
    .romdata_portserial.o    romdata   0x0045b8    program   0x000000
             .stringtable    romdata   0x0045b8    program   0x000000
     .romdata_heartBeat.o    romdata   0x0045b8    program   0x000000
          .romdata_main.o    romdata   0x0045b8    program   0x000000
       .romdata_mbutils.o    romdata   0x0045b8    program   0x000000
       .idata_write_B.o_i    romdata   0x0045b8    program   0x000000
           .romdata_app.o    romdata   0x0045b8    program   0x000000
        .romdata___init.o    romdata   0x0045b8    program   0x000000
     .romdata_porttimer.o    romdata   0x0045b8    program   0x000000
       .romdata_adc_ide.o    romdata   0x0045b8    program   0x000000
       .romdata_t3write.o    romdata   0x0045b8    program   0x000000
        .idata_t1open.o_i    romdata   0x0045c6    program   0x000000
        .idata_t0open.o_i    romdata   0x0045c6    program   0x000000
        .idata_t3open.o_i    romdata   0x0045c6    program   0x000000
    .idata_portserial.o_i    romdata   0x0045c6    program   0x000000
         .idata_mbrtu.o_i    romdata   0x0045c6    program   0x000002
     .idata_porttimer.o_i    romdata   0x0045c6    program   0x000000
        .idata_read_B.o_i    romdata   0x0045c6    program   0x000000
       .idata_t3write.o_i    romdata   0x0045c6    program   0x000000
     .idata_portevent.o_i    romdata   0x0045c6    program   0x000000
       .idata_t1write.o_i    romdata   0x0045c6    program   0x000000
       .idata_mbutils.o_i    romdata   0x0045c6    program   0x000000
       .idata_t0write.o_i    romdata   0x0045c6    program   0x000000
    .idata_mbfuncdisc.o_i    romdata   0x0045c8    program   0x000000
   .idata_mbfunccoils.o_i    romdata   0x0045c8    program   0x000000
   .idata_mbfuncother.o_i    romdata   0x0045c8    program   0x000000
 .idata_mbfuncholding.o_i    romdata   0x0045c8    program   0x000000
            .idata_mb.o_i    romdata   0x0045c8    program   0x000041
         .idata_mbcrc.o_i    romdata   0x0045c8    program   0x000000
   .idata_mbfuncinput.o_i    romdata   0x0045c8    program   0x000000
          .idata_main.o_i    romdata   0x004609    program   0x000014
  .idata_linearkeypad.o_i    romdata   0x00461d    program   0x000011
.idata_interruptvector.o_i    romdata   0x00462e    program   0x000000
     .idata_heartBeat.o_i    romdata   0x00462e    program   0x000001
      .idata_fxd1616u.o_i    romdata   0x00462f    program   0x000000
       .idata_fxm3232.o_i    romdata   0x00462f    program   0x000000
  .idata_digitdisplay.o_i    romdata   0x00462f    program   0x00000b
         .idata_c018i.o_i    romdata   0x00463a    program   0x000000
           .idata_app.o_i    romdata   0x00463a    program   0x000002
         .idata_board.o_i    romdata   0x00463a    program   0x000000
       .idata_adc_ide.o_i    romdata   0x00463c    program   0x000006
       .idata_adcread.o_i    romdata   0x00463c    program   0x000000
       .idata_adcopen.o_i    romdata   0x00463c    program   0x000000
       .idata_adcconv.o_i    romdata   0x00463c    program   0x000000
            .code_c018i.o       code   0x004642    program   0x000000
        .idata___init.o_i    romdata   0x004642    program   0x000000
  .code_interruptvector.o       code   0x004642    program   0x000000
            .code_udefs.o       code   0x004642    program   0x000000
    .config_300001_main.o    romdata   0x300001    program   0x000001
    .config_300002_main.o    romdata   0x300002    program   0x000001
    .config_300003_main.o    romdata   0x300003    program   0x000001
    .config_300005_main.o    romdata   0x300005    program   0x000001
    .config_300006_main.o    romdata   0x300006    program   0x000001
    .config_300008_main.o    romdata   0x300008    program   0x000001
    .config_300009_main.o    romdata   0x300009    program   0x000001
    .config_30000a_main.o    romdata   0x30000a    program   0x000001
    .config_30000b_main.o    romdata   0x30000b    program   0x000001
    .config_30000c_main.o    romdata   0x30000c    program   0x000001
    .config_30000d_main.o    romdata   0x30000d    program   0x000001
                MATH_DATA      udata   0x000000       data   0x000014
                 .tmpdata      udata   0x000014       data   0x000008
              .idata_mb.o      idata   0x000080       data   0x000041
              .udata_mb.o      udata   0x0000c1       data   0x000027
            .idata_main.o      idata   0x0000e8       data   0x000014
       .udata_porttimer.o      udata   0x0000fc       data   0x000002
       .udata_portevent.o      udata   0x0000fe       data   0x000002
                 app_data      idata   0x000200       data   0x00000e
             DISPLAY_DATA      idata   0x000500       data   0x00001c
                 RTU_DATA      udata   0x000600       data   0x0000f6
           .udata_c018i.o      udata   0x0006f6       data   0x00000a
                   .stack      udata   0x000e00       data   0x000100
     .udata_mbfuncother.o      udata   0x000f00       data   0x000022
    .idata_linearkeypad.o      idata   0x000f22       data   0x000011
           .idata_timer.o      idata   0x000f33       data   0x00000e
    .idata_digitdisplay.o      idata   0x000f41       data   0x00000b
         .idata_adc_ide.o      idata   0x000f4c       data   0x000006
             .udata_app.o      udata   0x000f52       data   0x000002
           .idata_mbrtu.o      idata   0x000f54       data   0x000002
             .idata_app.o      idata   0x000f56       data   0x000002
           .udata_udefs.o      udata   0x000f58       data   0x000001
           .udata_board.o      udata   0x000f59       data   0x000001
       .idata_heartBeat.o      idata   0x000f5a       data   0x000001
         .udata_adcread.o      udata   0x000f5b       data   0x000000
           .idata_uopen.o      idata   0x000f5b       data   0x000000
           .udata_uopen.o      udata   0x000f5b       data   0x000000
          .idata_t3open.o      idata   0x000f5b       data   0x000000
          .udata_t3open.o      udata   0x000f5b       data   0x000000
          .idata_t1open.o      idata   0x000f5b       data   0x000000
          .udata_t1open.o      udata   0x000f5b       data   0x000000
          .idata_t0open.o      idata   0x000f5b       data   0x000000
          .udata_t0open.o      udata   0x000f5b       data   0x000000
         .idata_adcopen.o      idata   0x000f5b       data   0x000000
         .udata_adcopen.o      udata   0x000f5b       data   0x000000
         .idata_fxm3232.o      idata   0x000f5b       data   0x000000
         .udata_fxm3232.o      udata   0x000f5b       data   0x000000
           .idata_c018i.o      idata   0x000f5b       data   0x000000
          .idata___init.o      idata   0x000f5b       data   0x000000
          .udata___init.o      udata   0x000f5b       data   0x000000
         .idata_write_B.o      idata   0x000f5b       data   0x000000
         .udata_write_B.o      udata   0x000f5b       data   0x000000
         .idata_t3write.o      idata   0x000f5b       data   0x000000
         .udata_t3write.o      udata   0x000f5b       data   0x000000
         .idata_t1write.o      idata   0x000f5b       data   0x000000
         .udata_t1write.o      udata   0x000f5b       data   0x000000
         .idata_t0write.o      idata   0x000f5b       data   0x000000
         .udata_t0write.o      udata   0x000f5b       data   0x000000
           .idata_udefs.o      idata   0x000f5b       data   0x000000
          .idata_read_B.o      idata   0x000f5b       data   0x000000
          .udata_read_B.o      udata   0x000f5b       data   0x000000
           .idata_uread.o      idata   0x000f5b       data   0x000000
           .udata_uread.o      udata   0x000f5b       data   0x000000
         .idata_adcread.o      idata   0x000f5b       data   0x000000
      .idata_mbfuncdisc.o      idata   0x000f5b       data   0x000000
   .udata_mbfuncholding.o      udata   0x000f5b       data   0x000000
   .idata_mbfuncholding.o      idata   0x000f5b       data   0x000000
     .udata_mbfuncinput.o      udata   0x000f5b       data   0x000000
     .idata_mbfuncinput.o      idata   0x000f5b       data   0x000000
     .idata_mbfuncother.o      idata   0x000f5b       data   0x000000
         .udata_mbutils.o      udata   0x000f5b       data   0x000000
         .idata_mbutils.o      idata   0x000f5b       data   0x000000
      .udata_mbfuncdisc.o      udata   0x000f5b       data   0x000000
     .idata_mbfunccoils.o      idata   0x000f5b       data   0x000000
     .udata_mbfunccoils.o      udata   0x000f5b       data   0x000000
       .idata_portevent.o      idata   0x000f5b       data   0x000000
      .udata_portserial.o      udata   0x000f5b       data   0x000000
      .idata_portserial.o      idata   0x000f5b       data   0x000000
       .idata_porttimer.o      idata   0x000f5b       data   0x000000
         .udata_adc_ide.o      udata   0x000f5b       data   0x000000
           .udata_mbrtu.o      udata   0x000f5b       data   0x000000
           .idata_board.o      idata   0x000f5b       data   0x000000
    .udata_digitdisplay.o      udata   0x000f5b       data   0x000000
           .idata_mbcrc.o      idata   0x000f5b       data   0x000000
       .udata_heartBeat.o      udata   0x000f5b       data   0x000000
 .udata_interruptvector.o      udata   0x000f5b       data   0x000000
 .idata_interruptvector.o      idata   0x000f5b       data   0x000000
    .udata_linearkeypad.o      udata   0x000f5b       data   0x000000
            .udata_main.o      udata   0x000f5b       data   0x000000
           .udata_mbcrc.o      udata   0x000f5b       data   0x000000
           .udata_timer.o      udata   0x000f5b       data   0x000000
         .udata_adcconv.o      udata   0x000f5b       data   0x000000
         .idata_adcconv.o      idata   0x000f5b       data   0x000000
        .udata_fxd1616u.o      udata   0x000f5b       data   0x000000
        .idata_fxd1616u.o      idata   0x000f5b       data   0x000000
            SFR_UNBANKED0      udata   0x000f80       data   0x000080



                              Program Memory Usage 
                               Start         End      
                           ---------   ---------      
                            0x000000    0x004641      
                            0x300001    0x300003      
                            0x300005    0x300006      
                            0x300008    0x30000d      
            17997 out of 66584 program addresses used, program memory utilization is 27%



                              Symbols - Sorted by Name
                     Name    Address   Location    Storage File                     
                ---------  ---------  ---------  --------- ---------                
            ADC_getResult   0x003f80    program     extern D:\jo\Ideonics\PIC_Projects\TATAMotors\Pressure_Display\PressureDisplay _v2\source\adc_ide.c
                 ADC_init   0x003f0e    program     extern D:\jo\Ideonics\PIC_Projects\TATAMotors\Pressure_Display\PressureDisplay _v2\source\adc_ide.c
            ADC_interrupt   0x003f8c    program     extern D:\jo\Ideonics\PIC_Projects\TATAMotors\Pressure_Display\PressureDisplay _v2\source\adc_ide.c
                 ADC_task   0x003f2c    program     extern D:\jo\Ideonics\PIC_Projects\TATAMotors\Pressure_Display\PressureDisplay _v2\source\adc_ide.c
            ASCII_decimal   0x001022    program     extern D:\jo\Ideonics\PIC_Projects\TATAMotors\Pressure_Display\PressureDisplay _v2\source\app.c
                 BRD_init   0x00450e    program     extern D:\jo\Ideonics\PIC_Projects\TATAMotors\Pressure_Display\PressureDisplay _v2\source\board.c
               ConvertADC   0x00458a    program     extern E:\c18v3.46\pic18-lt\cxx-framework\src\pmc_common\ADC\adcconv.c
                    D10_1   0x004572    program     static E:\c18v3.46\pic18-lt\cxx-framework\src\traditional\delays\d10tcyx.asm
                     D10x   0x00456a    program     static E:\c18v3.46\pic18-lt\cxx-framework\src\traditional\delays\d10tcyx.asm
                   D1616S   0x004052    program     static E:\c18v3.46\pic18-lt\cxx-framework\src\traditional\math\fxd1616s.asm
                D1616SNEG   0x004060    program     static E:\c18v3.46\pic18-lt\cxx-framework\src\traditional\math\fxd1616s.asm
                 D1616SOK   0x00405c    program     static E:\c18v3.46\pic18-lt\cxx-framework\src\traditional\math\fxd1616s.asm
                  D1616SX   0x004072    program     static E:\c18v3.46\pic18-lt\cxx-framework\src\traditional\math\fxd1616s.asm
                  DA1616S   0x004042    program     static E:\c18v3.46\pic18-lt\cxx-framework\src\traditional\math\fxd1616s.asm
              Delay10TCYx   0x004562    program     extern E:\c18v3.46\pic18-lt\cxx-framework\src\traditional\delays\d10tcyx.asm
    DigitDisplay_blinkOff   0x0020e0    program     extern D:\jo\Ideonics\PIC_Projects\TATAMotors\Pressure_Display\PressureDisplay _v2\source\digitdisplay.c
     DigitDisplay_blinkOn   0x0020a8    program     extern D:\jo\Ideonics\PIC_Projects\TATAMotors\Pressure_Display\PressureDisplay _v2\source\digitdisplay.c
 DigitDisplay_blinkOn_ind   0x0021c8    program     extern D:\jo\Ideonics\PIC_Projects\TATAMotors\Pressure_Display\PressureDisplay _v2\source\digitdisplay.c
       DigitDisplay_clear   0x0020ee    program     extern D:\jo\Ideonics\PIC_Projects\TATAMotors\Pressure_Display\PressureDisplay _v2\source\digitdisplay.c
      DigitDisplay_dotOff   0x002262    program     extern D:\jo\Ideonics\PIC_Projects\TATAMotors\Pressure_Display\PressureDisplay _v2\source\digitdisplay.c
       DigitDisplay_dotOn   0x00225a    program     extern D:\jo\Ideonics\PIC_Projects\TATAMotors\Pressure_Display\PressureDisplay _v2\source\digitdisplay.c
        DigitDisplay_init   0x001e1e    program     extern D:\jo\Ideonics\PIC_Projects\TATAMotors\Pressure_Display\PressureDisplay _v2\source\digitdisplay.c
        DigitDisplay_task   0x001e80    program     extern D:\jo\Ideonics\PIC_Projects\TATAMotors\Pressure_Display\PressureDisplay _v2\source\digitdisplay.c
DigitDisplay_updateBuffer   0x001f06    program     extern D:\jo\Ideonics\PIC_Projects\TATAMotors\Pressure_Display\PressureDisplay _v2\source\digitdisplay.c
DigitDisplay_updateBufferBinary   0x001fd0    program     extern D:\jo\Ideonics\PIC_Projects\TATAMotors\Pressure_Display\PressureDisplay _v2\source\digitdisplay.c
DigitDisplay_updateBuffer_noValidation   0x002268    program     extern D:\jo\Ideonics\PIC_Projects\TATAMotors\Pressure_Display\PressureDisplay _v2\source\digitdisplay.c
 DigitDisplay_updateDigit   0x002024    program     extern D:\jo\Ideonics\PIC_Projects\TATAMotors\Pressure_Display\PressureDisplay _v2\source\digitdisplay.c
         EnableInterrupts   0x000032    program     extern D:\jo\Ideonics\PIC_Projects\TATAMotors\Pressure_Display\PressureDisplay _v2\source\interruptvector.c
                 FXD1616S   0x004030    program     extern E:\c18v3.46\pic18-lt\cxx-framework\src\traditional\math\fxd1616s.asm
                 FXD1616U   0x0044c2    program     extern E:\c18v3.46\pic18-lt\cxx-framework\src\traditional\math\fxd1616u.c
                 FXM1616U   0x00407c    program     extern E:\c18v3.46\pic18-lt\cxx-framework\src\traditional\math\fxm1616u.asm
                  FXM3232   0x004130    program     extern E:\c18v3.46\pic18-lt\cxx-framework\src\traditional\math\fxm3232.c
                  HB_init   0x004548    program     extern D:\jo\Ideonics\PIC_Projects\TATAMotors\Pressure_Display\PressureDisplay _v2\source\heartBeat.c
                  HB_task   0x00454e    program     extern D:\jo\Ideonics\PIC_Projects\TATAMotors\Pressure_Display\PressureDisplay _v2\source\heartBeat.c
 LinearKeyPad_getKeyState   0x002fb2    program     extern D:\jo\Ideonics\PIC_Projects\TATAMotors\Pressure_Display\PressureDisplay _v2\source\linearkeypad.c
        LinearKeyPad_init   0x002ee0    program     extern D:\jo\Ideonics\PIC_Projects\TATAMotors\Pressure_Display\PressureDisplay _v2\source\linearkeypad.c
       LinearKeyPad_reset   0x002fda    program     extern D:\jo\Ideonics\PIC_Projects\TATAMotors\Pressure_Display\PressureDisplay _v2\source\linearkeypad.c
        LinearKeyPad_scan   0x002f68    program     extern D:\jo\Ideonics\PIC_Projects\TATAMotors\Pressure_Display\PressureDisplay _v2\source\linearkeypad.c
LinearKeyPad_scan_from_to   0x002f10    program     extern D:\jo\Ideonics\PIC_Projects\TATAMotors\Pressure_Display\PressureDisplay _v2\source\linearkeypad.c
   LinearKeyPad_updateKey   0x002ee4    program     extern D:\jo\Ideonics\PIC_Projects\TATAMotors\Pressure_Display\PressureDisplay _v2\source\linearkeypad.c
                  OpenADC   0x0041a0    program     extern E:\c18v3.46\pic18-lt\cxx-framework\src\pmc_common\ADC\adcopen.c
               OpenTimer0   0x00448a    program     extern E:\c18v3.46\pic18-lt\cxx-framework\src\pmc_common\Timers\t0open.c
               OpenTimer1   0x004362    program     extern E:\c18v3.46\pic18-lt\cxx-framework\src\pmc_common\Timers\t1open.c
               OpenTimer3   0x004320    program     extern E:\c18v3.46\pic18-lt\cxx-framework\src\pmc_common\Timers\t3open.c
                OpenUSART   0x003fa6    program     extern E:\c18v3.46\pic18-lt\cxx-framework\src\pmc_common\USART\uopen.c
                  ReadADC   0x004578    program     extern E:\c18v3.46\pic18-lt\cxx-framework\src\pmc_common\ADC\adcread.c
                ReadUSART   0x0043a4    program     extern E:\c18v3.46\pic18-lt\cxx-framework\src\pmc_common\USART\uread.c
               Read_b_eep   0x00426e    program     extern E:\c18v3.46\pic18-lt\cxx-framework\src\pmc_common\EEP\read_B.c
                 TMR0_ISR   0x00363c    program     extern D:\jo\Ideonics\PIC_Projects\TATAMotors\Pressure_Display\PressureDisplay _v2\source\timer.c
                TMR0_init   0x0037be    program     extern D:\jo\Ideonics\PIC_Projects\TATAMotors\Pressure_Display\PressureDisplay _v2\source\timer.c
                 TMR1_ISR   0x003704    program     extern D:\jo\Ideonics\PIC_Projects\TATAMotors\Pressure_Display\PressureDisplay _v2\source\timer.c
                TMR1_init   0x003804    program     extern D:\jo\Ideonics\PIC_Projects\TATAMotors\Pressure_Display\PressureDisplay _v2\source\timer.c
              WriteTimer0   0x004452    program     extern E:\c18v3.46\pic18-lt\cxx-framework\src\pmc_common\Timers\t0write.c
              WriteTimer1   0x00441a    program     extern E:\c18v3.46\pic18-lt\cxx-framework\src\pmc_common\Timers\t1write.c
              WriteTimer3   0x0043e2    program     extern E:\c18v3.46\pic18-lt\cxx-framework\src\pmc_common\Timers\t3write.c
              Write_b_eep   0x0040b8    program     extern E:\c18v3.46\pic18-lt\cxx-framework\src\pmc_common\EEP\write_B.c
              _4jContinue   0x0042fe    program     static E:\c18v3.46\pic18-lt\cxx-framework\src\traditional\stdclib\memcpy.asm
                   _5jEnd   0x004308    program     static E:\c18v3.46\pic18-lt\cxx-framework\src\traditional\stdclib\memcpy.asm
        _D10TCYXCODE_000A   0x00456c    program     static E:\c18v3.46\pic18-lt\cxx-framework\src\traditional\delays\d10tcyx.asm
        _D10TCYXCODE_000C   0x00456e    program     static E:\c18v3.46\pic18-lt\cxx-framework\src\traditional\delays\d10tcyx.asm
        _D10TCYXCODE_000E   0x004570    program     static E:\c18v3.46\pic18-lt\cxx-framework\src\traditional\delays\d10tcyx.asm
           ___if_lbl00001   0x000010    program     static                          
           ___if_lbl00002   0x000018    program     static                          
           ___if_lbl00003   0x003e22    program     static                          
           ___if_lbl00003   0x000020    program     static                          
           ___if_lbl00004   0x000028    program     static                          
           ___if_lbl00004   0x003e3e    program     static                          
           ___if_lbl00005   0x000030    program     static                          
           ___if_lbl00005   0x003e54    program     static                          
       ___return_lbl00000   0x000004    program     static                          
       ___return_lbl00000   0x0042be    program     static                          
       ___return_lbl00000   0x00419e    program     static                          
       ___return_lbl00000   0x0044ec    program     static                          
       ___return_lbl00000   0x003e5c    program     static                          
       ___return_lbl00000   0x000030    program     static                          
       ___return_lbl00001   0x004546    program     static                          
       ___return_lbl00002   0x003f0c    program     static                          
        ___while_lbl00001   0x003e08    program     static                          
        ___while_lbl00002   0x003e5c    program     static                          
               __config_0   0x300001    program     static D:\jo\Ideonics\PIC_Projects\TATAMotors\Pressure_Display\PressureDisplay _v2\source\main.c
               __config_1   0x300002    program     static D:\jo\Ideonics\PIC_Projects\TATAMotors\Pressure_Display\PressureDisplay _v2\source\main.c
              __config_10   0x30000d    program     static D:\jo\Ideonics\PIC_Projects\TATAMotors\Pressure_Display\PressureDisplay _v2\source\main.c
               __config_2   0x300003    program     static D:\jo\Ideonics\PIC_Projects\TATAMotors\Pressure_Display\PressureDisplay _v2\source\main.c
               __config_3   0x300005    program     static D:\jo\Ideonics\PIC_Projects\TATAMotors\Pressure_Display\PressureDisplay _v2\source\main.c
               __config_4   0x300006    program     static D:\jo\Ideonics\PIC_Projects\TATAMotors\Pressure_Display\PressureDisplay _v2\source\main.c
               __config_5   0x300008    program     static D:\jo\Ideonics\PIC_Projects\TATAMotors\Pressure_Display\PressureDisplay _v2\source\main.c
               __config_6   0x300009    program     static D:\jo\Ideonics\PIC_Projects\TATAMotors\Pressure_Display\PressureDisplay _v2\source\main.c
               __config_7   0x30000a    program     static D:\jo\Ideonics\PIC_Projects\TATAMotors\Pressure_Display\PressureDisplay _v2\source\main.c
               __config_8   0x30000b    program     static D:\jo\Ideonics\PIC_Projects\TATAMotors\Pressure_Display\PressureDisplay _v2\source\main.c
               __config_9   0x30000c    program     static D:\jo\Ideonics\PIC_Projects\TATAMotors\Pressure_Display\PressureDisplay _v2\source\main.c
                   __init   0x000006    program     extern E:\c18v3.46\pic18-lt\cxx-framework\src\traditional\stdclib\__init.c
            __zero_memory   0x0044ee    program     extern E:\c18v3.46\pic18-lt\cxx-framework\src\traditional\proc\p18f4620.asm
                _do_cinit   0x003e70    program     extern E:\c18v3.46\pic18-lt\cxx-framework\src\traditional\startup\c018i.c
                   _entry   0x000000    program     extern E:\c18v3.46\pic18-lt\cxx-framework\src\traditional\startup\c018i.c
                 _startup   0x00452c    program     extern E:\c18v3.46\pic18-lt\cxx-framework\src\traditional\startup\c018i.c
                 app_init   0x0009cc    program     extern D:\jo\Ideonics\PIC_Projects\TATAMotors\Pressure_Display\PressureDisplay _v2\source\app.c
                 app_task   0x000a68    program     extern D:\jo\Ideonics\PIC_Projects\TATAMotors\Pressure_Display\PressureDisplay _v2\source\app.c
                 aucCRCHi   0x00384c    program     static D:\jo\Ideonics\PIC_Projects\TATAMotors\Pressure_Display\PressureDisplay _v2\modbus\rtu\mbcrc.c
                 aucCRCLo   0x00394c    program     static D:\jo\Ideonics\PIC_Projects\TATAMotors\Pressure_Display\PressureDisplay _v2\modbus\rtu\mbcrc.c
                compare_l   0x004504    program     static E:\c18v3.46\pic18-lt\cxx-framework\src\traditional\proc\p18f4620.asm
               conversion   0x000d8a    program     extern D:\jo\Ideonics\PIC_Projects\TATAMotors\Pressure_Display\PressureDisplay _v2\source\app.c
                copy_loop   0x003ee2    program     static                          
            copy_one_byte   0x003ee8    program     static                          
          countToPressure   0x000f7e    program     extern D:\jo\Ideonics\PIC_Projects\TATAMotors\Pressure_Display\PressureDisplay _v2\source\app.c
                     done   0x003f0c    program     static                          
             done_copying   0x003ef6    program     static                          
                 eMBClose   0x001b32    program     extern D:\jo\Ideonics\PIC_Projects\TATAMotors\Pressure_Display\PressureDisplay _v2\modbus\mb.c
               eMBDisable   0x001bb0    program     extern D:\jo\Ideonics\PIC_Projects\TATAMotors\Pressure_Display\PressureDisplay _v2\modbus\mb.c
                eMBEnable   0x001b74    program     extern D:\jo\Ideonics\PIC_Projects\TATAMotors\Pressure_Display\PressureDisplay _v2\modbus\mb.c
         eMBFuncReadCoils   0x001206    program     extern D:\jo\Ideonics\PIC_Projects\TATAMotors\Pressure_Display\PressureDisplay _v2\modbus\functions\mbfunccoils.c
eMBFuncReadDiscreteInputs   0x003174    program     extern D:\jo\Ideonics\PIC_Projects\TATAMotors\Pressure_Display\PressureDisplay _v2\modbus\functions\mbfuncdisc.c
eMBFuncReadHoldingRegister   0x00039c    program     extern D:\jo\Ideonics\PIC_Projects\TATAMotors\Pressure_Display\PressureDisplay _v2\modbus\functions\mbfuncholding.c
 eMBFuncReadInputRegister   0x0033e4    program     extern D:\jo\Ideonics\PIC_Projects\TATAMotors\Pressure_Display\PressureDisplay _v2\modbus\functions\mbfuncinput.c
eMBFuncReadWriteMultipleHoldingRegister   0x0005de    program     extern D:\jo\Ideonics\PIC_Projects\TATAMotors\Pressure_Display\PressureDisplay _v2\modbus\functions\mbfuncholding.c
     eMBFuncReportSlaveID   0x003b40    program     extern D:\jo\Ideonics\PIC_Projects\TATAMotors\Pressure_Display\PressureDisplay _v2\modbus\functions\mbfuncother.c
         eMBFuncWriteCoil   0x001478    program     extern D:\jo\Ideonics\PIC_Projects\TATAMotors\Pressure_Display\PressureDisplay _v2\modbus\functions\mbfunccoils.c
eMBFuncWriteHoldingRegister   0x0000be    program     extern D:\jo\Ideonics\PIC_Projects\TATAMotors\Pressure_Display\PressureDisplay _v2\modbus\functions\mbfuncholding.c
eMBFuncWriteMultipleCoils   0x0015ea    program     extern D:\jo\Ideonics\PIC_Projects\TATAMotors\Pressure_Display\PressureDisplay _v2\modbus\functions\mbfunccoils.c
eMBFuncWriteMultipleHoldingRegister   0x0001ae    program     extern D:\jo\Ideonics\PIC_Projects\TATAMotors\Pressure_Display\PressureDisplay _v2\modbus\functions\mbfuncholding.c
                  eMBInit   0x001818    program     extern D:\jo\Ideonics\PIC_Projects\TATAMotors\Pressure_Display\PressureDisplay _v2\modbus\mb.c
                  eMBPoll   0x001bf6    program     extern D:\jo\Ideonics\PIC_Projects\TATAMotors\Pressure_Display\PressureDisplay _v2\modbus\mb.c
               eMBRTUInit   0x00236e    program     extern D:\jo\Ideonics\PIC_Projects\TATAMotors\Pressure_Display\PressureDisplay _v2\modbus\rtu\mbrtu.c
            eMBRTUReceive   0x0024e0    program     extern D:\jo\Ideonics\PIC_Projects\TATAMotors\Pressure_Display\PressureDisplay _v2\modbus\rtu\mbrtu.c
               eMBRTUSend   0x0025c0    program     extern D:\jo\Ideonics\PIC_Projects\TATAMotors\Pressure_Display\PressureDisplay _v2\modbus\rtu\mbrtu.c
              eMBRTUStart   0x0024ae    program     extern D:\jo\Ideonics\PIC_Projects\TATAMotors\Pressure_Display\PressureDisplay _v2\modbus\rtu\mbrtu.c
               eMBRTUStop   0x0024ca    program     extern D:\jo\Ideonics\PIC_Projects\TATAMotors\Pressure_Display\PressureDisplay _v2\modbus\rtu\mbrtu.c
            eMBRegCoilsCB   0x0011de    program     extern D:\jo\Ideonics\PIC_Projects\TATAMotors\Pressure_Display\PressureDisplay _v2\source\app.c
         eMBRegDiscreteCB   0x0011f2    program     extern D:\jo\Ideonics\PIC_Projects\TATAMotors\Pressure_Display\PressureDisplay _v2\source\app.c
          eMBRegHoldingCB   0x0011ca    program     extern D:\jo\Ideonics\PIC_Projects\TATAMotors\Pressure_Display\PressureDisplay _v2\source\app.c
            eMBRegInputCB   0x001088    program     extern D:\jo\Ideonics\PIC_Projects\TATAMotors\Pressure_Display\PressureDisplay _v2\source\app.c
            eMBRegisterCB   0x00191e    program     extern D:\jo\Ideonics\PIC_Projects\TATAMotors\Pressure_Display\PressureDisplay _v2\modbus\mb.c
            eMBSetSlaveID   0x003a4c    program     extern D:\jo\Ideonics\PIC_Projects\TATAMotors\Pressure_Display\PressureDisplay _v2\modbus\functions\mbfuncother.c
                  endloop   0x0044e8    program     static                          
           high_interrupt   0x000008    program     extern D:\jo\Ideonics\PIC_Projects\TATAMotors\Pressure_Display\PressureDisplay _v2\source\interruptvector.c
               itemSelect   0x000f4c    program     extern D:\jo\Ideonics\PIC_Projects\TATAMotors\Pressure_Display\PressureDisplay _v2\source\app.c
                     jEnd   0x00430e    program     static E:\c18v3.46\pic18-lt\cxx-framework\src\traditional\stdclib\memcpy.asm
                    jLoop   0x0042f2    program     static E:\c18v3.46\pic18-lt\cxx-framework\src\traditional\stdclib\memcpy.asm
                     loop   0x00453c    program     static                          
                     loop   0x0044cc    program     static                          
                   loop_h   0x0044fc    program     static E:\c18v3.46\pic18-lt\cxx-framework\src\traditional\proc\p18f4620.asm
                   loop_l   0x004506    program     static E:\c18v3.46\pic18-lt\cxx-framework\src\traditional\proc\p18f4620.asm
                     main   0x003da4    program     extern D:\jo\Ideonics\PIC_Projects\TATAMotors\Pressure_Display\PressureDisplay _v2\source\main.c
                   memcpy   0x0042ca    program     extern E:\c18v3.46\pic18-lt\cxx-framework\src\traditional\stdclib\memcpy.asm
    prveMBError2Exception   0x002be4    program     extern D:\jo\Ideonics\PIC_Projects\TATAMotors\Pressure_Display\PressureDisplay _v2\modbus\functions\mbutils.c
      prvvTIMERExpiredISR   0x003cf6    program     extern D:\jo\Ideonics\PIC_Projects\TATAMotors\Pressure_Display\PressureDisplay _v2\modbus\porttimer.c
            prvvUARTRxISR   0x002e34    program     extern D:\jo\Ideonics\PIC_Projects\TATAMotors\Pressure_Display\PressureDisplay _v2\modbus\portserial.c
       prvvUARTTxReadyISR   0x002d88    program     extern D:\jo\Ideonics\PIC_Projects\TATAMotors\Pressure_Display\PressureDisplay _v2\modbus\portserial.c
           readKeyPadPort   0x003024    program     static D:\jo\Ideonics\PIC_Projects\TATAMotors\Pressure_Display\PressureDisplay _v2\source\linearkeypad.c
                     test   0x003e8a    program     static                          
                updateKey   0x00302a    program     static D:\jo\Ideonics\PIC_Projects\TATAMotors\Pressure_Display\PressureDisplay _v2\source\linearkeypad.c
                usMBCRC16   0x003bb2    program     extern D:\jo\Ideonics\PIC_Projects\TATAMotors\Pressure_Display\PressureDisplay _v2\modbus\rtu\mbcrc.c
      vMBPortSerialEnable   0x002c22    program     extern D:\jo\Ideonics\PIC_Projects\TATAMotors\Pressure_Display\PressureDisplay _v2\modbus\portserial.c
     vMBPortTimersDisable   0x003cf2    program     extern D:\jo\Ideonics\PIC_Projects\TATAMotors\Pressure_Display\PressureDisplay _v2\modbus\porttimer.c
      vMBPortTimersEnable   0x003cdc    program     extern D:\jo\Ideonics\PIC_Projects\TATAMotors\Pressure_Display\PressureDisplay _v2\modbus\porttimer.c
                 validate   0x002184    program     static D:\jo\Ideonics\PIC_Projects\TATAMotors\Pressure_Display\PressureDisplay _v2\source\digitdisplay.c
       writeToDisplayPort   0x002122    program     static D:\jo\Ideonics\PIC_Projects\TATAMotors\Pressure_Display\PressureDisplay _v2\source\digitdisplay.c
          xMBPortEventGet   0x004238    program     extern D:\jo\Ideonics\PIC_Projects\TATAMotors\Pressure_Display\PressureDisplay _v2\modbus\portevent.c
         xMBPortEventInit   0x00420e    program     extern D:\jo\Ideonics\PIC_Projects\TATAMotors\Pressure_Display\PressureDisplay _v2\modbus\portevent.c
         xMBPortEventPost   0x004218    program     extern D:\jo\Ideonics\PIC_Projects\TATAMotors\Pressure_Display\PressureDisplay _v2\modbus\portevent.c
     xMBPortSerialGetByte   0x002d58    program     extern D:\jo\Ideonics\PIC_Projects\TATAMotors\Pressure_Display\PressureDisplay _v2\modbus\portserial.c
        xMBPortSerialInit   0x002c58    program     extern D:\jo\Ideonics\PIC_Projects\TATAMotors\Pressure_Display\PressureDisplay _v2\modbus\portserial.c
     xMBPortSerialPutByte   0x002d22    program     extern D:\jo\Ideonics\PIC_Projects\TATAMotors\Pressure_Display\PressureDisplay _v2\modbus\portserial.c
        xMBPortTimersInit   0x003cae    program     extern D:\jo\Ideonics\PIC_Projects\TATAMotors\Pressure_Display\PressureDisplay _v2\modbus\porttimer.c
         xMBRTUReceiveFSM   0x0026d0    program     extern D:\jo\Ideonics\PIC_Projects\TATAMotors\Pressure_Display\PressureDisplay _v2\modbus\rtu\mbrtu.c
    xMBRTUTimerT35Expired   0x00282c    program     extern D:\jo\Ideonics\PIC_Projects\TATAMotors\Pressure_Display\PressureDisplay _v2\modbus\rtu\mbrtu.c
        xMBRTUTransmitFSM   0x00279e    program     extern D:\jo\Ideonics\PIC_Projects\TATAMotors\Pressure_Display\PressureDisplay _v2\modbus\rtu\mbrtu.c
           xMBUtilGetBits   0x002aa2    program     extern D:\jo\Ideonics\PIC_Projects\TATAMotors\Pressure_Display\PressureDisplay _v2\modbus\functions\mbutils.c
           xMBUtilSetBits   0x00287e    program     extern D:\jo\Ideonics\PIC_Projects\TATAMotors\Pressure_Display\PressureDisplay _v2\modbus\functions\mbutils.c
               zero_block   0x0044fc    program     static E:\c18v3.46\pic18-lt\cxx-framework\src\traditional\proc\p18f4620.asm
                   ADCON0   0x000fc2       data     extern E:\c18v3.46\pic18-lt\cxx-framework\src\traditional\proc\p18f4620.asm
               ADCON0bits   0x000fc2       data     extern E:\c18v3.46\pic18-lt\cxx-framework\src\traditional\proc\p18f4620.asm
                   ADCON1   0x000fc1       data     extern E:\c18v3.46\pic18-lt\cxx-framework\src\traditional\proc\p18f4620.asm
               ADCON1bits   0x000fc1       data     extern E:\c18v3.46\pic18-lt\cxx-framework\src\traditional\proc\p18f4620.asm
                   ADCON2   0x000fc0       data     extern E:\c18v3.46\pic18-lt\cxx-framework\src\traditional\proc\p18f4620.asm
               ADCON2bits   0x000fc0       data     extern E:\c18v3.46\pic18-lt\cxx-framework\src\traditional\proc\p18f4620.asm
                    ADRES   0x000fc3       data     extern E:\c18v3.46\pic18-lt\cxx-framework\src\traditional\proc\p18f4620.asm
                   ADRESH   0x000fc4       data     extern E:\c18v3.46\pic18-lt\cxx-framework\src\traditional\proc\p18f4620.asm
                   ADRESL   0x000fc3       data     extern E:\c18v3.46\pic18-lt\cxx-framework\src\traditional\proc\p18f4620.asm
                  BAUDCON   0x000fb8       data     extern E:\c18v3.46\pic18-lt\cxx-framework\src\traditional\proc\p18f4620.asm
              BAUDCONbits   0x000fb8       data     extern E:\c18v3.46\pic18-lt\cxx-framework\src\traditional\proc\p18f4620.asm
                  BAUDCTL   0x000fb8       data     extern E:\c18v3.46\pic18-lt\cxx-framework\src\traditional\proc\p18f4620.asm
              BAUDCTLbits   0x000fb8       data     extern E:\c18v3.46\pic18-lt\cxx-framework\src\traditional\proc\p18f4620.asm
                      BSR   0x000fe0       data     extern E:\c18v3.46\pic18-lt\cxx-framework\src\traditional\proc\p18f4620.asm
                  CCP1CON   0x000fbd       data     extern E:\c18v3.46\pic18-lt\cxx-framework\src\traditional\proc\p18f4620.asm
              CCP1CONbits   0x000fbd       data     extern E:\c18v3.46\pic18-lt\cxx-framework\src\traditional\proc\p18f4620.asm
                  CCP2CON   0x000fba       data     extern E:\c18v3.46\pic18-lt\cxx-framework\src\traditional\proc\p18f4620.asm
              CCP2CONbits   0x000fba       data     extern E:\c18v3.46\pic18-lt\cxx-framework\src\traditional\proc\p18f4620.asm
                    CCPR1   0x000fbe       data     extern E:\c18v3.46\pic18-lt\cxx-framework\src\traditional\proc\p18f4620.asm
                   CCPR1H   0x000fbf       data     extern E:\c18v3.46\pic18-lt\cxx-framework\src\traditional\proc\p18f4620.asm
                   CCPR1L   0x000fbe       data     extern E:\c18v3.46\pic18-lt\cxx-framework\src\traditional\proc\p18f4620.asm
                    CCPR2   0x000fbb       data     extern E:\c18v3.46\pic18-lt\cxx-framework\src\traditional\proc\p18f4620.asm
                   CCPR2H   0x000fbc       data     extern E:\c18v3.46\pic18-lt\cxx-framework\src\traditional\proc\p18f4620.asm
                   CCPR2L   0x000fbb       data     extern E:\c18v3.46\pic18-lt\cxx-framework\src\traditional\proc\p18f4620.asm
                    CMCON   0x000fb4       data     extern E:\c18v3.46\pic18-lt\cxx-framework\src\traditional\proc\p18f4620.asm
                CMCONbits   0x000fb4       data     extern E:\c18v3.46\pic18-lt\cxx-framework\src\traditional\proc\p18f4620.asm
                   CVRCON   0x000fb5       data     extern E:\c18v3.46\pic18-lt\cxx-framework\src\traditional\proc\p18f4620.asm
               CVRCONbits   0x000fb5       data     extern E:\c18v3.46\pic18-lt\cxx-framework\src\traditional\proc\p18f4620.asm
                     DDRA   0x000f92       data     extern E:\c18v3.46\pic18-lt\cxx-framework\src\traditional\proc\p18f4620.asm
                 DDRAbits   0x000f92       data     extern E:\c18v3.46\pic18-lt\cxx-framework\src\traditional\proc\p18f4620.asm
                     DDRB   0x000f93       data     extern E:\c18v3.46\pic18-lt\cxx-framework\src\traditional\proc\p18f4620.asm
                 DDRBbits   0x000f93       data     extern E:\c18v3.46\pic18-lt\cxx-framework\src\traditional\proc\p18f4620.asm
                     DDRC   0x000f94       data     extern E:\c18v3.46\pic18-lt\cxx-framework\src\traditional\proc\p18f4620.asm
                 DDRCbits   0x000f94       data     extern E:\c18v3.46\pic18-lt\cxx-framework\src\traditional\proc\p18f4620.asm
                     DDRD   0x000f95       data     extern E:\c18v3.46\pic18-lt\cxx-framework\src\traditional\proc\p18f4620.asm
                 DDRDbits   0x000f95       data     extern E:\c18v3.46\pic18-lt\cxx-framework\src\traditional\proc\p18f4620.asm
                     DDRE   0x000f96       data     extern E:\c18v3.46\pic18-lt\cxx-framework\src\traditional\proc\p18f4620.asm
                 DDREbits   0x000f96       data     extern E:\c18v3.46\pic18-lt\cxx-framework\src\traditional\proc\p18f4620.asm
                  ECCP1AS   0x000fb6       data     extern E:\c18v3.46\pic18-lt\cxx-framework\src\traditional\proc\p18f4620.asm
              ECCP1ASbits   0x000fb6       data     extern E:\c18v3.46\pic18-lt\cxx-framework\src\traditional\proc\p18f4620.asm
                    EEADR   0x000fa9       data     extern E:\c18v3.46\pic18-lt\cxx-framework\src\traditional\proc\p18f4620.asm
                   EEADRH   0x000faa       data     extern E:\c18v3.46\pic18-lt\cxx-framework\src\traditional\proc\p18f4620.asm
                   EECON1   0x000fa6       data     extern E:\c18v3.46\pic18-lt\cxx-framework\src\traditional\proc\p18f4620.asm
               EECON1bits   0x000fa6       data     extern E:\c18v3.46\pic18-lt\cxx-framework\src\traditional\proc\p18f4620.asm
                   EECON2   0x000fa7       data     extern E:\c18v3.46\pic18-lt\cxx-framework\src\traditional\proc\p18f4620.asm
                   EEDATA   0x000fa8       data     extern E:\c18v3.46\pic18-lt\cxx-framework\src\traditional\proc\p18f4620.asm
                     FSR0   0x000fe9       data     extern E:\c18v3.46\pic18-lt\cxx-framework\src\traditional\proc\p18f4620.asm
                    FSR0H   0x000fea       data     extern E:\c18v3.46\pic18-lt\cxx-framework\src\traditional\proc\p18f4620.asm
                    FSR0L   0x000fe9       data     extern E:\c18v3.46\pic18-lt\cxx-framework\src\traditional\proc\p18f4620.asm
                     FSR1   0x000fe1       data     extern E:\c18v3.46\pic18-lt\cxx-framework\src\traditional\proc\p18f4620.asm
                    FSR1H   0x000fe2       data     extern E:\c18v3.46\pic18-lt\cxx-framework\src\traditional\proc\p18f4620.asm
                    FSR1L   0x000fe1       data     extern E:\c18v3.46\pic18-lt\cxx-framework\src\traditional\proc\p18f4620.asm
                     FSR2   0x000fd9       data     extern E:\c18v3.46\pic18-lt\cxx-framework\src\traditional\proc\p18f4620.asm
                    FSR2H   0x000fda       data     extern E:\c18v3.46\pic18-lt\cxx-framework\src\traditional\proc\p18f4620.asm
                    FSR2L   0x000fd9       data     extern E:\c18v3.46\pic18-lt\cxx-framework\src\traditional\proc\p18f4620.asm
                  HLVDCON   0x000fd2       data     extern E:\c18v3.46\pic18-lt\cxx-framework\src\traditional\proc\p18f4620.asm
              HLVDCONbits   0x000fd2       data     extern E:\c18v3.46\pic18-lt\cxx-framework\src\traditional\proc\p18f4620.asm
                    INDF0   0x000fef       data     extern E:\c18v3.46\pic18-lt\cxx-framework\src\traditional\proc\p18f4620.asm
                    INDF1   0x000fe7       data     extern E:\c18v3.46\pic18-lt\cxx-framework\src\traditional\proc\p18f4620.asm
                    INDF2   0x000fdf       data     extern E:\c18v3.46\pic18-lt\cxx-framework\src\traditional\proc\p18f4620.asm
                   INTCON   0x000ff2       data     extern E:\c18v3.46\pic18-lt\cxx-framework\src\traditional\proc\p18f4620.asm
                  INTCON2   0x000ff1       data     extern E:\c18v3.46\pic18-lt\cxx-framework\src\traditional\proc\p18f4620.asm
              INTCON2bits   0x000ff1       data     extern E:\c18v3.46\pic18-lt\cxx-framework\src\traditional\proc\p18f4620.asm
                  INTCON3   0x000ff0       data     extern E:\c18v3.46\pic18-lt\cxx-framework\src\traditional\proc\p18f4620.asm
              INTCON3bits   0x000ff0       data     extern E:\c18v3.46\pic18-lt\cxx-framework\src\traditional\proc\p18f4620.asm
               INTCONbits   0x000ff2       data     extern E:\c18v3.46\pic18-lt\cxx-framework\src\traditional\proc\p18f4620.asm
                     IPR1   0x000f9f       data     extern E:\c18v3.46\pic18-lt\cxx-framework\src\traditional\proc\p18f4620.asm
                 IPR1bits   0x000f9f       data     extern E:\c18v3.46\pic18-lt\cxx-framework\src\traditional\proc\p18f4620.asm
                     IPR2   0x000fa2       data     extern E:\c18v3.46\pic18-lt\cxx-framework\src\traditional\proc\p18f4620.asm
                 IPR2bits   0x000fa2       data     extern E:\c18v3.46\pic18-lt\cxx-framework\src\traditional\proc\p18f4620.asm
                     LATA   0x000f89       data     extern E:\c18v3.46\pic18-lt\cxx-framework\src\traditional\proc\p18f4620.asm
                 LATAbits   0x000f89       data     extern E:\c18v3.46\pic18-lt\cxx-framework\src\traditional\proc\p18f4620.asm
                     LATB   0x000f8a       data     extern E:\c18v3.46\pic18-lt\cxx-framework\src\traditional\proc\p18f4620.asm
                 LATBbits   0x000f8a       data     extern E:\c18v3.46\pic18-lt\cxx-framework\src\traditional\proc\p18f4620.asm
                     LATC   0x000f8b       data     extern E:\c18v3.46\pic18-lt\cxx-framework\src\traditional\proc\p18f4620.asm
                 LATCbits   0x000f8b       data     extern E:\c18v3.46\pic18-lt\cxx-framework\src\traditional\proc\p18f4620.asm
                     LATD   0x000f8c       data     extern E:\c18v3.46\pic18-lt\cxx-framework\src\traditional\proc\p18f4620.asm
                 LATDbits   0x000f8c       data     extern E:\c18v3.46\pic18-lt\cxx-framework\src\traditional\proc\p18f4620.asm
                     LATE   0x000f8d       data     extern E:\c18v3.46\pic18-lt\cxx-framework\src\traditional\proc\p18f4620.asm
                 LATEbits   0x000f8d       data     extern E:\c18v3.46\pic18-lt\cxx-framework\src\traditional\proc\p18f4620.asm
                  LED_MAP   0x0000f1       data     extern D:\jo\Ideonics\PIC_Projects\TATAMotors\Pressure_Display\PressureDisplay _v2\source\main.c
                   LVDCON   0x000fd2       data     extern E:\c18v3.46\pic18-lt\cxx-framework\src\traditional\proc\p18f4620.asm
               LVDCONbits   0x000fd2       data     extern E:\c18v3.46\pic18-lt\cxx-framework\src\traditional\proc\p18f4620.asm
                   OSCCON   0x000fd3       data     extern E:\c18v3.46\pic18-lt\cxx-framework\src\traditional\proc\p18f4620.asm
               OSCCONbits   0x000fd3       data     extern E:\c18v3.46\pic18-lt\cxx-framework\src\traditional\proc\p18f4620.asm
                  OSCTUNE   0x000f9b       data     extern E:\c18v3.46\pic18-lt\cxx-framework\src\traditional\proc\p18f4620.asm
              OSCTUNEbits   0x000f9b       data     extern E:\c18v3.46\pic18-lt\cxx-framework\src\traditional\proc\p18f4620.asm
                       PC   0x000ff9       data     extern E:\c18v3.46\pic18-lt\cxx-framework\src\traditional\proc\p18f4620.asm
                      PCL   0x000ff9       data     extern E:\c18v3.46\pic18-lt\cxx-framework\src\traditional\proc\p18f4620.asm
                   PCLATH   0x000ffa       data     extern E:\c18v3.46\pic18-lt\cxx-framework\src\traditional\proc\p18f4620.asm
                   PCLATU   0x000ffb       data     extern E:\c18v3.46\pic18-lt\cxx-framework\src\traditional\proc\p18f4620.asm
                     PIE1   0x000f9d       data     extern E:\c18v3.46\pic18-lt\cxx-framework\src\traditional\proc\p18f4620.asm
                 PIE1bits   0x000f9d       data     extern E:\c18v3.46\pic18-lt\cxx-framework\src\traditional\proc\p18f4620.asm
                     PIE2   0x000fa0       data     extern E:\c18v3.46\pic18-lt\cxx-framework\src\traditional\proc\p18f4620.asm
                 PIE2bits   0x000fa0       data     extern E:\c18v3.46\pic18-lt\cxx-framework\src\traditional\proc\p18f4620.asm
                     PIR1   0x000f9e       data     extern E:\c18v3.46\pic18-lt\cxx-framework\src\traditional\proc\p18f4620.asm
                 PIR1bits   0x000f9e       data     extern E:\c18v3.46\pic18-lt\cxx-framework\src\traditional\proc\p18f4620.asm
                     PIR2   0x000fa1       data     extern E:\c18v3.46\pic18-lt\cxx-framework\src\traditional\proc\p18f4620.asm
                 PIR2bits   0x000fa1       data     extern E:\c18v3.46\pic18-lt\cxx-framework\src\traditional\proc\p18f4620.asm
                   PLUSW0   0x000feb       data     extern E:\c18v3.46\pic18-lt\cxx-framework\src\traditional\proc\p18f4620.asm
                   PLUSW1   0x000fe3       data     extern E:\c18v3.46\pic18-lt\cxx-framework\src\traditional\proc\p18f4620.asm
                   PLUSW2   0x000fdb       data     extern E:\c18v3.46\pic18-lt\cxx-framework\src\traditional\proc\p18f4620.asm
                    PORTA   0x000f80       data     extern E:\c18v3.46\pic18-lt\cxx-framework\src\traditional\proc\p18f4620.asm
                PORTAbits   0x000f80       data     extern E:\c18v3.46\pic18-lt\cxx-framework\src\traditional\proc\p18f4620.asm
                    PORTB   0x000f81       data     extern E:\c18v3.46\pic18-lt\cxx-framework\src\traditional\proc\p18f4620.asm
                PORTBbits   0x000f81       data     extern E:\c18v3.46\pic18-lt\cxx-framework\src\traditional\proc\p18f4620.asm
                    PORTC   0x000f82       data     extern E:\c18v3.46\pic18-lt\cxx-framework\src\traditional\proc\p18f4620.asm
                PORTCbits   0x000f82       data     extern E:\c18v3.46\pic18-lt\cxx-framework\src\traditional\proc\p18f4620.asm
                    PORTD   0x000f83       data     extern E:\c18v3.46\pic18-lt\cxx-framework\src\traditional\proc\p18f4620.asm
                PORTDbits   0x000f83       data     extern E:\c18v3.46\pic18-lt\cxx-framework\src\traditional\proc\p18f4620.asm
                    PORTE   0x000f84       data     extern E:\c18v3.46\pic18-lt\cxx-framework\src\traditional\proc\p18f4620.asm
                PORTEbits   0x000f84       data     extern E:\c18v3.46\pic18-lt\cxx-framework\src\traditional\proc\p18f4620.asm
                 POSTDEC0   0x000fed       data     extern E:\c18v3.46\pic18-lt\cxx-framework\src\traditional\proc\p18f4620.asm
                 POSTDEC1   0x000fe5       data     extern E:\c18v3.46\pic18-lt\cxx-framework\src\traditional\proc\p18f4620.asm
                 POSTDEC2   0x000fdd       data     extern E:\c18v3.46\pic18-lt\cxx-framework\src\traditional\proc\p18f4620.asm
                 POSTINC0   0x000fee       data     extern E:\c18v3.46\pic18-lt\cxx-framework\src\traditional\proc\p18f4620.asm
                 POSTINC1   0x000fe6       data     extern E:\c18v3.46\pic18-lt\cxx-framework\src\traditional\proc\p18f4620.asm
                 POSTINC2   0x000fde       data     extern E:\c18v3.46\pic18-lt\cxx-framework\src\traditional\proc\p18f4620.asm
                      PR2   0x000fcb       data     extern E:\c18v3.46\pic18-lt\cxx-framework\src\traditional\proc\p18f4620.asm
                  PREINC0   0x000fec       data     extern E:\c18v3.46\pic18-lt\cxx-framework\src\traditional\proc\p18f4620.asm
                  PREINC1   0x000fe4       data     extern E:\c18v3.46\pic18-lt\cxx-framework\src\traditional\proc\p18f4620.asm
                  PREINC2   0x000fdc       data     extern E:\c18v3.46\pic18-lt\cxx-framework\src\traditional\proc\p18f4620.asm
                     PROD   0x000ff3       data     extern E:\c18v3.46\pic18-lt\cxx-framework\src\traditional\proc\p18f4620.asm
                    PRODH   0x000ff4       data     extern E:\c18v3.46\pic18-lt\cxx-framework\src\traditional\proc\p18f4620.asm
                    PRODL   0x000ff3       data     extern E:\c18v3.46\pic18-lt\cxx-framework\src\traditional\proc\p18f4620.asm
                  PWM1CON   0x000fb7       data     extern E:\c18v3.46\pic18-lt\cxx-framework\src\traditional\proc\p18f4620.asm
              PWM1CONbits   0x000fb7       data     extern E:\c18v3.46\pic18-lt\cxx-framework\src\traditional\proc\p18f4620.asm
                     RCON   0x000fd0       data     extern E:\c18v3.46\pic18-lt\cxx-framework\src\traditional\proc\p18f4620.asm
                 RCONbits   0x000fd0       data     extern E:\c18v3.46\pic18-lt\cxx-framework\src\traditional\proc\p18f4620.asm
                    RCREG   0x000fae       data     extern E:\c18v3.46\pic18-lt\cxx-framework\src\traditional\proc\p18f4620.asm
                    RCSTA   0x000fab       data     extern E:\c18v3.46\pic18-lt\cxx-framework\src\traditional\proc\p18f4620.asm
                RCSTAbits   0x000fab       data     extern E:\c18v3.46\pic18-lt\cxx-framework\src\traditional\proc\p18f4620.asm
             SEVENSEGMENT   0x000f41       data     static D:\jo\Ideonics\PIC_Projects\TATAMotors\Pressure_Display\PressureDisplay _v2\source\digitdisplay.c
                     SIGN   0x000000       data     extern E:\c18v3.46\pic18-lt\cxx-framework\src\traditional\math\cmath18.asm
                    SPBRG   0x000faf       data     extern E:\c18v3.46\pic18-lt\cxx-framework\src\traditional\proc\p18f4620.asm
                   SPBRGH   0x000fb0       data     extern E:\c18v3.46\pic18-lt\cxx-framework\src\traditional\proc\p18f4620.asm
                   SSPADD   0x000fc8       data     extern E:\c18v3.46\pic18-lt\cxx-framework\src\traditional\proc\p18f4620.asm
                   SSPBUF   0x000fc9       data     extern E:\c18v3.46\pic18-lt\cxx-framework\src\traditional\proc\p18f4620.asm
                  SSPCON1   0x000fc6       data     extern E:\c18v3.46\pic18-lt\cxx-framework\src\traditional\proc\p18f4620.asm
              SSPCON1bits   0x000fc6       data     extern E:\c18v3.46\pic18-lt\cxx-framework\src\traditional\proc\p18f4620.asm
                  SSPCON2   0x000fc5       data     extern E:\c18v3.46\pic18-lt\cxx-framework\src\traditional\proc\p18f4620.asm
              SSPCON2bits   0x000fc5       data     extern E:\c18v3.46\pic18-lt\cxx-framework\src\traditional\proc\p18f4620.asm
                  SSPSTAT   0x000fc7       data     extern E:\c18v3.46\pic18-lt\cxx-framework\src\traditional\proc\p18f4620.asm
              SSPSTATbits   0x000fc7       data     extern E:\c18v3.46\pic18-lt\cxx-framework\src\traditional\proc\p18f4620.asm
                   STATUS   0x000fd8       data     extern E:\c18v3.46\pic18-lt\cxx-framework\src\traditional\proc\p18f4620.asm
               STATUSbits   0x000fd8       data     extern E:\c18v3.46\pic18-lt\cxx-framework\src\traditional\proc\p18f4620.asm
                   STKPTR   0x000ffc       data     extern E:\c18v3.46\pic18-lt\cxx-framework\src\traditional\proc\p18f4620.asm
               STKPTRbits   0x000ffc       data     extern E:\c18v3.46\pic18-lt\cxx-framework\src\traditional\proc\p18f4620.asm
                    T0CON   0x000fd5       data     extern E:\c18v3.46\pic18-lt\cxx-framework\src\traditional\proc\p18f4620.asm
                T0CONbits   0x000fd5       data     extern E:\c18v3.46\pic18-lt\cxx-framework\src\traditional\proc\p18f4620.asm
                    T1CON   0x000fcd       data     extern E:\c18v3.46\pic18-lt\cxx-framework\src\traditional\proc\p18f4620.asm
                T1CONbits   0x000fcd       data     extern E:\c18v3.46\pic18-lt\cxx-framework\src\traditional\proc\p18f4620.asm
                    T2CON   0x000fca       data     extern E:\c18v3.46\pic18-lt\cxx-framework\src\traditional\proc\p18f4620.asm
                T2CONbits   0x000fca       data     extern E:\c18v3.46\pic18-lt\cxx-framework\src\traditional\proc\p18f4620.asm
                    T3CON   0x000fb1       data     extern E:\c18v3.46\pic18-lt\cxx-framework\src\traditional\proc\p18f4620.asm
                T3CONbits   0x000fb1       data     extern E:\c18v3.46\pic18-lt\cxx-framework\src\traditional\proc\p18f4620.asm
                   TABLAT   0x000ff5       data     extern E:\c18v3.46\pic18-lt\cxx-framework\src\traditional\proc\p18f4620.asm
                   TBLPTR   0x000ff6       data     extern E:\c18v3.46\pic18-lt\cxx-framework\src\traditional\proc\p18f4620.asm
                  TBLPTRH   0x000ff7       data     extern E:\c18v3.46\pic18-lt\cxx-framework\src\traditional\proc\p18f4620.asm
                  TBLPTRL   0x000ff6       data     extern E:\c18v3.46\pic18-lt\cxx-framework\src\traditional\proc\p18f4620.asm
                  TBLPTRU   0x000ff8       data     extern E:\c18v3.46\pic18-lt\cxx-framework\src\traditional\proc\p18f4620.asm
                    TMR0H   0x000fd7       data     extern E:\c18v3.46\pic18-lt\cxx-framework\src\traditional\proc\p18f4620.asm
                    TMR0L   0x000fd6       data     extern E:\c18v3.46\pic18-lt\cxx-framework\src\traditional\proc\p18f4620.asm
                    TMR1H   0x000fcf       data     extern E:\c18v3.46\pic18-lt\cxx-framework\src\traditional\proc\p18f4620.asm
                    TMR1L   0x000fce       data     extern E:\c18v3.46\pic18-lt\cxx-framework\src\traditional\proc\p18f4620.asm
                     TMR2   0x000fcc       data     extern E:\c18v3.46\pic18-lt\cxx-framework\src\traditional\proc\p18f4620.asm
                    TMR3H   0x000fb3       data     extern E:\c18v3.46\pic18-lt\cxx-framework\src\traditional\proc\p18f4620.asm
                    TMR3L   0x000fb2       data     extern E:\c18v3.46\pic18-lt\cxx-framework\src\traditional\proc\p18f4620.asm
                      TOS   0x000ffd       data     extern E:\c18v3.46\pic18-lt\cxx-framework\src\traditional\proc\p18f4620.asm
                     TOSH   0x000ffe       data     extern E:\c18v3.46\pic18-lt\cxx-framework\src\traditional\proc\p18f4620.asm
                     TOSL   0x000ffd       data     extern E:\c18v3.46\pic18-lt\cxx-framework\src\traditional\proc\p18f4620.asm
                     TOSU   0x000fff       data     extern E:\c18v3.46\pic18-lt\cxx-framework\src\traditional\proc\p18f4620.asm
                    TRISA   0x000f92       data     extern E:\c18v3.46\pic18-lt\cxx-framework\src\traditional\proc\p18f4620.asm
                TRISAbits   0x000f92       data     extern E:\c18v3.46\pic18-lt\cxx-framework\src\traditional\proc\p18f4620.asm
                    TRISB   0x000f93       data     extern E:\c18v3.46\pic18-lt\cxx-framework\src\traditional\proc\p18f4620.asm
                TRISBbits   0x000f93       data     extern E:\c18v3.46\pic18-lt\cxx-framework\src\traditional\proc\p18f4620.asm
                    TRISC   0x000f94       data     extern E:\c18v3.46\pic18-lt\cxx-framework\src\traditional\proc\p18f4620.asm
                TRISCbits   0x000f94       data     extern E:\c18v3.46\pic18-lt\cxx-framework\src\traditional\proc\p18f4620.asm
                    TRISD   0x000f95       data     extern E:\c18v3.46\pic18-lt\cxx-framework\src\traditional\proc\p18f4620.asm
                TRISDbits   0x000f95       data     extern E:\c18v3.46\pic18-lt\cxx-framework\src\traditional\proc\p18f4620.asm
                    TRISE   0x000f96       data     extern E:\c18v3.46\pic18-lt\cxx-framework\src\traditional\proc\p18f4620.asm
                TRISEbits   0x000f96       data     extern E:\c18v3.46\pic18-lt\cxx-framework\src\traditional\proc\p18f4620.asm
                    TXREG   0x000fad       data     extern E:\c18v3.46\pic18-lt\cxx-framework\src\traditional\proc\p18f4620.asm
                    TXSTA   0x000fac       data     extern E:\c18v3.46\pic18-lt\cxx-framework\src\traditional\proc\p18f4620.asm
                TXSTAbits   0x000fac       data     extern E:\c18v3.46\pic18-lt\cxx-framework\src\traditional\proc\p18f4620.asm
             USART_Status   0x000f58       data     extern E:\c18v3.46\pic18-lt\cxx-framework\src\pmc_common\USART\udefs.c
                        W   0x000fe8       data     extern E:\c18v3.46\pic18-lt\cxx-framework\src\traditional\proc\p18f4620.asm
                   WDTCON   0x000fd1       data     extern E:\c18v3.46\pic18-lt\cxx-framework\src\traditional\proc\p18f4620.asm
               WDTCONbits   0x000fd1       data     extern E:\c18v3.46\pic18-lt\cxx-framework\src\traditional\proc\p18f4620.asm
                     WREG   0x000fe8       data     extern E:\c18v3.46\pic18-lt\cxx-framework\src\traditional\proc\p18f4620.asm
                 __AARGB0   0x000009       data     extern E:\c18v3.46\pic18-lt\cxx-framework\src\traditional\math\aarg.asm
                 __AARGB1   0x000008       data     extern E:\c18v3.46\pic18-lt\cxx-framework\src\traditional\math\aarg.asm
                 __AARGB2   0x000007       data     extern E:\c18v3.46\pic18-lt\cxx-framework\src\traditional\math\aarg.asm
                 __AARGB3   0x000006       data     extern E:\c18v3.46\pic18-lt\cxx-framework\src\traditional\math\aarg.asm
                 __AARGB4   0x000005       data     extern E:\c18v3.46\pic18-lt\cxx-framework\src\traditional\math\aarg.asm
                 __AARGB5   0x000004       data     extern E:\c18v3.46\pic18-lt\cxx-framework\src\traditional\math\aarg.asm
                 __AARGB6   0x000003       data     extern E:\c18v3.46\pic18-lt\cxx-framework\src\traditional\math\aarg.asm
                 __AARGB7   0x000002       data     extern E:\c18v3.46\pic18-lt\cxx-framework\src\traditional\math\aarg.asm
                   __AEXP   0x00000a       data     extern E:\c18v3.46\pic18-lt\cxx-framework\src\traditional\math\aarg.asm
                 __BARGB0   0x00000e       data     extern E:\c18v3.46\pic18-lt\cxx-framework\src\traditional\math\barg.asm
                 __BARGB1   0x00000d       data     extern E:\c18v3.46\pic18-lt\cxx-framework\src\traditional\math\barg.asm
                 __BARGB2   0x00000c       data     extern E:\c18v3.46\pic18-lt\cxx-framework\src\traditional\math\barg.asm
                 __BARGB3   0x00000b       data     extern E:\c18v3.46\pic18-lt\cxx-framework\src\traditional\math\barg.asm
                   __BEXP   0x00000f       data     extern E:\c18v3.46\pic18-lt\cxx-framework\src\traditional\math\barg.asm
                __FPFLAGS   0x000001       data     extern E:\c18v3.46\pic18-lt\cxx-framework\src\traditional\math\cmath18.asm
            __FPFLAGSbits   0x000001       data     extern E:\c18v3.46\pic18-lt\cxx-framework\src\traditional\math\cmath18.asm
                  __REMB0   0x000005       data     extern E:\c18v3.46\pic18-lt\cxx-framework\src\traditional\math\aarg.asm
                  __REMB1   0x000004       data     extern E:\c18v3.46\pic18-lt\cxx-framework\src\traditional\math\aarg.asm
                  __REMB2   0x000003       data     extern E:\c18v3.46\pic18-lt\cxx-framework\src\traditional\math\aarg.asm
                  __REMB3   0x000002       data     extern E:\c18v3.46\pic18-lt\cxx-framework\src\traditional\math\aarg.asm
                   __TEMP   0x000013       data     extern E:\c18v3.46\pic18-lt\cxx-framework\src\traditional\math\temparg.asm
                 __TEMPB0   0x000013       data     extern E:\c18v3.46\pic18-lt\cxx-framework\src\traditional\math\temparg.asm
                 __TEMPB1   0x000012       data     extern E:\c18v3.46\pic18-lt\cxx-framework\src\traditional\math\temparg.asm
                 __TEMPB2   0x000011       data     extern E:\c18v3.46\pic18-lt\cxx-framework\src\traditional\math\temparg.asm
                 __TEMPB3   0x000010       data     extern E:\c18v3.46\pic18-lt\cxx-framework\src\traditional\math\temparg.asm
                  __tmp_0   0x000014       data     static D:\jo\Ideonics\PIC_Projects\TATAMotors\Pressure_Display\PressureDisplay _v2\modbus\rtu\mbcrc.c
                  __tmp_0   0x000014       data     static D:\jo\Ideonics\PIC_Projects\TATAMotors\Pressure_Display\PressureDisplay _v2\modbus\mb.c
                  __tmp_0   0x000014       data     static D:\jo\Ideonics\PIC_Projects\TATAMotors\Pressure_Display\PressureDisplay _v2\modbus\rtu\mbrtu.c
                  __tmp_0   0x000014       data     static D:\jo\Ideonics\PIC_Projects\TATAMotors\Pressure_Display\PressureDisplay _v2\modbus\functions\mbfunccoils.c
                  __tmp_0   0x000014       data     static D:\jo\Ideonics\PIC_Projects\TATAMotors\Pressure_Display\PressureDisplay _v2\modbus\portserial.c
                  __tmp_0   0x000014       data     static D:\jo\Ideonics\PIC_Projects\TATAMotors\Pressure_Display\PressureDisplay _v2\modbus\functions\mbfuncdisc.c
                  __tmp_0   0x000014       data     static D:\jo\Ideonics\PIC_Projects\TATAMotors\Pressure_Display\PressureDisplay _v2\source\app.c
                  __tmp_0   0x000014       data     static D:\jo\Ideonics\PIC_Projects\TATAMotors\Pressure_Display\PressureDisplay _v2\modbus\functions\mbfuncholding.c
                  __tmp_0   0x000014       data     static D:\jo\Ideonics\PIC_Projects\TATAMotors\Pressure_Display\PressureDisplay _v2\modbus\functions\mbfuncinput.c
                  __tmp_0   0x000014       data     static D:\jo\Ideonics\PIC_Projects\TATAMotors\Pressure_Display\PressureDisplay _v2\source\digitdisplay.c
                  __tmp_0   0x000014       data     static D:\jo\Ideonics\PIC_Projects\TATAMotors\Pressure_Display\PressureDisplay _v2\modbus\functions\mbfuncother.c
                  __tmp_0   0x000014       data     static D:\jo\Ideonics\PIC_Projects\TATAMotors\Pressure_Display\PressureDisplay _v2\modbus\functions\mbutils.c
                  __tmp_0   0x000014       data     static D:\jo\Ideonics\PIC_Projects\TATAMotors\Pressure_Display\PressureDisplay _v2\source\linearkeypad.c
                  __tmp_0   0x000014       data     static E:\c18v3.46\pic18-lt\cxx-framework\src\pmc_common\EEP\write_B.c
                  __tmp_0   0x000014       data     static E:\c18v3.46\pic18-lt\cxx-framework\src\pmc_common\EEP\read_B.c
                  __tmp_0   0x000014       data     static E:\c18v3.46\pic18-lt\cxx-framework\src\pmc_common\ADC\adcopen.c
                  __tmp_0   0x000014       data     static E:\c18v3.46\pic18-lt\cxx-framework\src\pmc_common\USART\uopen.c
                  __tmp_0   0x000014       data     static E:\c18v3.46\pic18-lt\cxx-framework\src\pmc_common\ADC\adcread.c
                      adc   0x000f4c       data     extern D:\jo\Ideonics\PIC_Projects\TATAMotors\Pressure_Display\PressureDisplay _v2\source\adc_ide.c
                      app   0x000204       data     extern D:\jo\Ideonics\PIC_Projects\TATAMotors\Pressure_Display\PressureDisplay _v2\source\app.c
                   buffer   0x000200       data     extern D:\jo\Ideonics\PIC_Projects\TATAMotors\Pressure_Display\PressureDisplay _v2\source\app.c
           comUpdateCount   0x000f3f       data     extern D:\jo\Ideonics\PIC_Projects\TATAMotors\Pressure_Display\PressureDisplay _v2\source\timer.c
                curr_byte   0x0006f9       data     static E:\c18v3.46\pic18-lt\cxx-framework\src\traditional\startup\c018i.c
               curr_entry   0x0006fb       data     static E:\c18v3.46\pic18-lt\cxx-framework\src\traditional\startup\c018i.c
                 data_ptr   0x0006fd       data     static E:\c18v3.46\pic18-lt\cxx-framework\src\traditional\startup\c018i.c
             digitDisplay   0x000500       data     extern D:\jo\Ideonics\PIC_Projects\TATAMotors\Pressure_Display\PressureDisplay _v2\source\digitdisplay.c
               eException   0x0000e7       data     static D:\jo\Ideonics\PIC_Projects\TATAMotors\Pressure_Display\PressureDisplay _v2\modbus\mb.c
           eMBCurrentMode   0x0000c2       data     static D:\jo\Ideonics\PIC_Projects\TATAMotors\Pressure_Display\PressureDisplay _v2\modbus\mb.c
                 eMBState   0x000080       data     static D:\jo\Ideonics\PIC_Projects\TATAMotors\Pressure_Display\PressureDisplay _v2\modbus\mb.c
             eQueuedEvent   0x0000fe       data     static D:\jo\Ideonics\PIC_Projects\TATAMotors\Pressure_Display\PressureDisplay _v2\modbus\portevent.c
                eRcvState   0x000f55       data     static D:\jo\Ideonics\PIC_Projects\TATAMotors\Pressure_Display\PressureDisplay _v2\modbus\rtu\mbrtu.c
                eSndState   0x000f54       data     static D:\jo\Ideonics\PIC_Projects\TATAMotors\Pressure_Display\PressureDisplay _v2\modbus\rtu\mbrtu.c
           heartBeatCount   0x000f3b       data     extern D:\jo\Ideonics\PIC_Projects\TATAMotors\Pressure_Display\PressureDisplay _v2\source\timer.c
       keypadUpdate_count   0x000f3d       data     extern D:\jo\Ideonics\PIC_Projects\TATAMotors\Pressure_Display\PressureDisplay _v2\source\timer.c
                     keys   0x000f23       data     extern D:\jo\Ideonics\PIC_Projects\TATAMotors\Pressure_Display\PressureDisplay _v2\source\linearkeypad.c
                 ledState   0x000f59       data     static D:\jo\Ideonics\PIC_Projects\TATAMotors\Pressure_Display\PressureDisplay _v2\source\board.c
                 ledState   0x000f5a       data     extern D:\jo\Ideonics\PIC_Projects\TATAMotors\Pressure_Display\PressureDisplay _v2\source\heartBeat.c
                  message   0x0000e8       data     extern D:\jo\Ideonics\PIC_Projects\TATAMotors\Pressure_Display\PressureDisplay _v2\source\main.c
      peMBFrameReceiveCur   0x0000cc       data     static D:\jo\Ideonics\PIC_Projects\TATAMotors\Pressure_Display\PressureDisplay _v2\modbus\mb.c
         peMBFrameSendCur   0x0000c3       data     static D:\jo\Ideonics\PIC_Projects\TATAMotors\Pressure_Display\PressureDisplay _v2\modbus\mb.c
                portValue   0x000f22       data     extern D:\jo\Ideonics\PIC_Projects\TATAMotors\Pressure_Display\PressureDisplay _v2\source\linearkeypad.c
                     prom   0x0006f6       data     static E:\c18v3.46\pic18-lt\cxx-framework\src\traditional\startup\c018i.c
          pucSndBufferCur   0x0006f0       data     static D:\jo\Ideonics\PIC_Projects\TATAMotors\Pressure_Display\PressureDisplay _v2\modbus\rtu\mbrtu.c
        pvMBFrameCloseCur   0x0000cf       data     static D:\jo\Ideonics\PIC_Projects\TATAMotors\Pressure_Display\PressureDisplay _v2\modbus\mb.c
        pvMBFrameStartCur   0x0000c6       data     static D:\jo\Ideonics\PIC_Projects\TATAMotors\Pressure_Display\PressureDisplay _v2\modbus\mb.c
         pvMBFrameStopCur   0x0000c9       data     static D:\jo\Ideonics\PIC_Projects\TATAMotors\Pressure_Display\PressureDisplay _v2\modbus\mb.c
  pxMBFrameCBByteReceived   0x0000d2       data     extern D:\jo\Ideonics\PIC_Projects\TATAMotors\Pressure_Display\PressureDisplay _v2\modbus\mb.c
 pxMBFrameCBReceiveFSMCur   0x0000db       data     extern D:\jo\Ideonics\PIC_Projects\TATAMotors\Pressure_Display\PressureDisplay _v2\modbus\mb.c
pxMBFrameCBTransmitFSMCur   0x0000de       data     extern D:\jo\Ideonics\PIC_Projects\TATAMotors\Pressure_Display\PressureDisplay _v2\modbus\mb.c
pxMBFrameCBTransmitterEmpty   0x0000d5       data     extern D:\jo\Ideonics\PIC_Projects\TATAMotors\Pressure_Display\PressureDisplay _v2\modbus\mb.c
   pxMBPortCBTimerExpired   0x0000d8       data     extern D:\jo\Ideonics\PIC_Projects\TATAMotors\Pressure_Display\PressureDisplay _v2\modbus\mb.c
                   reload   0x0000fc       data     extern D:\jo\Ideonics\PIC_Projects\TATAMotors\Pressure_Display\PressureDisplay _v2\modbus\porttimer.c
                      tmr   0x000f33       data     extern D:\jo\Ideonics\PIC_Projects\TATAMotors\Pressure_Display\PressureDisplay _v2\source\timer.c
           ucFunctionCode   0x0000e4       data     static D:\jo\Ideonics\PIC_Projects\TATAMotors\Pressure_Display\PressureDisplay _v2\modbus\mb.c
              ucMBAddress   0x0000c1       data     static D:\jo\Ideonics\PIC_Projects\TATAMotors\Pressure_Display\PressureDisplay _v2\modbus\mb.c
                ucMBFrame   0x0000e1       data     static D:\jo\Ideonics\PIC_Projects\TATAMotors\Pressure_Display\PressureDisplay _v2\modbus\mb.c
              ucMBSlaveID   0x000f00       data     static D:\jo\Ideonics\PIC_Projects\TATAMotors\Pressure_Display\PressureDisplay _v2\modbus\functions\mbfuncother.c
                 ucRTUBuf   0x000600       data     extern D:\jo\Ideonics\PIC_Projects\TATAMotors\Pressure_Display\PressureDisplay _v2\modbus\rtu\mbrtu.c
             ucRcvAddress   0x0000e3       data     static D:\jo\Ideonics\PIC_Projects\TATAMotors\Pressure_Display\PressureDisplay _v2\modbus\mb.c
                 usLength   0x0000e5       data     static D:\jo\Ideonics\PIC_Projects\TATAMotors\Pressure_Display\PressureDisplay _v2\modbus\mb.c
           usMBSlaveIDLen   0x000f20       data     static D:\jo\Ideonics\PIC_Projects\TATAMotors\Pressure_Display\PressureDisplay _v2\modbus\functions\mbfuncother.c
           usRcvBufferPos   0x0006f4       data     static D:\jo\Ideonics\PIC_Projects\TATAMotors\Pressure_Display\PressureDisplay _v2\modbus\rtu\mbrtu.c
            usRegInputBuf   0x000f52       data     static D:\jo\Ideonics\PIC_Projects\TATAMotors\Pressure_Display\PressureDisplay _v2\source\app.c
          usRegInputStart   0x000f56       data     static D:\jo\Ideonics\PIC_Projects\TATAMotors\Pressure_Display\PressureDisplay _v2\source\app.c
         usSndBufferCount   0x0006f2       data     static D:\jo\Ideonics\PIC_Projects\TATAMotors\Pressure_Display\PressureDisplay _v2\modbus\rtu\mbrtu.c
            xEventInQueue   0x0000ff       data     static D:\jo\Ideonics\PIC_Projects\TATAMotors\Pressure_Display\PressureDisplay _v2\modbus\portevent.c
            xFuncHandlers   0x000081       data     static D:\jo\Ideonics\PIC_Projects\TATAMotors\Pressure_Display\PressureDisplay _v2\modbus\mb.c



                              Symbols - Sorted by Address
                     Name    Address   Location    Storage File                     
                ---------  ---------  ---------  --------- ---------                
                   _entry   0x000000    program     extern E:\c18v3.46\pic18-lt\cxx-framework\src\traditional\startup\c018i.c
       ___return_lbl00000   0x000004    program     static                          
                   __init   0x000006    program     extern E:\c18v3.46\pic18-lt\cxx-framework\src\traditional\stdclib\__init.c
           high_interrupt   0x000008    program     extern D:\jo\Ideonics\PIC_Projects\TATAMotors\Pressure_Display\PressureDisplay _v2\source\interruptvector.c
           ___if_lbl00001   0x000010    program     static                          
           ___if_lbl00002   0x000018    program     static                          
           ___if_lbl00003   0x000020    program     static                          
           ___if_lbl00004   0x000028    program     static                          
       ___return_lbl00000   0x000030    program     static                          
           ___if_lbl00005   0x000030    program     static                          
         EnableInterrupts   0x000032    program     extern D:\jo\Ideonics\PIC_Projects\TATAMotors\Pressure_Display\PressureDisplay _v2\source\interruptvector.c
eMBFuncWriteHoldingRegister   0x0000be    program     extern D:\jo\Ideonics\PIC_Projects\TATAMotors\Pressure_Display\PressureDisplay _v2\modbus\functions\mbfuncholding.c
eMBFuncWriteMultipleHoldingRegister   0x0001ae    program     extern D:\jo\Ideonics\PIC_Projects\TATAMotors\Pressure_Display\PressureDisplay _v2\modbus\functions\mbfuncholding.c
eMBFuncReadHoldingRegister   0x00039c    program     extern D:\jo\Ideonics\PIC_Projects\TATAMotors\Pressure_Display\PressureDisplay _v2\modbus\functions\mbfuncholding.c
eMBFuncReadWriteMultipleHoldingRegister   0x0005de    program     extern D:\jo\Ideonics\PIC_Projects\TATAMotors\Pressure_Display\PressureDisplay _v2\modbus\functions\mbfuncholding.c
                 app_init   0x0009cc    program     extern D:\jo\Ideonics\PIC_Projects\TATAMotors\Pressure_Display\PressureDisplay _v2\source\app.c
                 app_task   0x000a68    program     extern D:\jo\Ideonics\PIC_Projects\TATAMotors\Pressure_Display\PressureDisplay _v2\source\app.c
               conversion   0x000d8a    program     extern D:\jo\Ideonics\PIC_Projects\TATAMotors\Pressure_Display\PressureDisplay _v2\source\app.c
[...]
                    TRISC   0x000f94       data     extern E:\c18v3.46\pic18-lt\cxx-framework\src\traditional\proc\p18f4620.asm
                TRISCbits   0x000f94       data     extern E:\c18v3.46\pic18-lt\cxx-framework\src\traditional\proc\p18f4620.asm
                TRISDbits   0x000f95       data     extern E:\c18v3.46\pic18-lt\cxx-framework\src\traditional\proc\p18f4620.asm
                    TRISD   0x000f95       data     extern E:\c18v3.46\pic18-lt\cxx-framework\src\traditional\proc\p18f4620.asm
                 DDRDbits   0x000f95       data     extern E:\c18v3.46\pic18-lt\cxx-framework\src\traditional\proc\p18f4620.asm
                     DDRD   0x000f95       data     extern E:\c18v3.46\pic18-lt\cxx-framework\src\traditional\proc\p18f4620.asm
                 DDREbits   0x000f96       data     extern E:\c18v3.46\pic18-lt\cxx-framework\src\traditional\proc\p18f4620.asm
                     DDRE   0x000f96       data     extern E:\c18v3.46\pic18-lt\cxx-framework\src\traditional\proc\p18f4620.asm
                    TRISE   0x000f96       data     extern E:\c18v3.46\pic18-lt\cxx-framework\src\traditional\proc\p18f4620.asm
                TRISEbits   0x000f96       data     extern E:\c18v3.46\pic18-lt\cxx-framework\src\traditional\proc\p18f4620.asm
              OSCTUNEbits   0x000f9b       data     extern E:\c18v3.46\pic18-lt\cxx-framework\src\traditional\proc\p18f4620.asm
                  OSCTUNE   0x000f9b       data     extern E:\c18v3.46\pic18-lt\cxx-framework\src\traditional\proc\p18f4620.asm
                 PIE1bits   0x000f9d       data     extern E:\c18v3.46\pic18-lt\cxx-framework\src\traditional\proc\p18f4620.asm
                     PIE1   0x000f9d       data     extern E:\c18v3.46\pic18-lt\cxx-framework\src\traditional\proc\p18f4620.asm
                     PIR1   0x000f9e       data     extern E:\c18v3.46\pic18-lt\cxx-framework\src\traditional\proc\p18f4620.asm
                 PIR1bits   0x000f9e       data     extern E:\c18v3.46\pic18-lt\cxx-framework\src\traditional\proc\p18f4620.asm
                     IPR1   0x000f9f       data     extern E:\c18v3.46\pic18-lt\cxx-framework\src\traditional\proc\p18f4620.asm
                 IPR1bits   0x000f9f       data     extern E:\c18v3.46\pic18-lt\cxx-framework\src\traditional\proc\p18f4620.asm
                     PIE2   0x000fa0       data     extern E:\c18v3.46\pic18-lt\cxx-framework\src\traditional\proc\p18f4620.asm
                 PIE2bits   0x000fa0       data     extern E:\c18v3.46\pic18-lt\cxx-framework\src\traditional\proc\p18f4620.asm
                     PIR2   0x000fa1       data     extern E:\c18v3.46\pic18-lt\cxx-framework\src\traditional\proc\p18f4620.asm
                 PIR2bits   0x000fa1       data     extern E:\c18v3.46\pic18-lt\cxx-framework\src\traditional\proc\p18f4620.asm
                     IPR2   0x000fa2       data     extern E:\c18v3.46\pic18-lt\cxx-framework\src\traditional\proc\p18f4620.asm
                 IPR2bits   0x000fa2       data     extern E:\c18v3.46\pic18-lt\cxx-framework\src\traditional\proc\p18f4620.asm
               EECON1bits   0x000fa6       data     extern E:\c18v3.46\pic18-lt\cxx-framework\src\traditional\proc\p18f4620.asm
                   EECON1   0x000fa6       data     extern E:\c18v3.46\pic18-lt\cxx-framework\src\traditional\proc\p18f4620.asm
                   EECON2   0x000fa7       data     extern E:\c18v3.46\pic18-lt\cxx-framework\src\traditional\proc\p18f4620.asm
                   EEDATA   0x000fa8       data     extern E:\c18v3.46\pic18-lt\cxx-framework\src\traditional\proc\p18f4620.asm
                    EEADR   0x000fa9       data     extern E:\c18v3.46\pic18-lt\cxx-framework\src\traditional\proc\p18f4620.asm
                   EEADRH   0x000faa       data     extern E:\c18v3.46\pic18-lt\cxx-framework\src\traditional\proc\p18f4620.asm
                    RCSTA   0x000fab       data     extern E:\c18v3.46\pic18-lt\cxx-framework\src\traditional\proc\p18f4620.asm
                RCSTAbits   0x000fab       data     extern E:\c18v3.46\pic18-lt\cxx-framework\src\traditional\proc\p18f4620.asm
                TXSTAbits   0x000fac       data     extern E:\c18v3.46\pic18-lt\cxx-framework\src\traditional\proc\p18f4620.asm
                    TXSTA   0x000fac       data     extern E:\c18v3.46\pic18-lt\cxx-framework\src\traditional\proc\p18f4620.asm
                    TXREG   0x000fad       data     extern E:\c18v3.46\pic18-lt\cxx-framework\src\traditional\proc\p18f4620.asm
                    RCREG   0x000fae       data     extern E:\c18v3.46\pic18-lt\cxx-framework\src\traditional\proc\p18f4620.asm
                    SPBRG   0x000faf       data     extern E:\c18v3.46\pic18-lt\cxx-framework\src\traditional\proc\p18f4620.asm
                   SPBRGH   0x000fb0       data     extern E:\c18v3.46\pic18-lt\cxx-framework\src\traditional\proc\p18f4620.asm
                T3CONbits   0x000fb1       data     extern E:\c18v3.46\pic18-lt\cxx-framework\src\traditional\proc\p18f4620.asm
                    T3CON   0x000fb1       data     extern E:\c18v3.46\pic18-lt\cxx-framework\src\traditional\proc\p18f4620.asm
                    TMR3L   0x000fb2       data     extern E:\c18v3.46\pic18-lt\cxx-framework\src\traditional\proc\p18f4620.asm
                    TMR3H   0x000fb3       data     extern E:\c18v3.46\pic18-lt\cxx-framework\src\traditional\proc\p18f4620.asm
                CMCONbits   0x000fb4       data     extern E:\c18v3.46\pic18-lt\cxx-framework\src\traditional\proc\p18f4620.asm
                    CMCON   0x000fb4       data     extern E:\c18v3.46\pic18-lt\cxx-framework\src\traditional\proc\p18f4620.asm
               CVRCONbits   0x000fb5       data     extern E:\c18v3.46\pic18-lt\cxx-framework\src\traditional\proc\p18f4620.asm
                   CVRCON   0x000fb5       data     extern E:\c18v3.46\pic18-lt\cxx-framework\src\traditional\proc\p18f4620.asm
                  ECCP1AS   0x000fb6       data     extern E:\c18v3.46\pic18-lt\cxx-framework\src\traditional\proc\p18f4620.asm
              ECCP1ASbits   0x000fb6       data     extern E:\c18v3.46\pic18-lt\cxx-framework\src\traditional\proc\p18f4620.asm
                  PWM1CON   0x000fb7       data     extern E:\c18v3.46\pic18-lt\cxx-framework\src\traditional\proc\p18f4620.asm
              PWM1CONbits   0x000fb7       data     extern E:\c18v3.46\pic18-lt\cxx-framework\src\traditional\proc\p18f4620.asm
                  BAUDCON   0x000fb8       data     extern E:\c18v3.46\pic18-lt\cxx-framework\src\traditional\proc\p18f4620.asm
              BAUDCONbits   0x000fb8       data     extern E:\c18v3.46\pic18-lt\cxx-framework\src\traditional\proc\p18f4620.asm
                  BAUDCTL   0x000fb8       data     extern E:\c18v3.46\pic18-lt\cxx-framework\src\traditional\proc\p18f4620.asm
              BAUDCTLbits   0x000fb8       data     extern E:\c18v3.46\pic18-lt\cxx-framework\src\traditional\proc\p18f4620.asm
              CCP2CONbits   0x000fba       data     extern E:\c18v3.46\pic18-lt\cxx-framework\src\traditional\proc\p18f4620.asm
                  CCP2CON   0x000fba       data     extern E:\c18v3.46\pic18-lt\cxx-framework\src\traditional\proc\p18f4620.asm
                    CCPR2   0x000fbb       data     extern E:\c18v3.46\pic18-lt\cxx-framework\src\traditional\proc\p18f4620.asm
                   CCPR2L   0x000fbb       data     extern E:\c18v3.46\pic18-lt\cxx-framework\src\traditional\proc\p18f4620.asm
                   CCPR2H   0x000fbc       data     extern E:\c18v3.46\pic18-lt\cxx-framework\src\traditional\proc\p18f4620.asm
              CCP1CONbits   0x000fbd       data     extern E:\c18v3.46\pic18-lt\cxx-framework\src\traditional\proc\p18f4620.asm
                  CCP1CON   0x000fbd       data     extern E:\c18v3.46\pic18-lt\cxx-framework\src\traditional\proc\p18f4620.asm
                    CCPR1   0x000fbe       data     extern E:\c18v3.46\pic18-lt\cxx-framework\src\traditional\proc\p18f4620.asm
                   CCPR1L   0x000fbe       data     extern E:\c18v3.46\pic18-lt\cxx-framework\src\traditional\proc\p18f4620.asm
                   CCPR1H   0x000fbf       data     extern E:\c18v3.46\pic18-lt\cxx-framework\src\traditional\proc\p18f4620.asm
               ADCON2bits   0x000fc0       data     extern E:\c18v3.46\pic18-lt\cxx-framework\src\traditional\proc\p18f4620.asm
                   ADCON2   0x000fc0       data     extern E:\c18v3.46\pic18-lt\cxx-framework\src\traditional\proc\p18f4620.asm
               ADCON1bits   0x000fc1       data     extern E:\c18v3.46\pic18-lt\cxx-framework\src\traditional\proc\p18f4620.asm
                   ADCON1   0x000fc1       data     extern E:\c18v3.46\pic18-lt\cxx-framework\src\traditional\proc\p18f4620.asm
                   ADCON0   0x000fc2       data     extern E:\c18v3.46\pic18-lt\cxx-framework\src\traditional\proc\p18f4620.asm
               ADCON0bits   0x000fc2       data     extern E:\c18v3.46\pic18-lt\cxx-framework\src\traditional\proc\p18f4620.asm
                    ADRES   0x000fc3       data     extern E:\c18v3.46\pic18-lt\cxx-framework\src\traditional\proc\p18f4620.asm
                   ADRESL   0x000fc3       data     extern E:\c18v3.46\pic18-lt\cxx-framework\src\traditional\proc\p18f4620.asm
                   ADRESH   0x000fc4       data     extern E:\c18v3.46\pic18-lt\cxx-framework\src\traditional\proc\p18f4620.asm
                  SSPCON2   0x000fc5       data     extern E:\c18v3.46\pic18-lt\cxx-framework\src\traditional\proc\p18f4620.asm
              SSPCON2bits   0x000fc5       data     extern E:\c18v3.46\pic18-lt\cxx-framework\src\traditional\proc\p18f4620.asm
                  SSPCON1   0x000fc6       data     extern E:\c18v3.46\pic18-lt\cxx-framework\src\traditional\proc\p18f4620.asm
              SSPCON1bits   0x000fc6       data     extern E:\c18v3.46\pic18-lt\cxx-framework\src\traditional\proc\p18f4620.asm
                  SSPSTAT   0x000fc7       data     extern E:\c18v3.46\pic18-lt\cxx-framework\src\traditional\proc\p18f4620.asm
              SSPSTATbits   0x000fc7       data     extern E:\c18v3.46\pic18-lt\cxx-framework\src\traditional\proc\p18f4620.asm
                   SSPADD   0x000fc8       data     extern E:\c18v3.46\pic18-lt\cxx-framework\src\traditional\proc\p18f4620.asm
                   SSPBUF   0x000fc9       data     extern E:\c18v3.46\pic18-lt\cxx-framework\src\traditional\proc\p18f4620.asm
                    T2CON   0x000fca       data     extern E:\c18v3.46\pic18-lt\cxx-framework\src\traditional\proc\p18f4620.asm
                T2CONbits   0x000fca       data     extern E:\c18v3.46\pic18-lt\cxx-framework\src\traditional\proc\p18f4620.asm
                      PR2   0x000fcb       data     extern E:\c18v3.46\pic18-lt\cxx-framework\src\traditional\proc\p18f4620.asm
                     TMR2   0x000fcc       data     extern E:\c18v3.46\pic18-lt\cxx-framework\src\traditional\proc\p18f4620.asm
                T1CONbits   0x000fcd       data     extern E:\c18v3.46\pic18-lt\cxx-framework\src\traditional\proc\p18f4620.asm
                    T1CON   0x000fcd       data     extern E:\c18v3.46\pic18-lt\cxx-framework\src\traditional\proc\p18f4620.asm
                    TMR1L   0x000fce       data     extern E:\c18v3.46\pic18-lt\cxx-framework\src\traditional\proc\p18f4620.asm
                    TMR1H   0x000fcf       data     extern E:\c18v3.46\pic18-lt\cxx-framework\src\traditional\proc\p18f4620.asm
                     RCON   0x000fd0       data     extern E:\c18v3.46\pic18-lt\cxx-framework\src\traditional\proc\p18f4620.asm
                 RCONbits   0x000fd0       data     extern E:\c18v3.46\pic18-lt\cxx-framework\src\traditional\proc\p18f4620.asm
               WDTCONbits   0x000fd1       data     extern E:\c18v3.46\pic18-lt\cxx-framework\src\traditional\proc\p18f4620.asm
                   WDTCON   0x000fd1       data     extern E:\c18v3.46\pic18-lt\cxx-framework\src\traditional\proc\p18f4620.asm
               LVDCONbits   0x000fd2       data     extern E:\c18v3.46\pic18-lt\cxx-framework\src\traditional\proc\p18f4620.asm
                   LVDCON   0x000fd2       data     extern E:\c18v3.46\pic18-lt\cxx-framework\src\traditional\proc\p18f4620.asm
              HLVDCONbits   0x000fd2       data     extern E:\c18v3.46\pic18-lt\cxx-framework\src\traditional\proc\p18f4620.asm
                  HLVDCON   0x000fd2       data     extern E:\c18v3.46\pic18-lt\cxx-framework\src\traditional\proc\p18f4620.asm
               OSCCONbits   0x000fd3       data     extern E:\c18v3.46\pic18-lt\cxx-framework\src\traditional\proc\p18f4620.asm
                   OSCCON   0x000fd3       data     extern E:\c18v3.46\pic18-lt\cxx-framework\src\traditional\proc\p18f4620.asm
                T0CONbits   0x000fd5       data     extern E:\c18v3.46\pic18-lt\cxx-framework\src\traditional\proc\p18f4620.asm
                    T0CON   0x000fd5       data     extern E:\c18v3.46\pic18-lt\cxx-framework\src\traditional\proc\p18f4620.asm
                    TMR0L   0x000fd6       data     extern E:\c18v3.46\pic18-lt\cxx-framework\src\traditional\proc\p18f4620.asm
                    TMR0H   0x000fd7       data     extern E:\c18v3.46\pic18-lt\cxx-framework\src\traditional\proc\p18f4620.asm
                   STATUS   0x000fd8       data     extern E:\c18v3.46\pic18-lt\cxx-framework\src\traditional\proc\p18f4620.asm
               STATUSbits   0x000fd8       data     extern E:\c18v3.46\pic18-lt\cxx-framework\src\traditional\proc\p18f4620.asm
                     FSR2   0x000fd9       data     extern E:\c18v3.46\pic18-lt\cxx-framework\src\traditional\proc\p18f4620.asm
                    FSR2L   0x000fd9       data     extern E:\c18v3.46\pic18-lt\cxx-framework\src\traditional\proc\p18f4620.asm
                    FSR2H   0x000fda       data     extern E:\c18v3.46\pic18-lt\cxx-framework\src\traditional\proc\p18f4620.asm
                   PLUSW2   0x000fdb       data     extern E:\c18v3.46\pic18-lt\cxx-framework\src\traditional\proc\p18f4620.asm
                  PREINC2   0x000fdc       data     extern E:\c18v3.46\pic18-lt\cxx-framework\src\traditional\proc\p18f4620.asm
                 POSTDEC2   0x000fdd       data     extern E:\c18v3.46\pic18-lt\cxx-framework\src\traditional\proc\p18f4620.asm
                 POSTINC2   0x000fde       data     extern E:\c18v3.46\pic18-lt\cxx-framework\src\traditional\proc\p18f4620.asm
                    INDF2   0x000fdf       data     extern E:\c18v3.46\pic18-lt\cxx-framework\src\traditional\proc\p18f4620.asm
                      BSR   0x000fe0       data     extern E:\c18v3.46\pic18-lt\cxx-framework\src\traditional\proc\p18f4620.asm
                     FSR1   0x000fe1       data     extern E:\c18v3.46\pic18-lt\cxx-framework\src\traditional\proc\p18f4620.asm
                    FSR1L   0x000fe1       data     extern E:\c18v3.46\pic18-lt\cxx-framework\src\traditional\proc\p18f4620.asm
                    FSR1H   0x000fe2       data     extern E:\c18v3.46\pic18-lt\cxx-framework\src\traditional\proc\p18f4620.asm
                   PLUSW1   0x000fe3       data     extern E:\c18v3.46\pic18-lt\cxx-framework\src\traditional\proc\p18f4620.asm
                  PREINC1   0x000fe4       data     extern E:\c18v3.46\pic18-lt\cxx-framework\src\traditional\proc\p18f4620.asm
                 POSTDEC1   0x000fe5       data     extern E:\c18v3.46\pic18-lt\cxx-framework\src\traditional\proc\p18f4620.asm
                 POSTINC1   0x000fe6       data     extern E:\c18v3.46\pic18-lt\cxx-framework\src\traditional\proc\p18f4620.asm
                    INDF1   0x000fe7       data     extern E:\c18v3.46\pic18-lt\cxx-framework\src\traditional\proc\p18f4620.asm
                        W   0x000fe8       data     extern E:\c18v3.46\pic18-lt\cxx-framework\src\traditional\proc\p18f4620.asm
                     WREG   0x000fe8       data     extern E:\c18v3.46\pic18-lt\cxx-framework\src\traditional\proc\p18f4620.asm
                    FSR0L   0x000fe9       data     extern E:\c18v3.46\pic18-lt\cxx-framework\src\traditional\proc\p18f4620.asm
                     FSR0   0x000fe9       data     extern E:\c18v3.46\pic18-lt\cxx-framework\src\traditional\proc\p18f4620.asm
                    FSR0H   0x000fea       data     extern E:\c18v3.46\pic18-lt\cxx-framework\src\traditional\proc\p18f4620.asm
                   PLUSW0   0x000feb       data     extern E:\c18v3.46\pic18-lt\cxx-framework\src\traditional\proc\p18f4620.asm
                  PREINC0   0x000fec       data     extern E:\c18v3.46\pic18-lt\cxx-framework\src\traditional\proc\p18f4620.asm
                 POSTDEC0   0x000fed       data     extern E:\c18v3.46\pic18-lt\cxx-framework\src\traditional\proc\p18f4620.asm
                 POSTINC0   0x000fee       data     extern E:\c18v3.46\pic18-lt\cxx-framework\src\traditional\proc\p18f4620.asm
                    INDF0   0x000fef       data     extern E:\c18v3.46\pic18-lt\cxx-framework\src\traditional\proc\p18f4620.asm
              INTCON3bits   0x000ff0       data     extern E:\c18v3.46\pic18-lt\cxx-framework\src\traditional\proc\p18f4620.asm
                  INTCON3   0x000ff0       data     extern E:\c18v3.46\pic18-lt\cxx-framework\src\traditional\proc\p18f4620.asm
                  INTCON2   0x000ff1       data     extern E:\c18v3.46\pic18-lt\cxx-framework\src\traditional\proc\p18f4620.asm
              INTCON2bits   0x000ff1       data     extern E:\c18v3.46\pic18-lt\cxx-framework\src\traditional\proc\p18f4620.asm
                   INTCON   0x000ff2       data     extern E:\c18v3.46\pic18-lt\cxx-framework\src\traditional\proc\p18f4620.asm
               INTCONbits   0x000ff2       data     extern E:\c18v3.46\pic18-lt\cxx-framework\src\traditional\proc\p18f4620.asm
                     PROD   0x000ff3       data     extern E:\c18v3.46\pic18-lt\cxx-framework\src\traditional\proc\p18f4620.asm
                    PRODL   0x000ff3       data     extern E:\c18v3.46\pic18-lt\cxx-framework\src\traditional\proc\p18f4620.asm
                    PRODH   0x000ff4       data     extern E:\c18v3.46\pic18-lt\cxx-framework\src\traditional\proc\p18f4620.asm
                   TABLAT   0x000ff5       data     extern E:\c18v3.46\pic18-lt\cxx-framework\src\traditional\proc\p18f4620.asm
                  TBLPTRL   0x000ff6       data     extern E:\c18v3.46\pic18-lt\cxx-framework\src\traditional\proc\p18f4620.asm
                   TBLPTR   0x000ff6       data     extern E:\c18v3.46\pic18-lt\cxx-framework\src\traditional\proc\p18f4620.asm
                  TBLPTRH   0x000ff7       data     extern E:\c18v3.46\pic18-lt\cxx-framework\src\traditional\proc\p18f4620.asm
                  TBLPTRU   0x000ff8       data     extern E:\c18v3.46\pic18-lt\cxx-framework\src\traditional\proc\p18f4620.asm
                       PC   0x000ff9       data     extern E:\c18v3.46\pic18-lt\cxx-framework\src\traditional\proc\p18f4620.asm
                      PCL   0x000ff9       data     extern E:\c18v3.46\pic18-lt\cxx-framework\src\traditional\proc\p18f4620.asm
                   PCLATH   0x000ffa       data     extern E:\c18v3.46\pic18-lt\cxx-framework\src\traditional\proc\p18f4620.asm
                   PCLATU   0x000ffb       data     extern E:\c18v3.46\pic18-lt\cxx-framework\src\traditional\proc\p18f4620.asm
                   STKPTR   0x000ffc       data     extern E:\c18v3.46\pic18-lt\cxx-framework\src\traditional\proc\p18f4620.asm
               STKPTRbits   0x000ffc       data     extern E:\c18v3.46\pic18-lt\cxx-framework\src\traditional\proc\p18f4620.asm
                      TOS   0x000ffd       data     extern E:\c18v3.46\pic18-lt\cxx-framework\src\traditional\proc\p18f4620.asm
                     TOSL   0x000ffd       data     extern E:\c18v3.46\pic18-lt\cxx-framework\src\traditional\proc\p18f4620.asm
                     TOSH   0x000ffe       data     extern E:\c18v3.46\pic18-lt\cxx-framework\src\traditional\proc\p18f4620.asm
                     TOSU   0x000fff       data     extern E:\c18v3.46\pic18-lt\cxx-framework\src\traditional\proc\p18f4620.asm


